[0.008s][info][gc] Using Serial
[9.774s][info][gc] GC(0) Pause Young (Allocation Failure) 266M->228M(966M) 242.543ms
[10.475s][info][gc] GC(1) Pause Young (Allocation Failure) 495M->405M(966M) 250.438ms
[10.795s][info][gc] GC(2) Pause Young (Allocation Failure) 672M->469M(966M) 167.138ms
[10.949s][info][gc] GC(3) Pause Young (Allocation Failure) 735M->735M(966M) 0.036ms
[11.469s][info][gc] GC(4) Pause Full (Allocation Failure) 735M->532M(966M) 520.114ms
[11.623s][info][gc] GC(5) Pause Young (Allocation Failure) 799M->799M(966M) 0.036ms
[12.181s][info][gc] GC(6) Pause Full (Allocation Failure) 799M->601M(966M) 557.707ms
[12.334s][info][gc] GC(7) Pause Young (Allocation Failure) 868M->868M(966M) 0.040ms
[12.953s][info][gc] GC(8) Pause Full (Allocation Failure) 868M->672M(966M) 619.255ms
[14.030s][info][gc] GC(9) Pause Full (Allocation Failure) 966M->730M(966M) 800.877ms
[14.759s][info][gc] GC(10) Pause Full (Allocation Failure) 966M->186M(966M) 290.665ms
[15.354s][info][gc] GC(11) Pause Young (Allocation Failure) 452M->407M(966M) 165.659ms
[15.660s][info][gc] GC(12) Pause Young (Allocation Failure) 674M->471M(966M) 145.673ms
[15.963s][info][gc] GC(13) Pause Young (Allocation Failure) 737M->535M(966M) 144.544ms
[16.124s][info][gc] GC(14) Pause Young (Allocation Failure) 801M->801M(966M) 0.035ms
[16.753s][info][gc] GC(15) Pause Full (Allocation Failure) 801M->598M(966M) 629.039ms
[16.934s][info][gc] GC(16) Pause Young (Allocation Failure) 865M->865M(966M) 0.031ms
[17.532s][info][gc] GC(17) Pause Full (Allocation Failure) 865M->670M(966M) 597.544ms
[18.620s][info][gc] GC(18) Pause Full (Allocation Failure) 966M->719M(966M) 803.097ms
[19.228s][info][gc] GC(19) Pause Full (Allocation Failure) 966M->118M(966M) 244.354ms
[19.901s][info][gc] GC(20) Pause Young (Allocation Failure) 384M->371M(966M) 186.386ms
[20.201s][info][gc] GC(21) Pause Young (Allocation Failure) 638M->444M(966M) 142.028ms
[20.508s][info][gc] GC(22) Pause Young (Allocation Failure) 711M->508M(966M) 151.351ms
[20.666s][info][gc] GC(23) Pause Young (Allocation Failure) 774M->774M(966M) 0.031ms
[21.198s][info][gc] GC(24) Pause Full (Allocation Failure) 774M->572M(966M) 531.427ms
[21.357s][info][gc] GC(25) Pause Young (Allocation Failure) 838M->838M(966M) 0.033ms
[21.939s][info][gc] GC(26) Pause Full (Allocation Failure) 838M->634M(966M) 582.063ms
[22.097s][info][gc] GC(27) Pause Young (Allocation Failure) 900M->900M(966M) 0.033ms
[22.860s][info][gc] GC(28) Pause Full (Allocation Failure) 900M->694M(966M) 763.047ms
[23.405s][info][gc] GC(29) Pause Full (Allocation Failure) 966M->79M(966M) 192.085ms
[24.180s][info][gc] GC(30) Pause Young (Allocation Failure) 346M->329M(966M) 173.951ms
[24.601s][info][gc] GC(31) Pause Young (Allocation Failure) 596M->450M(966M) 162.975ms
[24.894s][info][gc] GC(32) Pause Young (Allocation Failure) 717M->514M(966M) 147.489ms
[25.057s][info][gc] GC(33) Pause Young (Allocation Failure) 780M->780M(966M) 0.031ms
[25.565s][info][gc] GC(34) Pause Full (Allocation Failure) 780M->576M(966M) 508.404ms
[25.712s][info][gc] GC(35) Pause Young (Allocation Failure) 842M->842M(966M) 0.032ms
[26.270s][info][gc] GC(36) Pause Full (Allocation Failure) 842M->644M(966M) 557.658ms
[26.417s][info][gc] GC(37) Pause Young (Allocation Failure) 911M->911M(966M) 0.034ms
[27.197s][info][gc] GC(38) Pause Full (Allocation Failure) 911M->683M(966M) 780.373ms
[27.632s][info][gc] GC(39) Pause Full (Allocation Failure) 965M->27M(966M) 166.811ms
[28.417s][info][gc] GC(40) Pause Young (Allocation Failure) 290M->275M(966M) 176.640ms
[28.913s][info][gc] GC(41) Pause Young (Allocation Failure) 542M->420M(966M) 174.198ms
[29.214s][info][gc] GC(42) Pause Young (Allocation Failure) 687M->484M(966M) 147.818ms
[29.366s][info][gc] GC(43) Pause Young (Allocation Failure) 750M->750M(966M) 0.033ms
[29.879s][info][gc] GC(44) Pause Full (Allocation Failure) 750M->547M(966M) 513.383ms
[30.028s][info][gc] GC(45) Pause Young (Allocation Failure) 814M->814M(966M) 0.032ms
[30.578s][info][gc] GC(46) Pause Full (Allocation Failure) 814M->616M(966M) 550.865ms
[30.724s][info][gc] GC(47) Pause Young (Allocation Failure) 882M->882M(966M) 0.031ms
[31.487s][info][gc] GC(48) Pause Full (Allocation Failure) 882M->675M(966M) 762.379ms
[31.909s][info][gc] GC(49) Pause Full (Allocation Failure) 966M->4M(966M) 146.191ms
[32.734s][info][gc] GC(50) Pause Young (Allocation Failure) 270M->256M(966M) 177.969ms
[33.264s][info][gc] GC(51) Pause Young (Allocation Failure) 523M->415M(966M) 173.862ms
[33.564s][info][gc] GC(52) Pause Young (Allocation Failure) 682M->479M(966M) 147.350ms
[33.712s][info][gc] GC(53) Pause Young (Allocation Failure) 745M->745M(966M) 0.032ms
[34.203s][info][gc] GC(54) Pause Full (Allocation Failure) 745M->542M(966M) 490.855ms
[34.352s][info][gc] GC(55) Pause Young (Allocation Failure) 809M->809M(966M) 0.033ms
[34.899s][info][gc] GC(56) Pause Full (Allocation Failure) 809M->611M(966M) 547.192ms
[35.045s][info][gc] GC(57) Pause Young (Allocation Failure) 878M->878M(966M) 0.032ms
[35.780s][info][gc] GC(58) Pause Full (Allocation Failure) 878M->670M(966M) 735.474ms
[36.727s][info][gc] GC(59) Pause Full (Allocation Failure) 966M->740M(966M) 677.898ms
[37.651s][info][gc] GC(60) Pause Full (Allocation Failure) 966M->214M(966M) 313.686ms
[38.293s][info][gc] GC(61) Pause Young (Allocation Failure) 481M->421M(966M) 168.766ms
[38.586s][info][gc] GC(62) Pause Young (Allocation Failure) 688M->485M(966M) 147.270ms
[38.732s][info][gc] GC(63) Pause Young (Allocation Failure) 752M->752M(966M) 0.038ms
[39.238s][info][gc] GC(64) Pause Full (Allocation Failure) 752M->549M(966M) 505.598ms
[39.385s][info][gc] GC(65) Pause Young (Allocation Failure) 816M->816M(966M) 0.033ms
[40.059s][info][gc] GC(66) Pause Full (Allocation Failure) 816M->593M(966M) 673.357ms
[40.205s][info][gc] GC(67) Pause Young (Allocation Failure) 860M->860M(966M) 0.032ms
[40.817s][info][gc] GC(68) Pause Full (Allocation Failure) 860M->664M(966M) 612.325ms
[40.968s][info][gc] GC(69) Pause Young (Allocation Failure) 931M->931M(966M) 0.032ms
[41.637s][info][gc] GC(70) Pause Full (Allocation Failure) 931M->727M(966M) 669.587ms
[42.371s][info][gc] GC(71) Pause Full (Allocation Failure) 966M->135M(966M) 260.081ms
[43.168s][info][gc] GC(72) Pause Young (Allocation Failure) 402M->390M(966M) 184.904ms
[43.464s][info][gc] GC(73) Pause Young (Allocation Failure) 656M->453M(966M) 147.803ms
[43.756s][info][gc] GC(74) Pause Young (Allocation Failure) 720M->517M(966M) 145.167ms
[43.906s][info][gc] GC(75) Pause Young (Allocation Failure) 784M->784M(966M) 0.033ms
[44.544s][info][gc] GC(76) Pause Full (Allocation Failure) 784M->576M(966M) 638.775ms
[44.694s][info][gc] GC(77) Pause Young (Allocation Failure) 843M->843M(966M) 0.032ms
[45.274s][info][gc] GC(78) Pause Full (Allocation Failure) 843M->640M(966M) 579.819ms
[45.420s][info][gc] GC(79) Pause Young (Allocation Failure) 906M->906M(966M) 0.044ms
[46.085s][info][gc] GC(80) Pause Full (Allocation Failure) 906M->711M(966M) 665.388ms
[46.649s][info][gc] GC(81) Pause Full (Allocation Failure) 964M->84M(966M) 223.280ms
[47.440s][info][gc] GC(82) Pause Young (Allocation Failure) 351M->336M(966M) 174.394ms
[47.797s][info][gc] GC(83) Pause Young (Allocation Failure) 603M->437M(966M) 156.468ms
[48.092s][info][gc] GC(84) Pause Young (Allocation Failure) 702M->500M(966M) 142.755ms
[48.249s][info][gc] GC(85) Pause Young (Allocation Failure) 766M->766M(966M) 0.033ms
[48.867s][info][gc] GC(86) Pause Full (Allocation Failure) 766M->562M(966M) 617.459ms
[49.017s][info][gc] GC(87) Pause Young (Allocation Failure) 829M->829M(966M) 0.032ms
[49.604s][info][gc] GC(88) Pause Full (Allocation Failure) 829M->625M(966M) 586.618ms
[49.751s][info][gc] GC(89) Pause Young (Allocation Failure) 892M->892M(966M) 0.032ms
[50.370s][info][gc] GC(90) Pause Full (Allocation Failure) 892M->696M(966M) 619.345ms
[50.850s][info][gc] GC(91) Pause Full (Allocation Failure) 966M->41M(966M) 178.274ms
[51.636s][info][gc] GC(92) Pause Young (Allocation Failure) 308M->291M(966M) 175.788ms
[52.102s][info][gc] GC(93) Pause Young (Allocation Failure) 558M->426M(966M) 167.345ms
[52.393s][info][gc] GC(94) Pause Young (Allocation Failure) 693M->490M(966M) 144.945ms
[52.540s][info][gc] GC(95) Pause Young (Allocation Failure) 756M->756M(966M) 0.032ms
[53.150s][info][gc] GC(96) Pause Full (Allocation Failure) 756M->552M(966M) 609.749ms
[53.310s][info][gc] GC(97) Pause Young (Allocation Failure) 819M->819M(966M) 0.033ms
[53.881s][info][gc] GC(98) Pause Full (Allocation Failure) 819M->620M(966M) 571.142ms
[54.029s][info][gc] GC(99) Pause Young (Allocation Failure) 887M->887M(966M) 0.032ms
[54.658s][info][gc] GC(100) Pause Full (Allocation Failure) 887M->691M(966M) 629.570ms
[55.085s][info][gc] GC(101) Pause Full (Allocation Failure) 966M->12M(966M) 152.044ms
[55.886s][info][gc] GC(102) Pause Young (Allocation Failure) 279M->266M(966M) 176.331ms
[56.407s][info][gc] GC(103) Pause Young (Allocation Failure) 532M->420M(966M) 170.723ms
[56.555s][info][gc] GC(104) Pause Young (Allocation Failure) 687M->687M(966M) 0.033ms
[57.083s][info][gc] GC(105) Pause Full (Allocation Failure) 687M->480M(966M) 528.500ms
[57.231s][info][gc] GC(106) Pause Young (Allocation Failure) 747M->747M(966M) 0.032ms
[57.730s][info][gc] GC(107) Pause Full (Allocation Failure) 747M->547M(966M) 498.432ms
[57.879s][info][gc] GC(108) Pause Young (Allocation Failure) 813M->813M(966M) 0.034ms
[58.448s][info][gc] GC(109) Pause Full (Allocation Failure) 813M->615M(966M) 568.458ms
[58.611s][info][gc] GC(110) Pause Young (Allocation Failure) 882M->882M(966M) 0.032ms
[59.234s][info][gc] GC(111) Pause Full (Allocation Failure) 882M->686M(966M) 623.546ms
[60.261s][info][gc] GC(112) Pause Full (Allocation Failure) 966M->738M(966M) 758.945ms
[61.172s][info][gc] GC(113) Pause Full (Allocation Failure) 966M->193M(966M) 307.485ms
[61.850s][info][gc] GC(114) Pause Young (Allocation Failure) 460M->407M(966M) 177.938ms
[62.151s][info][gc] GC(115) Pause Young (Allocation Failure) 674M->471M(966M) 146.853ms
[62.299s][info][gc] GC(116) Pause Young (Allocation Failure) 738M->738M(966M) 0.032ms
[62.806s][info][gc] GC(117) Pause Full (Allocation Failure) 738M->534M(966M) 506.794ms
[62.953s][info][gc] GC(118) Pause Young (Allocation Failure) 801M->801M(966M) 0.047ms
[63.510s][info][gc] GC(119) Pause Full (Allocation Failure) 801M->603M(966M) 557.126ms
[63.657s][info][gc] GC(120) Pause Young (Allocation Failure) 870M->870M(966M) 0.032ms
[64.392s][info][gc] GC(121) Pause Full (Allocation Failure) 870M->655M(966M) 734.846ms
[64.543s][info][gc] GC(122) Pause Young (Allocation Failure) 922M->922M(966M) 0.032ms
[65.212s][info][gc] GC(123) Pause Full (Allocation Failure) 922M->719M(966M) 668.970ms
[65.917s][info][gc] GC(124) Pause Full (Allocation Failure) 966M->136M(966M) 260.313ms
[66.711s][info][gc] GC(125) Pause Young (Allocation Failure) 403M->390M(966M) 185.077ms
[67.005s][info][gc] GC(126) Pause Young (Allocation Failure) 656M->453M(966M) 146.349ms
[67.156s][info][gc] GC(127) Pause Young (Allocation Failure) 720M->720M(966M) 0.033ms
[67.648s][info][gc] GC(128) Pause Full (Allocation Failure) 720M->517M(966M) 491.531ms
[67.795s][info][gc] GC(129) Pause Young (Allocation Failure) 784M->784M(966M) 0.034ms
[68.440s][info][gc] GC(130) Pause Full (Allocation Failure) 784M->576M(966M) 645.537ms
[68.598s][info][gc] GC(131) Pause Young (Allocation Failure) 843M->843M(966M) 0.057ms
[69.195s][info][gc] GC(132) Pause Full (Allocation Failure) 843M->640M(966M) 596.668ms
[69.346s][info][gc] GC(133) Pause Young (Allocation Failure) 906M->906M(966M) 0.032ms
[69.994s][info][gc] GC(134) Pause Full (Allocation Failure) 906M->711M(966M) 647.641ms
[70.572s][info][gc] GC(135) Pause Full (Allocation Failure) 964M->84M(966M) 217.748ms
[71.356s][info][gc] GC(136) Pause Young (Allocation Failure) 351M->336M(966M) 174.117ms
[71.714s][info][gc] GC(137) Pause Young (Allocation Failure) 603M->437M(966M) 160.022ms
[71.868s][info][gc] GC(138) Pause Young (Allocation Failure) 702M->702M(966M) 0.032ms
[72.470s][info][gc] GC(139) Pause Full (Allocation Failure) 702M->498M(966M) 602.599ms
[72.632s][info][gc] GC(140) Pause Young (Allocation Failure) 764M->764M(966M) 0.041ms
[73.181s][info][gc] GC(141) Pause Full (Allocation Failure) 764M->565M(966M) 549.819ms
[73.344s][info][gc] GC(142) Pause Young (Allocation Failure) 832M->832M(966M) 0.044ms
[73.955s][info][gc] GC(143) Pause Full (Allocation Failure) 832M->628M(966M) 611.429ms
[74.119s][info][gc] GC(144) Pause Young (Allocation Failure) 895M->895M(966M) 0.035ms
[74.775s][info][gc] GC(145) Pause Full (Allocation Failure) 895M->699M(966M) 655.453ms
[75.246s][info][gc] GC(146) Pause Full (Allocation Failure) 966M->39M(966M) 180.478ms
[76.042s][info][gc] GC(147) Pause Young (Allocation Failure) 305M->287M(966M) 179.253ms
[76.530s][info][gc] GC(148) Pause Young (Allocation Failure) 554M->425M(966M) 176.335ms
[76.682s][info][gc] GC(149) Pause Young (Allocation Failure) 691M->691M(966M) 0.034ms
[77.172s][info][gc] GC(150) Pause Full (Allocation Failure) 691M->488M(966M) 489.785ms
[77.323s][info][gc] GC(151) Pause Young (Allocation Failure) 755M->755M(966M) 0.036ms
[77.834s][info][gc] GC(152) Pause Full (Allocation Failure) 755M->555M(966M) 510.923ms
[77.989s][info][gc] GC(153) Pause Young (Allocation Failure) 822M->822M(966M) 0.033ms
[78.559s][info][gc] GC(154) Pause Full (Allocation Failure) 822M->624M(966M) 569.692ms
[78.704s][info][gc] GC(155) Pause Young (Allocation Failure) 890M->890M(966M) 0.032ms
[79.506s][info][gc] GC(156) Pause Full (Allocation Failure) 890M->679M(966M) 801.187ms
[79.929s][info][gc] GC(157) Pause Full (Allocation Failure) 966M->13M(966M) 156.158ms
[80.732s][info][gc] GC(158) Pause Young (Allocation Failure) 280M->266M(966M) 182.311ms
[81.242s][info][gc] GC(159) Pause Young (Allocation Failure) 532M->417M(966M) 171.242ms
[81.388s][info][gc] GC(160) Pause Young (Allocation Failure) 684M->684M(966M) 0.032ms
[81.867s][info][gc] GC(161) Pause Full (Allocation Failure) 684M->481M(966M) 479.070ms
[82.019s][info][gc] GC(162) Pause Young (Allocation Failure) 748M->748M(966M) 0.032ms
[82.521s][info][gc] GC(163) Pause Full (Allocation Failure) 748M->548M(966M) 502.306ms
[82.668s][info][gc] GC(164) Pause Young (Allocation Failure) 814M->814M(966M) 0.033ms
[83.335s][info][gc] GC(165) Pause Full (Allocation Failure) 814M->608M(966M) 666.875ms
[83.485s][info][gc] GC(166) Pause Young (Allocation Failure) 875M->875M(966M) 0.035ms
[84.095s][info][gc] GC(167) Pause Full (Allocation Failure) 875M->679M(966M) 610.339ms
[85.047s][info][gc] GC(168) Pause Full (Allocation Failure) 966M->747M(966M) 680.375ms
[85.913s][info][gc] GC(169) Pause Full (Allocation Failure) 966M->215M(966M) 305.614ms
[86.582s][info][gc] GC(170) Pause Young (Allocation Failure) 482M->429M(966M) 172.239ms
[86.729s][info][gc] GC(171) Pause Young (Allocation Failure) 696M->696M(966M) 0.032ms
[87.262s][info][gc] GC(172) Pause Full (Allocation Failure) 696M->464M(966M) 533.573ms
[87.422s][info][gc] GC(173) Pause Young (Allocation Failure) 731M->731M(966M) 0.034ms
[87.929s][info][gc] GC(174) Pause Full (Allocation Failure) 731M->531M(966M) 506.574ms
[88.079s][info][gc] GC(175) Pause Young (Allocation Failure) 797M->797M(966M) 0.032ms
[88.637s][info][gc] GC(176) Pause Full (Allocation Failure) 797M->599M(966M) 557.679ms
[88.783s][info][gc] GC(177) Pause Young (Allocation Failure) 866M->866M(966M) 0.033ms
[89.393s][info][gc] GC(178) Pause Full (Allocation Failure) 866M->670M(966M) 610.172ms
[90.409s][info][gc] GC(179) Pause Full (Allocation Failure) 966M->726M(966M) 742.063ms
[91.174s][info][gc] GC(180) Pause Full (Allocation Failure) 966M->158M(966M) 277.585ms
[91.928s][info][gc] GC(181) Pause Young (Allocation Failure) 425M->395M(966M) 173.569ms
[92.227s][info][gc] GC(182) Pause Young (Allocation Failure) 662M->459M(966M) 144.616ms
[92.370s][info][gc] GC(183) Pause Young (Allocation Failure) 725M->725M(966M) 0.032ms
[92.866s][info][gc] GC(184) Pause Full (Allocation Failure) 725M->523M(966M) 495.177ms
[93.012s][info][gc] GC(185) Pause Young (Allocation Failure) 789M->789M(966M) 0.032ms
[93.559s][info][gc] GC(186) Pause Full (Allocation Failure) 789M->591M(966M) 547.386ms
[93.714s][info][gc] GC(187) Pause Young (Allocation Failure) 858M->858M(966M) 0.035ms
[94.450s][info][gc] GC(188) Pause Full (Allocation Failure) 858M->646M(966M) 735.423ms
[94.616s][info][gc] GC(189) Pause Young (Allocation Failure) 913M->913M(966M) 0.032ms
[95.493s][info][gc] GC(190) Pause Full (Allocation Failure) 913M->709M(966M) 877.043ms
[96.194s][info][gc] GC(191) Pause Full (Allocation Failure) 966M->109M(966M) 257.731ms
[97.050s][info][gc] GC(192) Pause Young (Allocation Failure) 375M->364M(966M) 189.928ms
[97.354s][info][gc] GC(193) Pause Young (Allocation Failure) 630M->445M(966M) 154.477ms
[97.503s][info][gc] GC(194) Pause Young (Allocation Failure) 711M->711M(966M) 0.037ms
[97.996s][info][gc] GC(195) Pause Full (Allocation Failure) 711M->509M(966M) 492.725ms
[98.148s][info][gc] GC(196) Pause Young (Allocation Failure) 775M->775M(966M) 0.040ms
[98.809s][info][gc] GC(197) Pause Full (Allocation Failure) 775M->569M(966M) 660.502ms
[98.975s][info][gc] GC(198) Pause Young (Allocation Failure) 836M->836M(966M) 0.032ms
[99.575s][info][gc] GC(199) Pause Full (Allocation Failure) 836M->633M(966M) 599.462ms
[99.721s][info][gc] GC(200) Pause Young (Allocation Failure) 899M->899M(966M) 0.042ms
[100.378s][info][gc] GC(201) Pause Full (Allocation Failure) 899M->704M(966M) 657.334ms
[100.865s][info][gc] GC(202) Pause Full (Allocation Failure) 966M->64M(966M) 202.456ms
[101.531s][info][gc] GC(203) Pause Young (Allocation Failure) 330M->316M(966M) 190.370ms
[101.921s][info][gc] GC(204) Pause Young (Allocation Failure) 582M->432M(966M) 163.630ms
[102.070s][info][gc] GC(205) Pause Young (Allocation Failure) 699M->699M(966M) 0.038ms
[102.651s][info][gc] GC(206) Pause Full (Allocation Failure) 699M->494M(966M) 581.073ms
[102.793s][info][gc] GC(207) Pause Young (Allocation Failure) 754M->754M(966M) 0.045ms
[103.321s][info][gc] GC(208) Pause Full (Allocation Failure) 754M->558M(966M) 528.478ms
[103.468s][info][gc] GC(209) Pause Young (Allocation Failure) 825M->825M(966M) 0.037ms
[104.061s][info][gc] GC(210) Pause Full (Allocation Failure) 825M->626M(966M) 593.249ms
[104.207s][info][gc] GC(211) Pause Young (Allocation Failure) 893M->893M(966M) 0.038ms
[104.836s][info][gc] GC(212) Pause Full (Allocation Failure) 893M->698M(966M) 628.823ms
[105.249s][info][gc] GC(213) Pause Full (Allocation Failure) 966M->15M(966M) 161.432ms
[105.934s][info][gc] GC(214) Pause Young (Allocation Failure) 281M->269M(966M) 186.465ms
[106.416s][info][gc] GC(215) Pause Young (Allocation Failure) 535M->418M(966M) 179.346ms
[106.571s][info][gc] GC(216) Pause Young (Allocation Failure) 685M->685M(966M) 0.038ms
[107.039s][info][gc] GC(217) Pause Full (Allocation Failure) 685M->482M(966M) 468.274ms
[107.190s][info][gc] GC(218) Pause Young (Allocation Failure) 749M->749M(966M) 0.037ms
[107.706s][info][gc] GC(219) Pause Full (Allocation Failure) 749M->549M(966M) 516.358ms
[107.855s][info][gc] GC(220) Pause Young (Allocation Failure) 815M->815M(966M) 0.037ms
[108.455s][info][gc] GC(221) Pause Full (Allocation Failure) 815M->617M(966M) 599.275ms
[108.614s][info][gc] GC(222) Pause Young (Allocation Failure) 884M->884M(966M) 0.033ms
[109.364s][info][gc] GC(223) Pause Full (Allocation Failure) 884M->673M(966M) 750.110ms
[110.340s][info][gc] GC(224) Pause Full (Allocation Failure) 966M->743M(966M) 701.401ms
[111.150s][info][gc] GC(225) Pause Full (Allocation Failure) 966M->208M(966M) 320.332ms
[111.696s][info][gc] GC(226) Pause Young (Allocation Failure) 475M->411M(966M) 170.636ms
[111.840s][info][gc] GC(227) Pause Young (Allocation Failure) 677M->677M(966M) 0.037ms
[112.317s][info][gc] GC(228) Pause Full (Allocation Failure) 677M->474M(966M) 476.444ms
[112.474s][info][gc] GC(229) Pause Young (Allocation Failure) 741M->741M(966M) 0.037ms
[113.113s][info][gc] GC(230) Pause Full (Allocation Failure) 741M->531M(966M) 639.502ms
[113.266s][info][gc] GC(231) Pause Young (Allocation Failure) 798M->798M(966M) 0.037ms
[113.843s][info][gc] GC(232) Pause Full (Allocation Failure) 798M->599M(966M) 576.194ms
[113.989s][info][gc] GC(233) Pause Young (Allocation Failure) 866M->866M(966M) 0.037ms
[114.620s][info][gc] GC(234) Pause Full (Allocation Failure) 866M->671M(966M) 629.970ms
[115.660s][info][gc] GC(235) Pause Full (Allocation Failure) 966M->741M(966M) 758.001ms
[116.366s][info][gc] GC(236) Pause Full (Allocation Failure) 966M->158M(966M) 295.108ms
[117.019s][info][gc] GC(237) Pause Young (Allocation Failure) 425M->395M(966M) 174.326ms
[117.310s][info][gc] GC(238) Pause Young (Allocation Failure) 662M->459M(966M) 144.628ms
[117.471s][info][gc] GC(239) Pause Young (Allocation Failure) 725M->725M(966M) 0.038ms
[117.970s][info][gc] GC(240) Pause Full (Allocation Failure) 725M->523M(966M) 498.671ms
[118.118s][info][gc] GC(241) Pause Young (Allocation Failure) 789M->789M(966M) 0.036ms
[118.683s][info][gc] GC(242) Pause Full (Allocation Failure) 789M->591M(966M) 564.594ms
[118.831s][info][gc] GC(243) Pause Young (Allocation Failure) 858M->858M(966M) 0.039ms
[119.450s][info][gc] GC(244) Pause Full (Allocation Failure) 858M->662M(966M) 619.001ms
[119.601s][info][gc] GC(245) Pause Young (Allocation Failure) 929M->929M(966M) 0.038ms
[120.404s][info][gc] GC(246) Pause Full (Allocation Failure) 929M->709M(966M) 803.519ms
[120.976s][info][gc] GC(247) Pause Full (Allocation Failure) 966M->108M(966M) 235.547ms
[121.681s][info][gc] GC(248) Pause Young (Allocation Failure) 375M->363M(966M) 232.108ms
[122.017s][info][gc] GC(249) Pause Young (Allocation Failure) 630M->445M(966M) 181.888ms
[122.166s][info][gc] GC(250) Pause Young (Allocation Failure) 711M->711M(966M) 0.036ms
[122.662s][info][gc] GC(251) Pause Full (Allocation Failure) 711M->509M(966M) 496.064ms
[122.811s][info][gc] GC(252) Pause Young (Allocation Failure) 775M->775M(966M) 0.037ms
[123.332s][info][gc] GC(253) Pause Full (Allocation Failure) 775M->577M(966M) 520.397ms
[123.485s][info][gc] GC(254) Pause Young (Allocation Failure) 844M->844M(966M) 0.034ms
[124.205s][info][gc] GC(255) Pause Full (Allocation Failure) 844M->632M(966M) 719.216ms
[124.388s][info][gc] GC(256) Pause Young (Allocation Failure) 899M->899M(966M) 0.042ms
[125.163s][info][gc] GC(257) Pause Full (Allocation Failure) 899M->704M(966M) 775.409ms
[125.707s][info][gc] GC(258) Pause Full (Allocation Failure) 966M->63M(966M) 221.319ms
[126.585s][info][gc] GC(259) Pause Young (Allocation Failure) 330M->315M(966M) 220.318ms
[127.037s][info][gc] GC(260) Pause Young (Allocation Failure) 582M->432M(966M) 201.103ms
[127.199s][info][gc] GC(261) Pause Young (Allocation Failure) 699M->699M(966M) 0.033ms
[127.683s][info][gc] GC(262) Pause Full (Allocation Failure) 699M->496M(966M) 483.687ms
[127.831s][info][gc] GC(263) Pause Young (Allocation Failure) 756M->756M(966M) 0.032ms
[128.445s][info][gc] GC(264) Pause Full (Allocation Failure) 756M->555M(966M) 613.905ms
[128.592s][info][gc] GC(265) Pause Young (Allocation Failure) 822M->822M(966M) 0.047ms
[129.171s][info][gc] GC(266) Pause Full (Allocation Failure) 822M->623M(966M) 578.047ms
[129.326s][info][gc] GC(267) Pause Young (Allocation Failure) 890M->890M(966M) 0.036ms
[129.977s][info][gc] GC(268) Pause Full (Allocation Failure) 890M->694M(966M) 651.581ms
[130.395s][info][gc] GC(269) Pause Full (Allocation Failure) 966M->18M(966M) 163.051ms
[131.099s][info][gc] GC(270) Pause Young (Allocation Failure) 284M->272M(966M) 182.066ms
[131.553s][info][gc] GC(271) Pause Young (Allocation Failure) 538M->419M(966M) 174.504ms
[131.699s][info][gc] GC(272) Pause Young (Allocation Failure) 686M->686M(966M) 0.033ms
[132.343s][info][gc] GC(273) Pause Full (Allocation Failure) 686M->482M(966M) 643.631ms
[132.549s][info][gc] GC(274) Pause Young (Allocation Failure) 749M->749M(966M) 0.045ms
[133.069s][info][gc] GC(275) Pause Full (Allocation Failure) 749M->549M(966M) 519.925ms
[133.223s][info][gc] GC(276) Pause Young (Allocation Failure) 816M->816M(966M) 0.036ms
[133.800s][info][gc] GC(277) Pause Full (Allocation Failure) 816M->617M(966M) 577.092ms
[133.950s][info][gc] GC(278) Pause Young (Allocation Failure) 884M->884M(966M) 0.037ms
[134.585s][info][gc] GC(279) Pause Full (Allocation Failure) 884M->689M(966M) 634.947ms
[135.627s][info][gc] GC(280) Pause Full (Allocation Failure) 966M->740M(966M) 762.475ms
[136.410s][info][gc] GC(281) Pause Full (Allocation Failure) 966M->199M(966M) 315.724ms
[136.985s][info][gc] GC(282) Pause Young (Allocation Failure) 466M->408M(966M) 177.386ms
[137.138s][info][gc] GC(283) Pause Young (Allocation Failure) 675M->675M(966M) 0.038ms
[137.643s][info][gc] GC(284) Pause Full (Allocation Failure) 675M->472M(966M) 505.786ms
[137.799s][info][gc] GC(285) Pause Young (Allocation Failure) 739M->739M(966M) 0.033ms
[138.350s][info][gc] GC(286) Pause Full (Allocation Failure) 739M->539M(966M) 550.646ms
[138.520s][info][gc] GC(287) Pause Young (Allocation Failure) 806M->806M(966M) 0.032ms
[139.234s][info][gc] GC(288) Pause Full (Allocation Failure) 806M->593M(966M) 713.951ms
[139.382s][info][gc] GC(289) Pause Young (Allocation Failure) 859M->859M(966M) 0.033ms
[140.011s][info][gc] GC(290) Pause Full (Allocation Failure) 859M->664M(966M) 629.196ms
[140.172s][info][gc] GC(291) Pause Young (Allocation Failure) 930M->930M(966M) 0.036ms
[140.882s][info][gc] GC(292) Pause Full (Allocation Failure) 930M->727M(966M) 710.052ms
[141.636s][info][gc] GC(293) Pause Full (Allocation Failure) 966M->133M(966M) 270.358ms
[142.445s][info][gc] GC(294) Pause Young (Allocation Failure) 400M->389M(966M) 180.488ms
[142.737s][info][gc] GC(295) Pause Young (Allocation Failure) 656M->453M(966M) 145.334ms
[142.883s][info][gc] GC(296) Pause Young (Allocation Failure) 720M->720M(966M) 0.032ms
[143.457s][info][gc] GC(297) Pause Full (Allocation Failure) 720M->512M(966M) 573.681ms
[143.607s][info][gc] GC(298) Pause Young (Allocation Failure) 779M->779M(966M) 0.033ms
[144.150s][info][gc] GC(299) Pause Full (Allocation Failure) 779M->581M(966M) 543.051ms
[144.302s][info][gc] GC(300) Pause Young (Allocation Failure) 847M->847M(966M) 0.032ms
[144.912s][info][gc] GC(301) Pause Full (Allocation Failure) 847M->644M(966M) 610.192ms
[145.066s][info][gc] GC(302) Pause Young (Allocation Failure) 910M->910M(966M) 0.032ms
[145.723s][info][gc] GC(303) Pause Full (Allocation Failure) 910M->715M(966M) 657.023ms
[146.288s][info][gc] GC(304) Pause Full (Allocation Failure) 966M->80M(966M) 216.025ms
[147.091s][info][gc] GC(305) Pause Young (Allocation Failure) 347M->332M(966M) 190.935ms
[147.459s][info][gc] GC(306) Pause Young (Allocation Failure) 599M->436M(966M) 159.786ms
[147.609s][info][gc] GC(307) Pause Young (Allocation Failure) 703M->703M(966M) 0.033ms
[148.085s][info][gc] GC(308) Pause Full (Allocation Failure) 703M->500M(966M) 476.130ms
[148.232s][info][gc] GC(309) Pause Young (Allocation Failure) 766M->766M(966M) 0.033ms
[148.757s][info][gc] GC(310) Pause Full (Allocation Failure) 766M->567M(966M) 525.568ms
[148.911s][info][gc] GC(311) Pause Young (Allocation Failure) 834M->834M(966M) 0.032ms
[149.496s][info][gc] GC(312) Pause Full (Allocation Failure) 834M->630M(966M) 585.491ms
[149.644s][info][gc] GC(313) Pause Young (Allocation Failure) 897M->897M(966M) 0.032ms
[150.407s][info][gc] GC(314) Pause Full (Allocation Failure) 897M->689M(966M) 763.532ms
[150.901s][info][gc] GC(315) Pause Full (Allocation Failure) 966M->48M(966M) 184.880ms
[151.678s][info][gc] GC(316) Pause Young (Allocation Failure) 315M->298M(966M) 174.218ms
[152.235s][info][gc] GC(317) Pause Young (Allocation Failure) 564M->428M(966M) 214.348ms
[152.388s][info][gc] GC(318) Pause Young (Allocation Failure) 694M->694M(966M) 0.034ms
[152.863s][info][gc] GC(319) Pause Full (Allocation Failure) 694M->491M(966M) 475.015ms
[153.021s][info][gc] GC(320) Pause Young (Allocation Failure) 758M->758M(966M) 0.034ms
[153.549s][info][gc] GC(321) Pause Full (Allocation Failure) 758M->558M(966M) 528.315ms
[153.697s][info][gc] GC(322) Pause Young (Allocation Failure) 825M->825M(966M) 0.032ms
[154.391s][info][gc] GC(323) Pause Full (Allocation Failure) 825M->617M(966M) 693.839ms
[154.542s][info][gc] GC(324) Pause Young (Allocation Failure) 884M->884M(966M) 0.041ms
[155.202s][info][gc] GC(325) Pause Full (Allocation Failure) 884M->688M(966M) 660.600ms
[155.656s][info][gc] GC(326) Pause Full (Allocation Failure) 966M->18M(966M) 163.627ms
[156.488s][info][gc] GC(327) Pause Young (Allocation Failure) 285M->272M(966M) 186.720ms
[157.072s][info][gc] GC(328) Pause Young (Allocation Failure) 539M->419M(966M) 206.817ms
[157.224s][info][gc] GC(329) Pause Young (Allocation Failure) 686M->686M(966M) 0.034ms
[157.693s][info][gc] GC(330) Pause Full (Allocation Failure) 686M->483M(966M) 468.957ms
[157.850s][info][gc] GC(331) Pause Young (Allocation Failure) 749M->749M(966M) 0.032ms
[158.501s][info][gc] GC(332) Pause Full (Allocation Failure) 749M->546M(966M) 650.686ms
[158.658s][info][gc] GC(333) Pause Young (Allocation Failure) 813M->813M(966M) 0.033ms
[159.245s][info][gc] GC(334) Pause Full (Allocation Failure) 813M->614M(966M) 586.996ms
[159.396s][info][gc] GC(335) Pause Young (Allocation Failure) 881M->881M(966M) 0.034ms
[160.044s][info][gc] GC(336) Pause Full (Allocation Failure) 881M->686M(966M) 648.207ms
[161.018s][info][gc] GC(337) Pause Full (Allocation Failure) 966M->752M(966M) 703.306ms
[161.932s][info][gc] GC(338) Pause Full (Allocation Failure) 966M->190M(966M) 314.365ms
[162.626s][info][gc] GC(339) Pause Young (Allocation Failure) 456M->406M(966M) 183.545ms
[162.779s][info][gc] GC(340) Pause Young (Allocation Failure) 673M->673M(966M) 0.032ms
[163.246s][info][gc] GC(341) Pause Full (Allocation Failure) 673M->470M(966M) 467.063ms
[163.398s][info][gc] GC(342) Pause Young (Allocation Failure) 737M->737M(966M) 0.033ms
[163.927s][info][gc] GC(343) Pause Full (Allocation Failure) 737M->537M(966M) 528.721ms
[164.083s][info][gc] GC(344) Pause Young (Allocation Failure) 803M->803M(966M) 0.044ms
[164.663s][info][gc] GC(345) Pause Full (Allocation Failure) 803M->605M(966M) 580.676ms
[164.820s][info][gc] GC(346) Pause Young (Allocation Failure) 872M->872M(966M) 0.033ms
[165.590s][info][gc] GC(347) Pause Full (Allocation Failure) 872M->655M(966M) 770.135ms
[165.751s][info][gc] GC(348) Pause Young (Allocation Failure) 921M->921M(966M) 0.033ms
[166.433s][info][gc] GC(349) Pause Full (Allocation Failure) 921M->718M(966M) 682.348ms
[167.122s][info][gc] GC(350) Pause Full (Allocation Failure) 966M->133M(966M) 257.825ms
[167.935s][info][gc] GC(351) Pause Young (Allocation Failure) 400M->389M(966M) 182.177ms
[168.229s][info][gc] GC(352) Pause Young (Allocation Failure) 656M->453M(966M) 147.702ms
[168.374s][info][gc] GC(353) Pause Young (Allocation Failure) 720M->720M(966M) 0.033ms
[168.860s][info][gc] GC(354) Pause Full (Allocation Failure) 720M->517M(966M) 485.167ms
[169.007s][info][gc] GC(355) Pause Young (Allocation Failure) 783M->783M(966M) 0.032ms
[169.647s][info][gc] GC(356) Pause Full (Allocation Failure) 783M->576M(966M) 640.037ms
[169.799s][info][gc] GC(357) Pause Young (Allocation Failure) 843M->843M(966M) 0.032ms
[170.392s][info][gc] GC(358) Pause Full (Allocation Failure) 843M->639M(966M) 592.710ms
[170.539s][info][gc] GC(359) Pause Young (Allocation Failure) 906M->906M(966M) 0.032ms
[171.180s][info][gc] GC(360) Pause Full (Allocation Failure) 906M->710M(966M) 641.781ms
[171.739s][info][gc] GC(361) Pause Full (Allocation Failure) 965M->84M(966M) 214.866ms
[172.525s][info][gc] GC(362) Pause Young (Allocation Failure) 351M->336M(966M) 173.274ms
[172.880s][info][gc] GC(363) Pause Young (Allocation Failure) 603M->437M(966M) 157.309ms
[173.024s][info][gc] GC(364) Pause Young (Allocation Failure) 702M->702M(966M) 0.032ms
[173.592s][info][gc] GC(365) Pause Full (Allocation Failure) 702M->498M(966M) 567.535ms
[173.737s][info][gc] GC(366) Pause Young (Allocation Failure) 764M->764M(966M) 0.034ms
[174.301s][info][gc] GC(367) Pause Full (Allocation Failure) 764M->565M(966M) 564.291ms
[174.462s][info][gc] GC(368) Pause Young (Allocation Failure) 832M->832M(966M) 0.032ms
[175.113s][info][gc] GC(369) Pause Full (Allocation Failure) 832M->628M(966M) 650.991ms
[175.266s][info][gc] GC(370) Pause Young (Allocation Failure) 895M->895M(966M) 0.033ms
[175.943s][info][gc] GC(371) Pause Full (Allocation Failure) 895M->699M(966M) 677.461ms
[176.401s][info][gc] GC(372) Pause Full (Allocation Failure) 966M->39M(966M) 181.810ms
[177.207s][info][gc] GC(373) Pause Young (Allocation Failure) 306M->287M(966M) 182.712ms
[177.693s][info][gc] GC(374) Pause Young (Allocation Failure) 554M->425M(966M) 173.250ms
[177.848s][info][gc] GC(375) Pause Young (Allocation Failure) 692M->692M(966M) 0.032ms
[178.321s][info][gc] GC(376) Pause Full (Allocation Failure) 692M->488M(966M) 472.380ms
[178.476s][info][gc] GC(377) Pause Young (Allocation Failure) 755M->755M(966M) 0.032ms
[179.011s][info][gc] GC(378) Pause Full (Allocation Failure) 755M->555M(966M) 535.563ms
[179.165s][info][gc] GC(379) Pause Young (Allocation Failure) 822M->822M(966M) 0.041ms
[179.770s][info][gc] GC(380) Pause Full (Allocation Failure) 822M->624M(966M) 605.669ms
[179.919s][info][gc] GC(381) Pause Young (Allocation Failure) 890M->890M(966M) 0.032ms
[180.672s][info][gc] GC(382) Pause Full (Allocation Failure) 890M->679M(966M) 753.001ms
[181.113s][info][gc] GC(383) Pause Full (Allocation Failure) 966M->17M(966M) 160.792ms
[181.923s][info][gc] GC(384) Pause Young (Allocation Failure) 284M->271M(966M) 178.319ms
[182.433s][info][gc] GC(385) Pause Young (Allocation Failure) 538M->419M(966M) 166.725ms
[182.581s][info][gc] GC(386) Pause Young (Allocation Failure) 686M->686M(966M) 0.032ms
[183.031s][info][gc] GC(387) Pause Full (Allocation Failure) 686M->483M(966M) 449.923ms
[183.180s][info][gc] GC(388) Pause Young (Allocation Failure) 749M->749M(966M) 0.034ms
[183.677s][info][gc] GC(389) Pause Full (Allocation Failure) 749M->549M(966M) 496.771ms
[183.825s][info][gc] GC(390) Pause Young (Allocation Failure) 816M->816M(966M) 0.032ms
[184.498s][info][gc] GC(391) Pause Full (Allocation Failure) 816M->610M(966M) 673.821ms
[184.645s][info][gc] GC(392) Pause Young (Allocation Failure) 876M->876M(966M) 0.032ms
[185.260s][info][gc] GC(393) Pause Full (Allocation Failure) 876M->681M(966M) 615.404ms
[186.204s][info][gc] GC(394) Pause Full (Allocation Failure) 966M->748M(966M) 682.485ms
[187.086s][info][gc] GC(395) Pause Full (Allocation Failure) 966M->198M(966M) 307.723ms
[187.733s][info][gc] GC(396) Pause Young (Allocation Failure) 464M->408M(966M) 168.588ms
[187.887s][info][gc] GC(397) Pause Young (Allocation Failure) 675M->675M(966M) 0.034ms
[188.425s][info][gc] GC(398) Pause Full (Allocation Failure) 675M->465M(966M) 538.429ms
[188.572s][info][gc] GC(399) Pause Young (Allocation Failure) 732M->732M(966M) 0.032ms
[189.084s][info][gc] GC(400) Pause Full (Allocation Failure) 732M->532M(966M) 512.799ms
[189.232s][info][gc] GC(401) Pause Young (Allocation Failure) 798M->798M(966M) 0.033ms
[189.799s][info][gc] GC(402) Pause Full (Allocation Failure) 798M->600M(966M) 562.298ms
[189.946s][info][gc] GC(403) Pause Young (Allocation Failure) 867M->867M(966M) 0.032ms
[190.560s][info][gc] GC(404) Pause Full (Allocation Failure) 867M->671M(966M) 614.332ms
[191.573s][info][gc] GC(405) Pause Full (Allocation Failure) 966M->726M(966M) 742.376ms
[192.411s][info][gc] GC(406) Pause Full (Allocation Failure) 966M->161M(966M) 280.355ms
[193.149s][info][gc] GC(407) Pause Young (Allocation Failure) 427M->396M(966M) 173.665ms
[193.443s][info][gc] GC(408) Pause Young (Allocation Failure) 662M->459M(966M) 148.153ms
[193.588s][info][gc] GC(409) Pause Young (Allocation Failure) 726M->726M(966M) 0.032ms
[194.073s][info][gc] GC(410) Pause Full (Allocation Failure) 726M->523M(966M) 485.176ms
[194.220s][info][gc] GC(411) Pause Young (Allocation Failure) 790M->790M(966M) 0.033ms
[194.769s][info][gc] GC(412) Pause Full (Allocation Failure) 790M->592M(966M) 548.280ms
[194.930s][info][gc] GC(413) Pause Young (Allocation Failure) 858M->858M(966M) 0.034ms
[195.656s][info][gc] GC(414) Pause Full (Allocation Failure) 858M->647M(966M) 725.752ms
[195.816s][info][gc] GC(415) Pause Young (Allocation Failure) 913M->913M(966M) 0.038ms
[196.483s][info][gc] GC(416) Pause Full (Allocation Failure) 913M->710M(966M) 666.826ms
[197.154s][info][gc] GC(417) Pause Full (Allocation Failure) 966M->111M(966M) 240.974ms
[197.954s][info][gc] GC(418) Pause Young (Allocation Failure) 377M->366M(966M) 178.508ms
[198.251s][info][gc] GC(419) Pause Young (Allocation Failure) 632M->445M(966M) 149.039ms
[198.396s][info][gc] GC(420) Pause Young (Allocation Failure) 712M->712M(966M) 0.032ms
[198.898s][info][gc] GC(421) Pause Full (Allocation Failure) 712M->509M(966M) 501.607ms
[199.059s][info][gc] GC(422) Pause Young (Allocation Failure) 776M->776M(966M) 0.038ms
[199.704s][info][gc] GC(423) Pause Full (Allocation Failure) 776M->570M(966M) 644.559ms
[199.893s][info][gc] GC(424) Pause Young (Allocation Failure) 837M->837M(966M) 0.050ms
[200.550s][info][gc] GC(425) Pause Full (Allocation Failure) 837M->633M(966M) 657.615ms
[200.696s][info][gc] GC(426) Pause Young (Allocation Failure) 900M->900M(966M) 0.058ms
[201.341s][info][gc] GC(427) Pause Full (Allocation Failure) 900M->704M(966M) 644.625ms
[201.855s][info][gc] GC(428) Pause Full (Allocation Failure) 966M->65M(966M) 197.740ms
[202.649s][info][gc] GC(429) Pause Young (Allocation Failure) 332M->317M(966M) 175.141ms
[203.054s][info][gc] GC(430) Pause Young (Allocation Failure) 584M->433M(966M) 161.932ms
[203.211s][info][gc] GC(431) Pause Young (Allocation Failure) 699M->699M(966M) 0.032ms
[203.785s][info][gc] GC(432) Pause Full (Allocation Failure) 699M->494M(966M) 573.316ms
[203.944s][info][gc] GC(433) Pause Young (Allocation Failure) 761M->761M(966M) 0.035ms
[204.470s][info][gc] GC(434) Pause Full (Allocation Failure) 761M->562M(966M) 526.197ms
[204.621s][info][gc] GC(435) Pause Young (Allocation Failure) 828M->828M(966M) 0.032ms
[205.205s][info][gc] GC(436) Pause Full (Allocation Failure) 828M->625M(966M) 583.674ms
[205.352s][info][gc] GC(437) Pause Young (Allocation Failure) 892M->892M(966M) 0.036ms
[206.000s][info][gc] GC(438) Pause Full (Allocation Failure) 892M->696M(966M) 647.414ms
[206.445s][info][gc] GC(439) Pause Full (Allocation Failure) 966M->28M(966M) 171.198ms
[207.244s][info][gc] GC(440) Pause Young (Allocation Failure) 290M->276M(966M) 182.546ms
[207.754s][info][gc] GC(441) Pause Young (Allocation Failure) 542M->420M(966M) 185.843ms
[207.920s][info][gc] GC(442) Pause Young (Allocation Failure) 687M->687M(966M) 0.042ms
[208.429s][info][gc] GC(443) Pause Full (Allocation Failure) 687M->484M(966M) 508.519ms
[208.580s][info][gc] GC(444) Pause Young (Allocation Failure) 751M->751M(966M) 0.031ms
[209.084s][info][gc] GC(445) Pause Full (Allocation Failure) 751M->551M(966M) 503.803ms
[209.240s][info][gc] GC(446) Pause Young (Allocation Failure) 817M->817M(966M) 0.032ms
[209.798s][info][gc] GC(447) Pause Full (Allocation Failure) 817M->619M(966M) 558.022ms
[209.944s][info][gc] GC(448) Pause Young (Allocation Failure) 886M->886M(966M) 0.031ms
[210.733s][info][gc] GC(449) Pause Full (Allocation Failure) 886M->675M(966M) 789.772ms
[211.185s][info][gc] GC(450) Pause Full (Allocation Failure) 966M->4M(966M) 152.412ms
[212.006s][info][gc] GC(451) Pause Young (Allocation Failure) 271M->257M(966M) 182.205ms
[212.598s][info][gc] GC(452) Pause Young (Allocation Failure) 523M->415M(966M) 211.694ms
[212.749s][info][gc] GC(453) Pause Young (Allocation Failure) 682M->682M(966M) 0.038ms
[213.194s][info][gc] GC(454) Pause Full (Allocation Failure) 682M->479M(966M) 444.550ms
[213.344s][info][gc] GC(455) Pause Young (Allocation Failure) 746M->746M(966M) 0.037ms
[213.849s][info][gc] GC(456) Pause Full (Allocation Failure) 746M->546M(966M) 504.127ms
[214.008s][info][gc] GC(457) Pause Young (Allocation Failure) 812M->812M(966M) 0.037ms
[214.678s][info][gc] GC(458) Pause Full (Allocation Failure) 812M->606M(966M) 670.450ms
[214.824s][info][gc] GC(459) Pause Young (Allocation Failure) 873M->873M(966M) 0.036ms
[215.422s][info][gc] GC(460) Pause Full (Allocation Failure) 873M->677M(966M) 597.933ms
[216.365s][info][gc] GC(461) Pause Full (Allocation Failure) 966M->746M(966M) 680.905ms
[217.108s][info][gc] GC(462) Pause Full (Allocation Failure) 966M->190M(966M) 303.101ms
[217.673s][info][gc] GC(463) Pause Young (Allocation Failure) 456M->406M(966M) 170.198ms
[217.818s][info][gc] GC(464) Pause Young (Allocation Failure) 673M->673M(966M) 0.041ms
[218.357s][info][gc] GC(465) Pause Full (Allocation Failure) 673M->463M(966M) 539.484ms
[218.504s][info][gc] GC(466) Pause Young (Allocation Failure) 730M->730M(966M) 0.037ms
[219.011s][info][gc] GC(467) Pause Full (Allocation Failure) 730M->530M(966M) 506.508ms
[219.157s][info][gc] GC(468) Pause Young (Allocation Failure) 796M->796M(966M) 0.037ms
[219.716s][info][gc] GC(469) Pause Full (Allocation Failure) 796M->598M(966M) 558.616ms
[219.869s][info][gc] GC(470) Pause Young (Allocation Failure) 865M->865M(966M) 0.037ms
[220.552s][info][gc] GC(471) Pause Full (Allocation Failure) 865M->669M(966M) 683.770ms
[221.574s][info][gc] GC(472) Pause Full (Allocation Failure) 966M->725M(966M) 748.134ms
[222.287s][info][gc] GC(473) Pause Full (Allocation Failure) 966M->157M(966M) 283.567ms
[222.959s][info][gc] GC(474) Pause Young (Allocation Failure) 423M->395M(966M) 182.519ms
[223.312s][info][gc] GC(475) Pause Young (Allocation Failure) 662M->459M(966M) 172.523ms
[223.461s][info][gc] GC(476) Pause Young (Allocation Failure) 726M->726M(966M) 0.035ms
[223.973s][info][gc] GC(477) Pause Full (Allocation Failure) 726M->523M(966M) 512.109ms
[224.125s][info][gc] GC(478) Pause Young (Allocation Failure) 790M->790M(966M) 0.037ms
[224.680s][info][gc] GC(479) Pause Full (Allocation Failure) 790M->591M(966M) 554.981ms
[224.828s][info][gc] GC(480) Pause Young (Allocation Failure) 858M->858M(966M) 0.038ms
[225.572s][info][gc] GC(481) Pause Full (Allocation Failure) 858M->646M(966M) 743.260ms
[225.723s][info][gc] GC(482) Pause Young (Allocation Failure) 912M->912M(966M) 0.036ms
[226.385s][info][gc] GC(483) Pause Full (Allocation Failure) 912M->709M(966M) 662.107ms
[226.967s][info][gc] GC(484) Pause Full (Allocation Failure) 966M->107M(966M) 233.469ms
[227.654s][info][gc] GC(485) Pause Young (Allocation Failure) 374M->362M(966M) 188.026ms
[227.969s][info][gc] GC(486) Pause Young (Allocation Failure) 629M->444M(966M) 159.001ms
[228.116s][info][gc] GC(487) Pause Young (Allocation Failure) 711M->711M(966M) 0.032ms
[228.617s][info][gc] GC(488) Pause Full (Allocation Failure) 711M->508M(966M) 501.737ms
[228.766s][info][gc] GC(489) Pause Young (Allocation Failure) 775M->775M(966M) 0.040ms
[229.421s][info][gc] GC(490) Pause Full (Allocation Failure) 775M->569M(966M) 655.443ms
[229.573s][info][gc] GC(491) Pause Young (Allocation Failure) 836M->836M(966M) 0.032ms
[230.161s][info][gc] GC(492) Pause Full (Allocation Failure) 836M->632M(966M) 587.975ms
[230.308s][info][gc] GC(493) Pause Young (Allocation Failure) 899M->899M(966M) 0.032ms
[230.951s][info][gc] GC(494) Pause Full (Allocation Failure) 899M->703M(966M) 642.634ms
[231.455s][info][gc] GC(495) Pause Full (Allocation Failure) 966M->62M(966M) 194.828ms
[232.257s][info][gc] GC(496) Pause Young (Allocation Failure) 329M->314M(966M) 188.337ms
[232.688s][info][gc] GC(497) Pause Young (Allocation Failure) 581M->432M(966M) 175.207ms
[232.834s][info][gc] GC(498) Pause Young (Allocation Failure) 699M->699M(966M) 0.038ms
[233.411s][info][gc] GC(499) Pause Full (Allocation Failure) 699M->494M(966M) 576.338ms
[233.555s][info][gc] GC(500) Pause Young (Allocation Failure) 754M->754M(966M) 0.033ms
[234.091s][info][gc] GC(501) Pause Full (Allocation Failure) 754M->558M(966M) 535.490ms
[234.253s][info][gc] GC(502) Pause Young (Allocation Failure) 825M->825M(966M) 0.036ms
[234.858s][info][gc] GC(503) Pause Full (Allocation Failure) 825M->626M(966M) 605.455ms
[235.007s][info][gc] GC(504) Pause Young (Allocation Failure) 893M->893M(966M) 0.033ms
[235.646s][info][gc] GC(505) Pause Full (Allocation Failure) 893M->698M(966M) 639.104ms
[236.085s][info][gc] GC(506) Pause Full (Allocation Failure) 966M->15M(966M) 156.827ms
[236.908s][info][gc] GC(507) Pause Young (Allocation Failure) 281M->269M(966M) 185.593ms
[237.426s][info][gc] GC(508) Pause Young (Allocation Failure) 535M->418M(966M) 178.797ms
[237.574s][info][gc] GC(509) Pause Young (Allocation Failure) 685M->685M(966M) 0.044ms
[238.043s][info][gc] GC(510) Pause Full (Allocation Failure) 685M->482M(966M) 469.479ms
[238.198s][info][gc] GC(511) Pause Young (Allocation Failure) 749M->749M(966M) 0.032ms
[238.702s][info][gc] GC(512) Pause Full (Allocation Failure) 749M->549M(966M) 504.243ms
[238.852s][info][gc] GC(513) Pause Young (Allocation Failure) 815M->815M(966M) 0.033ms
[239.453s][info][gc] GC(514) Pause Full (Allocation Failure) 815M->617M(966M) 600.985ms
[239.613s][info][gc] GC(515) Pause Young (Allocation Failure) 884M->884M(966M) 0.034ms
[240.377s][info][gc] GC(516) Pause Full (Allocation Failure) 884M->673M(966M) 763.844ms
[241.399s][info][gc] GC(517) Pause Full (Allocation Failure) 966M->743M(966M) 753.058ms
[242.361s][info][gc] GC(518) Pause Full (Allocation Failure) 966M->208M(966M) 325.069ms
[242.999s][info][gc] GC(519) Pause Young (Allocation Failure) 475M->411M(966M) 173.711ms
[243.171s][info][gc] GC(520) Pause Young (Allocation Failure) 677M->677M(966M) 0.033ms
[243.658s][info][gc] GC(521) Pause Full (Allocation Failure) 677M->474M(966M) 487.302ms
[243.815s][info][gc] GC(522) Pause Young (Allocation Failure) 740M->740M(966M) 0.031ms
[244.443s][info][gc] GC(523) Pause Full (Allocation Failure) 740M->530M(966M) 628.022ms
[244.672s][info][gc] GC(524) Pause Young (Allocation Failure) 797M->797M(966M) 0.053ms
[245.244s][info][gc] GC(525) Pause Full (Allocation Failure) 797M->596M(966M) 571.614ms
[245.398s][info][gc] GC(526) Pause Young (Allocation Failure) 863M->863M(966M) 0.044ms
[246.024s][info][gc] GC(527) Pause Full (Allocation Failure) 863M->666M(966M) 626.548ms
[246.182s][info][gc] GC(528) Pause Young (Allocation Failure) 933M->933M(966M) 0.043ms
[246.863s][info][gc] GC(529) Pause Full (Allocation Failure) 933M->728M(966M) 681.319ms
[247.536s][info][gc] GC(530) Pause Full (Allocation Failure) 966M->118M(966M) 249.412ms
[248.332s][info][gc] GC(531) Pause Young (Allocation Failure) 384M->371M(966M) 174.134ms
[248.634s][info][gc] GC(532) Pause Young (Allocation Failure) 638M->446M(966M) 154.158ms
[248.779s][info][gc] GC(533) Pause Young (Allocation Failure) 713M->713M(966M) 0.044ms
[249.265s][info][gc] GC(534) Pause Full (Allocation Failure) 713M->510M(966M) 485.058ms
[249.424s][info][gc] GC(535) Pause Young (Allocation Failure) 777M->777M(966M) 0.045ms
[249.956s][info][gc] GC(536) Pause Full (Allocation Failure) 777M->579M(966M) 531.894ms
[250.108s][info][gc] GC(537) Pause Young (Allocation Failure) 845M->845M(966M) 0.041ms
[250.716s][info][gc] GC(538) Pause Full (Allocation Failure) 845M->642M(966M) 607.966ms
[250.861s][info][gc] GC(539) Pause Young (Allocation Failure) 908M->908M(966M) 0.040ms
[251.635s][info][gc] GC(540) Pause Full (Allocation Failure) 908M->698M(966M) 774.742ms
[252.172s][info][gc] GC(541) Pause Full (Allocation Failure) 966M->74M(966M) 209.554ms
[252.960s][info][gc] GC(542) Pause Young (Allocation Failure) 340M->325M(966M) 176.489ms
[253.343s][info][gc] GC(543) Pause Young (Allocation Failure) 591M->435M(966M) 160.117ms
[253.499s][info][gc] GC(544) Pause Young (Allocation Failure) 701M->701M(966M) 0.051ms
[253.962s][info][gc] GC(545) Pause Full (Allocation Failure) 701M->498M(966M) 463.370ms
[254.109s][info][gc] GC(546) Pause Young (Allocation Failure) 765M->765M(966M) 0.044ms
[254.625s][info][gc] GC(547) Pause Full (Allocation Failure) 765M->566M(966M) 516.251ms
[254.775s][info][gc] GC(548) Pause Young (Allocation Failure) 833M->833M(966M) 0.040ms
[255.488s][info][gc] GC(549) Pause Full (Allocation Failure) 833M->624M(966M) 712.755ms
[255.642s][info][gc] GC(550) Pause Young (Allocation Failure) 891M->891M(966M) 0.042ms
[256.276s][info][gc] GC(551) Pause Full (Allocation Failure) 891M->695M(966M) 633.230ms
[256.714s][info][gc] GC(552) Pause Full (Allocation Failure) 966M->36M(966M) 175.810ms
[257.486s][info][gc] GC(553) Pause Young (Allocation Failure) 303M->284M(966M) 173.619ms
[257.966s][info][gc] GC(554) Pause Young (Allocation Failure) 551M->425M(966M) 168.974ms
[258.115s][info][gc] GC(555) Pause Young (Allocation Failure) 691M->691M(966M) 0.041ms
[258.578s][info][gc] GC(556) Pause Full (Allocation Failure) 691M->488M(966M) 463.513ms
[258.725s][info][gc] GC(557) Pause Young (Allocation Failure) 755M->755M(966M) 0.046ms
[259.357s][info][gc] GC(558) Pause Full (Allocation Failure) 755M->551M(966M) 631.481ms
[259.514s][info][gc] GC(559) Pause Young (Allocation Failure) 818M->818M(966M) 0.041ms
[260.103s][info][gc] GC(560) Pause Full (Allocation Failure) 818M->619M(966M) 588.361ms
[260.259s][info][gc] GC(561) Pause Young (Allocation Failure) 886M->886M(966M) 0.050ms
[260.890s][info][gc] GC(562) Pause Full (Allocation Failure) 886M->690M(966M) 630.668ms
[262.120s][info][gc] GC(563) Pause Full (Allocation Failure) 966M->756M(966M) 947.430ms
[263.039s][info][gc] GC(564) Pause Full (Allocation Failure) 966M->199M(966M) 321.354ms
[263.699s][info][gc] GC(565) Pause Young (Allocation Failure) 466M->409M(966M) 174.119ms
[263.850s][info][gc] GC(566) Pause Young (Allocation Failure) 675M->675M(966M) 0.042ms
[264.321s][info][gc] GC(567) Pause Full (Allocation Failure) 675M->473M(966M) 470.346ms
[264.493s][info][gc] GC(568) Pause Young (Allocation Failure) 739M->739M(966M) 0.053ms
[265.009s][info][gc] GC(569) Pause Full (Allocation Failure) 739M->539M(966M) 516.194ms
[265.164s][info][gc] GC(570) Pause Young (Allocation Failure) 806M->806M(966M) 0.043ms
[265.729s][info][gc] GC(571) Pause Full (Allocation Failure) 806M->608M(966M) 565.161ms
[265.878s][info][gc] GC(572) Pause Young (Allocation Failure) 874M->874M(966M) 0.043ms
[266.630s][info][gc] GC(573) Pause Full (Allocation Failure) 874M->657M(966M) 752.066ms
[266.787s][info][gc] GC(574) Pause Young (Allocation Failure) 924M->924M(966M) 0.042ms
[267.473s][info][gc] GC(575) Pause Full (Allocation Failure) 924M->720M(966M) 685.409ms
[268.259s][info][gc] GC(576) Pause Full (Allocation Failure) 966M->143M(966M) 265.203ms
[269.052s][info][gc] GC(577) Pause Young (Allocation Failure) 410M->395M(966M) 181.099ms
[269.347s][info][gc] GC(578) Pause Young (Allocation Failure) 661M->458M(966M) 145.167ms
[269.495s][info][gc] GC(579) Pause Young (Allocation Failure) 725M->725M(966M) 0.043ms
[269.982s][info][gc] GC(580) Pause Full (Allocation Failure) 725M->522M(966M) 486.882ms
[270.138s][info][gc] GC(581) Pause Young (Allocation Failure) 789M->789M(966M) 0.045ms
[270.780s][info][gc] GC(582) Pause Full (Allocation Failure) 789M->578M(966M) 641.919ms
[270.933s][info][gc] GC(583) Pause Young (Allocation Failure) 844M->844M(966M) 0.041ms
[271.564s][info][gc] GC(584) Pause Full (Allocation Failure) 844M->641M(966M) 631.219ms
[271.713s][info][gc] GC(585) Pause Young (Allocation Failure) 908M->908M(966M) 0.042ms
[272.383s][info][gc] GC(586) Pause Full (Allocation Failure) 908M->711M(966M) 669.861ms
[272.978s][info][gc] GC(587) Pause Full (Allocation Failure) 966M->84M(966M) 217.567ms
[273.767s][info][gc] GC(588) Pause Young (Allocation Failure) 351M->334M(966M) 174.520ms
[274.130s][info][gc] GC(589) Pause Young (Allocation Failure) 601M->437M(966M) 156.862ms
[274.282s][info][gc] GC(590) Pause Young (Allocation Failure) 704M->704M(966M) 0.042ms
[274.841s][info][gc] GC(591) Pause Full (Allocation Failure) 704M->498M(966M) 558.539ms
[274.988s][info][gc] GC(592) Pause Young (Allocation Failure) 765M->765M(966M) 0.043ms
[275.502s][info][gc] GC(593) Pause Full (Allocation Failure) 765M->566M(966M) 513.931ms
[275.656s][info][gc] GC(594) Pause Young (Allocation Failure) 832M->832M(966M) 0.058ms
[276.242s][info][gc] GC(595) Pause Full (Allocation Failure) 832M->629M(966M) 585.663ms
[276.400s][info][gc] GC(596) Pause Young (Allocation Failure) 896M->896M(966M) 0.043ms
[277.043s][info][gc] GC(597) Pause Full (Allocation Failure) 896M->700M(966M) 643.796ms
[277.521s][info][gc] GC(598) Pause Full (Allocation Failure) 966M->38M(966M) 177.230ms
[278.300s][info][gc] GC(599) Pause Young (Allocation Failure) 305M->287M(966M) 169.759ms
[278.787s][info][gc] GC(600) Pause Young (Allocation Failure) 553M->425M(966M) 171.801ms
[278.940s][info][gc] GC(601) Pause Young (Allocation Failure) 692M->692M(966M) 0.043ms
[279.399s][info][gc] GC(602) Pause Full (Allocation Failure) 692M->489M(966M) 459.790ms
[279.560s][info][gc] GC(603) Pause Young (Allocation Failure) 756M->756M(966M) 0.042ms
[280.074s][info][gc] GC(604) Pause Full (Allocation Failure) 756M->556M(966M) 514.298ms
[280.231s][info][gc] GC(605) Pause Young (Allocation Failure) 822M->822M(966M) 0.043ms
[280.798s][info][gc] GC(606) Pause Full (Allocation Failure) 822M->624M(966M) 566.272ms
[280.952s][info][gc] GC(607) Pause Young (Allocation Failure) 891M->891M(966M) 0.043ms
[281.703s][info][gc] GC(608) Pause Full (Allocation Failure) 891M->680M(966M) 751.374ms
[282.137s][info][gc] GC(609) Pause Full (Allocation Failure) 966M->16M(966M) 159.142ms
[282.945s][info][gc] GC(610) Pause Young (Allocation Failure) 283M->270M(966M) 177.086ms
[283.436s][info][gc] GC(611) Pause Young (Allocation Failure) 536M->419M(966M) 168.846ms
[283.587s][info][gc] GC(612) Pause Young (Allocation Failure) 686M->686M(966M) 0.045ms
[284.041s][info][gc] GC(613) Pause Full (Allocation Failure) 686M->483M(966M) 453.618ms
[284.193s][info][gc] GC(614) Pause Young (Allocation Failure) 750M->750M(966M) 0.042ms
[284.688s][info][gc] GC(615) Pause Full (Allocation Failure) 750M->550M(966M) 495.491ms
[284.846s][info][gc] GC(616) Pause Young (Allocation Failure) 816M->816M(966M) 0.044ms
[285.515s][info][gc] GC(617) Pause Full (Allocation Failure) 816M->610M(966M) 668.801ms
[285.663s][info][gc] GC(618) Pause Young (Allocation Failure) 877M->877M(966M) 0.042ms
[286.283s][info][gc] GC(619) Pause Full (Allocation Failure) 877M->681M(966M) 619.711ms
[287.243s][info][gc] GC(620) Pause Full (Allocation Failure) 966M->749M(966M) 693.739ms
[288.153s][info][gc] GC(621) Pause Full (Allocation Failure) 966M->220M(966M) 314.057ms
[288.834s][info][gc] GC(622) Pause Young (Allocation Failure) 486M->433M(966M) 172.650ms
[288.981s][info][gc] GC(623) Pause Young (Allocation Failure) 699M->699M(966M) 0.046ms
[289.520s][info][gc] GC(624) Pause Full (Allocation Failure) 699M->465M(966M) 539.617ms
[289.684s][info][gc] GC(625) Pause Young (Allocation Failure) 732M->732M(966M) 0.043ms
[290.206s][info][gc] GC(626) Pause Full (Allocation Failure) 732M->532M(966M) 521.626ms
[290.373s][info][gc] GC(627) Pause Young (Allocation Failure) 798M->798M(966M) 0.043ms
[290.966s][info][gc] GC(628) Pause Full (Allocation Failure) 798M->600M(966M) 593.830ms
[291.120s][info][gc] GC(629) Pause Young (Allocation Failure) 867M->867M(966M) 0.054ms
[291.765s][info][gc] GC(630) Pause Full (Allocation Failure) 867M->671M(966M) 644.348ms
[292.852s][info][gc] GC(631) Pause Full (Allocation Failure) 966M->726M(966M) 803.786ms
[293.679s][info][gc] GC(632) Pause Full (Allocation Failure) 966M->157M(966M) 301.845ms
[294.461s][info][gc] GC(633) Pause Young (Allocation Failure) 424M->396M(966M) 179.349ms
[294.774s][info][gc] GC(634) Pause Young (Allocation Failure) 662M->459M(966M) 153.805ms
[294.933s][info][gc] GC(635) Pause Young (Allocation Failure) 726M->726M(966M) 0.049ms
[295.461s][info][gc] GC(636) Pause Full (Allocation Failure) 726M->523M(966M) 528.043ms
[295.633s][info][gc] GC(637) Pause Young (Allocation Failure) 790M->790M(966M) 0.042ms
[296.230s][info][gc] GC(638) Pause Full (Allocation Failure) 790M->592M(966M) 596.183ms
[296.392s][info][gc] GC(639) Pause Young (Allocation Failure) 858M->858M(966M) 0.045ms
[297.167s][info][gc] GC(640) Pause Full (Allocation Failure) 858M->647M(966M) 775.635ms
[297.350s][info][gc] GC(641) Pause Young (Allocation Failure) 913M->913M(966M) 0.042ms
[298.052s][info][gc] GC(642) Pause Full (Allocation Failure) 913M->710M(966M) 702.270ms
[298.729s][info][gc] GC(643) Pause Full (Allocation Failure) 966M->107M(966M) 249.110ms
[299.595s][info][gc] GC(644) Pause Young (Allocation Failure) 373M->361M(966M) 221.892ms
[299.922s][info][gc] GC(645) Pause Young (Allocation Failure) 628M->445M(966M) 164.839ms
[300.081s][info][gc] GC(646) Pause Young (Allocation Failure) 712M->712M(966M) 0.062ms
[300.668s][info][gc] GC(647) Pause Full (Allocation Failure) 712M->509M(966M) 587.229ms
[300.832s][info][gc] GC(648) Pause Young (Allocation Failure) 776M->776M(966M) 0.044ms
[301.499s][info][gc] GC(649) Pause Full (Allocation Failure) 776M->570M(966M) 667.339ms
[301.662s][info][gc] GC(650) Pause Young (Allocation Failure) 836M->836M(966M) 0.042ms
[302.288s][info][gc] GC(651) Pause Full (Allocation Failure) 836M->633M(966M) 625.927ms
[302.446s][info][gc] GC(652) Pause Young (Allocation Failure) 900M->900M(966M) 0.042ms
[303.104s][info][gc] GC(653) Pause Full (Allocation Failure) 900M->704M(966M) 657.732ms
[303.602s][info][gc] GC(654) Pause Full (Allocation Failure) 966M->61M(966M) 203.339ms
[304.412s][info][gc] GC(655) Pause Young (Allocation Failure) 327M->311M(966M) 183.339ms
[304.876s][info][gc] GC(656) Pause Young (Allocation Failure) 578M->432M(966M) 170.876ms
[305.031s][info][gc] GC(657) Pause Young (Allocation Failure) 699M->699M(966M) 0.041ms
[305.607s][info][gc] GC(658) Pause Full (Allocation Failure) 699M->494M(966M) 576.499ms
[305.772s][info][gc] GC(659) Pause Young (Allocation Failure) 759M->759M(966M) 0.041ms
[306.308s][info][gc] GC(660) Pause Full (Allocation Failure) 759M->559M(966M) 535.790ms
[306.465s][info][gc] GC(661) Pause Young (Allocation Failure) 826M->826M(966M) 0.043ms
[307.080s][info][gc] GC(662) Pause Full (Allocation Failure) 826M->628M(966M) 614.735ms
[307.235s][info][gc] GC(663) Pause Young (Allocation Failure) 894M->894M(966M) 0.050ms
[307.896s][info][gc] GC(664) Pause Full (Allocation Failure) 894M->699M(966M) 660.795ms
[308.329s][info][gc] GC(665) Pause Full (Allocation Failure) 966M->15M(966M) 158.428ms
[309.148s][info][gc] GC(666) Pause Young (Allocation Failure) 281M->268M(966M) 187.184ms
[309.676s][info][gc] GC(667) Pause Young (Allocation Failure) 535M->419M(966M) 181.543ms
[309.833s][info][gc] GC(668) Pause Young (Allocation Failure) 686M->686M(966M) 0.050ms
[310.301s][info][gc] GC(669) Pause Full (Allocation Failure) 686M->483M(966M) 467.038ms
[310.467s][info][gc] GC(670) Pause Young (Allocation Failure) 749M->749M(966M) 0.044ms
[311.001s][info][gc] GC(671) Pause Full (Allocation Failure) 749M->549M(966M) 534.171ms
[311.158s][info][gc] GC(672) Pause Young (Allocation Failure) 816M->816M(966M) 0.042ms
[311.730s][info][gc] GC(673) Pause Full (Allocation Failure) 816M->618M(966M) 572.691ms
[311.891s][info][gc] GC(674) Pause Young (Allocation Failure) 885M->885M(966M) 0.043ms
[312.636s][info][gc] GC(675) Pause Full (Allocation Failure) 885M->674M(966M) 745.874ms
[313.604s][info][gc] GC(676) Pause Full (Allocation Failure) 966M->743M(966M) 681.747ms
[314.532s][info][gc] GC(677) Pause Full (Allocation Failure) 966M->228M(966M) 316.800ms
[315.171s][info][gc] GC(678) Pause Young (Allocation Failure) 494M->432M(966M) 166.222ms
[315.324s][info][gc] GC(679) Pause Young (Allocation Failure) 699M->699M(966M) 0.043ms
[315.789s][info][gc] GC(680) Pause Full (Allocation Failure) 699M->496M(966M) 464.325ms
[315.936s][info][gc] GC(681) Pause Young (Allocation Failure) 763M->763M(966M) 0.043ms
[316.544s][info][gc] GC(682) Pause Full (Allocation Failure) 763M->531M(966M) 607.500ms
[316.715s][info][gc] GC(683) Pause Young (Allocation Failure) 798M->798M(966M) 0.043ms
[317.277s][info][gc] GC(684) Pause Full (Allocation Failure) 798M->599M(966M) 561.942ms
[317.427s][info][gc] GC(685) Pause Young (Allocation Failure) 866M->866M(966M) 0.043ms
[318.052s][info][gc] GC(686) Pause Full (Allocation Failure) 866M->670M(966M) 624.656ms
[319.030s][info][gc] GC(687) Pause Full (Allocation Failure) 966M->740M(966M) 704.226ms
[319.802s][info][gc] GC(688) Pause Full (Allocation Failure) 966M->149M(966M) 270.022ms
[320.581s][info][gc] GC(689) Pause Young (Allocation Failure) 416M->394M(966M) 177.162ms
[320.876s][info][gc] GC(690) Pause Young (Allocation Failure) 661M->458M(966M) 145.881ms
[321.023s][info][gc] GC(691) Pause Young (Allocation Failure) 725M->725M(966M) 0.042ms
[321.517s][info][gc] GC(692) Pause Full (Allocation Failure) 725M->522M(966M) 494.018ms
[321.678s][info][gc] GC(693) Pause Young (Allocation Failure) 788M->788M(966M) 0.042ms
[322.220s][info][gc] GC(694) Pause Full (Allocation Failure) 788M->590M(966M) 541.777ms
[322.369s][info][gc] GC(695) Pause Young (Allocation Failure) 854M->854M(966M) 0.042ms
[322.964s][info][gc] GC(696) Pause Full (Allocation Failure) 854M->652M(966M) 595.500ms
[323.116s][info][gc] GC(697) Pause Young (Allocation Failure) 918M->918M(966M) 0.042ms
[323.910s][info][gc] GC(698) Pause Full (Allocation Failure) 918M->707M(966M) 793.426ms
[324.518s][info][gc] GC(699) Pause Full (Allocation Failure) 966M->95M(966M) 223.506ms
[325.425s][info][gc] GC(700) Pause Young (Allocation Failure) 361M->349M(966M) 235.956ms
[325.758s][info][gc] GC(701) Pause Young (Allocation Failure) 616M->443M(966M) 157.442ms
[325.905s][info][gc] GC(702) Pause Young (Allocation Failure) 709M->709M(966M) 0.042ms
[326.379s][info][gc] GC(703) Pause Full (Allocation Failure) 709M->507M(966M) 473.807ms
[326.527s][info][gc] GC(704) Pause Young (Allocation Failure) 773M->773M(966M) 0.043ms
[327.063s][info][gc] GC(705) Pause Full (Allocation Failure) 773M->575M(966M) 536.074ms
[327.231s][info][gc] GC(706) Pause Young (Allocation Failure) 842M->842M(966M) 0.044ms
[327.945s][info][gc] GC(707) Pause Full (Allocation Failure) 842M->631M(966M) 714.202ms
[328.108s][info][gc] GC(708) Pause Young (Allocation Failure) 897M->897M(966M) 0.042ms
[328.756s][info][gc] GC(709) Pause Full (Allocation Failure) 897M->702M(966M) 647.834ms
[329.288s][info][gc] GC(710) Pause Full (Allocation Failure) 966M->52M(966M) 191.152ms
[330.073s][info][gc] GC(711) Pause Young (Allocation Failure) 319M->302M(966M) 179.649ms
[330.525s][info][gc] GC(712) Pause Young (Allocation Failure) 569M->430M(966M) 167.221ms
[330.676s][info][gc] GC(713) Pause Young (Allocation Failure) 697M->697M(966M) 0.042ms
[331.157s][info][gc] GC(714) Pause Full (Allocation Failure) 697M->494M(966M) 480.625ms
[331.304s][info][gc] GC(715) Pause Young (Allocation Failure) 760M->760M(966M) 0.049ms
[331.960s][info][gc] GC(716) Pause Full (Allocation Failure) 760M->556M(966M) 655.710ms
[332.119s][info][gc] GC(717) Pause Young (Allocation Failure) 823M->823M(966M) 0.043ms
[332.707s][info][gc] GC(718) Pause Full (Allocation Failure) 823M->624M(966M) 587.681ms
[332.877s][info][gc] GC(719) Pause Young (Allocation Failure) 891M->891M(966M) 0.052ms
[333.558s][info][gc] GC(720) Pause Full (Allocation Failure) 891M->696M(966M) 680.852ms
[334.005s][info][gc] GC(721) Pause Full (Allocation Failure) 966M->14M(966M) 163.147ms
[334.851s][info][gc] GC(722) Pause Young (Allocation Failure) 280M->267M(966M) 197.019ms
[335.483s][info][gc] GC(723) Pause Young (Allocation Failure) 534M->419M(966M) 262.106ms
[335.652s][info][gc] GC(724) Pause Young (Allocation Failure) 686M->686M(966M) 0.042ms
[336.200s][info][gc] GC(725) Pause Full (Allocation Failure) 686M->483M(966M) 547.947ms
[336.355s][info][gc] GC(726) Pause Young (Allocation Failure) 750M->750M(966M) 0.040ms
[336.878s][info][gc] GC(727) Pause Full (Allocation Failure) 750M->550M(966M) 523.141ms
[337.035s][info][gc] GC(728) Pause Young (Allocation Failure) 816M->816M(966M) 0.046ms
[337.628s][info][gc] GC(729) Pause Full (Allocation Failure) 816M->618M(966M) 592.329ms
[337.780s][info][gc] GC(730) Pause Young (Allocation Failure) 885M->885M(966M) 0.051ms
[338.409s][info][gc] GC(731) Pause Full (Allocation Failure) 885M->689M(966M) 628.896ms
[339.449s][info][gc] GC(732) Pause Full (Allocation Failure) 966M->740M(966M) 775.905ms
[340.212s][info][gc] GC(733) Pause Full (Allocation Failure) 966M->214M(966M) 317.526ms
[340.786s][info][gc] GC(734) Pause Young (Allocation Failure) 481M->429M(966M) 180.682ms
[340.935s][info][gc] GC(735) Pause Young (Allocation Failure) 696M->696M(966M) 0.044ms
[341.404s][info][gc] GC(736) Pause Full (Allocation Failure) 696M->493M(966M) 469.180ms
[341.552s][info][gc] GC(737) Pause Young (Allocation Failure) 760M->760M(966M) 0.045ms
[342.068s][info][gc] GC(738) Pause Full (Allocation Failure) 760M->560M(966M) 515.280ms
[342.216s][info][gc] GC(739) Pause Young (Allocation Failure) 827M->827M(966M) 0.044ms
[342.891s][info][gc] GC(740) Pause Full (Allocation Failure) 827M->593M(966M) 675.185ms
[343.040s][info][gc] GC(741) Pause Young (Allocation Failure) 860M->860M(966M) 0.044ms
[343.666s][info][gc] GC(742) Pause Full (Allocation Failure) 860M->664M(966M) 625.324ms
[343.818s][info][gc] GC(743) Pause Young (Allocation Failure) 931M->931M(966M) 0.043ms
[344.497s][info][gc] GC(744) Pause Full (Allocation Failure) 931M->727M(966M) 678.041ms
[345.106s][info][gc] GC(745) Pause Full (Allocation Failure) 963M->126M(966M) 252.155ms
[345.760s][info][gc] GC(746) Pause Young (Allocation Failure) 393M->381M(966M) 176.998ms
[346.061s][info][gc] GC(747) Pause Young (Allocation Failure) 648M->451M(966M) 145.780ms
[346.208s][info][gc] GC(748) Pause Young (Allocation Failure) 717M->717M(966M) 0.044ms
[346.790s][info][gc] GC(749) Pause Full (Allocation Failure) 717M->512M(966M) 581.503ms
[346.941s][info][gc] GC(750) Pause Young (Allocation Failure) 778M->778M(966M) 0.043ms
[347.471s][info][gc] GC(751) Pause Full (Allocation Failure) 778M->580M(966M) 529.577ms
[347.625s][info][gc] GC(752) Pause Young (Allocation Failure) 847M->847M(966M) 0.044ms
[348.216s][info][gc] GC(753) Pause Full (Allocation Failure) 847M->643M(966M) 591.070ms
[348.367s][info][gc] GC(754) Pause Young (Allocation Failure) 910M->910M(966M) 0.043ms
[349.008s][info][gc] GC(755) Pause Full (Allocation Failure) 910M->714M(966M) 640.459ms
[349.497s][info][gc] GC(756) Pause Full (Allocation Failure) 966M->70M(966M) 202.619ms
[350.136s][info][gc] GC(757) Pause Young (Allocation Failure) 337M->322M(966M) 175.219ms
[350.507s][info][gc] GC(758) Pause Young (Allocation Failure) 589M->436M(966M) 161.653ms
[350.655s][info][gc] GC(759) Pause Young (Allocation Failure) 703M->703M(966M) 0.044ms
[351.123s][info][gc] GC(760) Pause Full (Allocation Failure) 703M->499M(966M) 468.298ms
[351.267s][info][gc] GC(761) Pause Young (Allocation Failure) 766M->766M(966M) 0.045ms
[351.780s][info][gc] GC(762) Pause Full (Allocation Failure) 766M->567M(966M) 513.032ms
[351.929s][info][gc] GC(763) Pause Young (Allocation Failure) 834M->834M(966M) 0.044ms
[352.498s][info][gc] GC(764) Pause Full (Allocation Failure) 834M->630M(966M) 569.257ms
[352.645s][info][gc] GC(765) Pause Young (Allocation Failure) 897M->897M(966M) 0.045ms
[353.411s][info][gc] GC(766) Pause Full (Allocation Failure) 897M->689M(966M) 766.409ms
[353.858s][info][gc] GC(767) Pause Full (Allocation Failure) 966M->40M(966M) 179.281ms
[354.482s][info][gc] GC(768) Pause Young (Allocation Failure) 306M->288M(966M) 168.524ms
[354.912s][info][gc] GC(769) Pause Young (Allocation Failure) 555M->427M(966M) 168.231ms
[355.063s][info][gc] GC(770) Pause Young (Allocation Failure) 694M->694M(966M) 0.042ms
[355.522s][info][gc] GC(771) Pause Full (Allocation Failure) 694M->491M(966M) 459.704ms
[355.674s][info][gc] GC(772) Pause Young (Allocation Failure) 757M->757M(966M) 0.047ms
[356.182s][info][gc] GC(773) Pause Full (Allocation Failure) 757M->557M(966M) 508.029ms
[356.329s][info][gc] GC(774) Pause Young (Allocation Failure) 824M->824M(966M) 0.045ms
[357.030s][info][gc] GC(775) Pause Full (Allocation Failure) 824M->617M(966M) 700.776ms
[357.182s][info][gc] GC(776) Pause Young (Allocation Failure) 884M->884M(966M) 0.048ms
[357.813s][info][gc] GC(777) Pause Full (Allocation Failure) 884M->688M(966M) 630.713ms
[358.255s][info][gc] GC(778) Pause Full (Allocation Failure) 966M->9M(966M) 166.604ms
[358.946s][info][gc] GC(779) Pause Young (Allocation Failure) 276M->262M(966M) 180.556ms
[359.413s][info][gc] GC(780) Pause Young (Allocation Failure) 529M->419M(966M) 176.207ms
[359.560s][info][gc] GC(781) Pause Young (Allocation Failure) 685M->685M(966M) 0.044ms
[360.030s][info][gc] GC(782) Pause Full (Allocation Failure) 685M->482M(966M) 469.914ms
[360.180s][info][gc] GC(783) Pause Young (Allocation Failure) 749M->749M(966M) 0.048ms
[360.862s][info][gc] GC(784) Pause Full (Allocation Failure) 749M->546M(966M) 682.273ms
[361.025s][info][gc] GC(785) Pause Young (Allocation Failure) 813M->813M(966M) 0.047ms
[361.617s][info][gc] GC(786) Pause Full (Allocation Failure) 813M->614M(966M) 591.694ms
[361.792s][info][gc] GC(787) Pause Young (Allocation Failure) 881M->881M(966M) 0.039ms
[362.504s][info][gc] GC(788) Pause Full (Allocation Failure) 881M->685M(966M) 712.896ms
[363.456s][info][gc] GC(789) Pause Full (Allocation Failure) 966M->752M(966M) 686.489ms
[364.256s][info][gc] GC(790) Pause Full (Allocation Failure) 966M->185M(966M) 343.083ms
[364.870s][info][gc] GC(791) Pause Young (Allocation Failure) 452M->403M(966M) 198.571ms
[365.021s][info][gc] GC(792) Pause Young (Allocation Failure) 670M->670M(966M) 0.044ms
[365.508s][info][gc] GC(793) Pause Full (Allocation Failure) 670M->467M(966M) 487.035ms
[365.657s][info][gc] GC(794) Pause Young (Allocation Failure) 734M->734M(966M) 0.045ms
[366.189s][info][gc] GC(795) Pause Full (Allocation Failure) 734M->533M(966M) 531.070ms
[366.343s][info][gc] GC(796) Pause Young (Allocation Failure) 800M->800M(966M) 0.043ms
[366.912s][info][gc] GC(797) Pause Full (Allocation Failure) 800M->601M(966M) 568.922ms
[367.063s][info][gc] GC(798) Pause Young (Allocation Failure) 868M->868M(966M) 0.049ms
[367.830s][info][gc] GC(799) Pause Full (Allocation Failure) 868M->654M(966M) 766.420ms
[367.984s][info][gc] GC(800) Pause Young (Allocation Failure) 921M->921M(966M) 0.044ms
[368.674s][info][gc] GC(801) Pause Full (Allocation Failure) 921M->717M(966M) 690.494ms
[369.308s][info][gc] GC(802) Pause Full (Allocation Failure) 966M->126M(966M) 256.365ms
[369.968s][info][gc] GC(803) Pause Young (Allocation Failure) 392M->381M(966M) 181.895ms
[370.267s][info][gc] GC(804) Pause Young (Allocation Failure) 647M->451M(966M) 152.132ms
[370.415s][info][gc] GC(805) Pause Young (Allocation Failure) 718M->718M(966M) 0.045ms
[370.907s][info][gc] GC(806) Pause Full (Allocation Failure) 718M->515M(966M) 491.490ms
[371.055s][info][gc] GC(807) Pause Young (Allocation Failure) 782M->782M(966M) 0.046ms
[371.712s][info][gc] GC(808) Pause Full (Allocation Failure) 782M->576M(966M) 657.050ms
[371.862s][info][gc] GC(809) Pause Young (Allocation Failure) 842M->842M(966M) 0.044ms
[372.464s][info][gc] GC(810) Pause Full (Allocation Failure) 842M->639M(966M) 601.436ms
[372.614s][info][gc] GC(811) Pause Young (Allocation Failure) 905M->905M(966M) 0.043ms
[373.279s][info][gc] GC(812) Pause Full (Allocation Failure) 905M->710M(966M) 665.197ms
[373.782s][info][gc] GC(813) Pause Full (Allocation Failure) 966M->74M(966M) 211.477ms
[374.443s][info][gc] GC(814) Pause Young (Allocation Failure) 341M->326M(966M) 182.012ms
[374.826s][info][gc] GC(815) Pause Young (Allocation Failure) 592M->437M(966M) 172.522ms
[374.980s][info][gc] GC(816) Pause Young (Allocation Failure) 704M->704M(966M) 0.044ms
[375.550s][info][gc] GC(817) Pause Full (Allocation Failure) 704M->499M(966M) 569.704ms
[375.704s][info][gc] GC(818) Pause Young (Allocation Failure) 765M->765M(966M) 0.046ms
[376.234s][info][gc] GC(819) Pause Full (Allocation Failure) 765M->566M(966M) 530.378ms
[376.403s][info][gc] GC(820) Pause Young (Allocation Failure) 833M->833M(966M) 0.049ms
[377.015s][info][gc] GC(821) Pause Full (Allocation Failure) 833M->629M(966M) 611.683ms
[377.173s][info][gc] GC(822) Pause Young (Allocation Failure) 896M->896M(966M) 0.046ms
[377.837s][info][gc] GC(823) Pause Full (Allocation Failure) 896M->700M(966M) 663.411ms
[378.272s][info][gc] GC(824) Pause Full (Allocation Failure) 966M->32M(966M) 171.896ms
[378.928s][info][gc] GC(825) Pause Young (Allocation Failure) 293M->279M(966M) 186.047ms
[379.371s][info][gc] GC(826) Pause Young (Allocation Failure) 546M->424M(966M) 173.912ms
[379.522s][info][gc] GC(827) Pause Young (Allocation Failure) 690M->690M(966M) 0.044ms
[379.991s][info][gc] GC(828) Pause Full (Allocation Failure) 690M->487M(966M) 468.998ms
[380.146s][info][gc] GC(829) Pause Young (Allocation Failure) 754M->754M(966M) 0.043ms
[380.649s][info][gc] GC(830) Pause Full (Allocation Failure) 754M->554M(966M) 503.080ms
[380.804s][info][gc] GC(831) Pause Young (Allocation Failure) 821M->821M(966M) 0.039ms
[381.363s][info][gc] GC(832) Pause Full (Allocation Failure) 821M->622M(966M) 559.303ms
[381.510s][info][gc] GC(833) Pause Young (Allocation Failure) 889M->889M(966M) 0.043ms
[382.265s][info][gc] GC(834) Pause Full (Allocation Failure) 889M->678M(966M) 755.149ms
[383.257s][info][gc] GC(835) Pause Full (Allocation Failure) 966M->746M(966M) 725.545ms
[384.169s][info][gc] GC(836) Pause Full (Allocation Failure) 966M->209M(966M) 376.142ms
[384.734s][info][gc] GC(837) Pause Young (Allocation Failure) 476M->413M(966M) 178.473ms
[384.891s][info][gc] GC(838) Pause Young (Allocation Failure) 680M->680M(966M) 0.044ms
[385.374s][info][gc] GC(839) Pause Full (Allocation Failure) 680M->477M(966M) 482.135ms
[385.523s][info][gc] GC(840) Pause Young (Allocation Failure) 744M->744M(966M) 0.050ms
[386.136s][info][gc] GC(841) Pause Full (Allocation Failure) 744M->534M(966M) 612.253ms
[386.284s][info][gc] GC(842) Pause Young (Allocation Failure) 800M->800M(966M) 0.046ms
[386.847s][info][gc] GC(843) Pause Full (Allocation Failure) 800M->602M(966M) 563.262ms
[386.995s][info][gc] GC(844) Pause Young (Allocation Failure) 869M->869M(966M) 0.045ms
[387.624s][info][gc] GC(845) Pause Full (Allocation Failure) 869M->673M(966M) 629.134ms
[388.603s][info][gc] GC(846) Pause Full (Allocation Failure) 966M->743M(966M) 698.925ms
[389.264s][info][gc] GC(847) Pause Full (Allocation Failure) 966M->153M(966M) 272.785ms
[390.047s][info][gc] GC(848) Pause Young (Allocation Failure) 420M->397M(966M) 312.289ms
[390.356s][info][gc] GC(849) Pause Young (Allocation Failure) 663M->460M(966M) 151.876ms
[390.508s][info][gc] GC(850) Pause Young (Allocation Failure) 727M->727M(966M) 0.046ms
[391.030s][info][gc] GC(851) Pause Full (Allocation Failure) 727M->524M(966M) 522.579ms
[391.183s][info][gc] GC(852) Pause Young (Allocation Failure) 791M->791M(966M) 0.043ms
[391.725s][info][gc] GC(853) Pause Full (Allocation Failure) 791M->593M(966M) 542.512ms
[391.875s][info][gc] GC(854) Pause Young (Allocation Failure) 851M->851M(966M) 0.044ms
[392.474s][info][gc] GC(855) Pause Full (Allocation Failure) 851M->653M(966M) 599.457ms
[392.622s][info][gc] GC(856) Pause Young (Allocation Failure) 920M->920M(966M) 0.043ms
[393.447s][info][gc] GC(857) Pause Full (Allocation Failure) 920M->708M(966M) 824.840ms
[393.999s][info][gc] GC(858) Pause Full (Allocation Failure) 966M->120M(966M) 225.222ms
[394.648s][info][gc] GC(859) Pause Young (Allocation Failure) 386M->375M(966M) 179.669ms
[394.989s][info][gc] GC(860) Pause Young (Allocation Failure) 641M->469M(966M) 160.274ms
[395.138s][info][gc] GC(861) Pause Young (Allocation Failure) 736M->736M(966M) 0.038ms
[395.626s][info][gc] GC(862) Pause Full (Allocation Failure) 736M->533M(966M) 488.028ms
[395.774s][info][gc] GC(863) Pause Young (Allocation Failure) 800M->800M(966M) 0.044ms
[396.307s][info][gc] GC(864) Pause Full (Allocation Failure) 800M->602M(966M) 532.802ms
[396.466s][info][gc] GC(865) Pause Young (Allocation Failure) 868M->868M(966M) 0.043ms
[397.223s][info][gc] GC(866) Pause Full (Allocation Failure) 868M->632M(966M) 757.340ms
[397.382s][info][gc] GC(867) Pause Young (Allocation Failure) 899M->899M(966M) 0.046ms
[398.104s][info][gc] GC(868) Pause Full (Allocation Failure) 899M->703M(966M) 720.979ms
[398.638s][info][gc] GC(869) Pause Full (Allocation Failure) 966M->51M(966M) 190.553ms
[399.291s][info][gc] GC(870) Pause Young (Allocation Failure) 318M->301M(966M) 175.379ms
[399.707s][info][gc] GC(871) Pause Young (Allocation Failure) 567M->431M(966M) 167.646ms
[399.858s][info][gc] GC(872) Pause Young (Allocation Failure) 698M->698M(966M) 0.045ms
[400.318s][info][gc] GC(873) Pause Full (Allocation Failure) 698M->495M(966M) 460.081ms
[400.468s][info][gc] GC(874) Pause Young (Allocation Failure) 761M->761M(966M) 0.044ms
[401.089s][info][gc] GC(875) Pause Full (Allocation Failure) 761M->557M(966M) 620.891ms
[401.240s][info][gc] GC(876) Pause Young (Allocation Failure) 824M->824M(966M) 0.043ms
[401.805s][info][gc] GC(877) Pause Full (Allocation Failure) 824M->625M(966M) 565.411ms
[401.955s][info][gc] GC(878) Pause Young (Allocation Failure) 892M->892M(966M) 0.044ms
[402.586s][info][gc] GC(879) Pause Full (Allocation Failure) 892M->697M(966M) 631.569ms
[403.002s][info][gc] GC(880) Pause Full (Allocation Failure) 966M->13M(966M) 154.579ms
[403.653s][info][gc] GC(881) Pause Young (Allocation Failure) 279M->266M(966M) 174.016ms
[404.107s][info][gc] GC(882) Pause Young (Allocation Failure) 533M->420M(966M) 169.491ms
[404.254s][info][gc] GC(883) Pause Young (Allocation Failure) 687M->687M(966M) 0.055ms
[404.792s][info][gc] GC(884) Pause Full (Allocation Failure) 687M->484M(966M) 538.165ms
[404.949s][info][gc] GC(885) Pause Young (Allocation Failure) 751M->751M(966M) 0.045ms
[405.458s][info][gc] GC(886) Pause Full (Allocation Failure) 751M->551M(966M) 509.286ms
[405.604s][info][gc] GC(887) Pause Young (Allocation Failure) 817M->817M(966M) 0.043ms
[406.169s][info][gc] GC(888) Pause Full (Allocation Failure) 817M->619M(966M) 564.677ms
[406.314s][info][gc] GC(889) Pause Young (Allocation Failure) 886M->886M(966M) 0.046ms
[406.939s][info][gc] GC(890) Pause Full (Allocation Failure) 886M->690M(966M) 625.573ms
[408.046s][info][gc] GC(891) Pause Full (Allocation Failure) 966M->741M(966M) 843.196ms
[408.802s][info][gc] GC(892) Pause Full (Allocation Failure) 959M->206M(966M) 309.455ms
[409.389s][info][gc] GC(893) Pause Young (Allocation Failure) 473M->423M(966M) 170.114ms
[409.537s][info][gc] GC(894) Pause Young (Allocation Failure) 690M->690M(966M) 0.045ms
[409.999s][info][gc] GC(895) Pause Full (Allocation Failure) 690M->486M(966M) 462.353ms
[410.163s][info][gc] GC(896) Pause Young (Allocation Failure) 753M->753M(966M) 0.046ms
[410.688s][info][gc] GC(897) Pause Full (Allocation Failure) 753M->552M(966M) 525.043ms
[410.835s][info][gc] GC(898) Pause Young (Allocation Failure) 819M->819M(966M) 0.043ms
[411.520s][info][gc] GC(899) Pause Full (Allocation Failure) 819M->591M(966M) 685.090ms
[411.675s][info][gc] GC(900) Pause Young (Allocation Failure) 858M->858M(966M) 0.044ms
[412.316s][info][gc] GC(901) Pause Full (Allocation Failure) 858M->662M(966M) 640.767ms
[412.467s][info][gc] GC(902) Pause Young (Allocation Failure) 929M->929M(966M) 0.046ms
[413.162s][info][gc] GC(903) Pause Full (Allocation Failure) 929M->725M(966M) 695.212ms
[413.775s][info][gc] GC(904) Pause Full (Allocation Failure) 966M->119M(966M) 255.530ms
[414.442s][info][gc] GC(905) Pause Young (Allocation Failure) 385M->374M(966M) 180.864ms
[414.743s][info][gc] GC(906) Pause Young (Allocation Failure) 640M->450M(966M) 151.661ms
[414.905s][info][gc] GC(907) Pause Young (Allocation Failure) 717M->717M(966M) 0.044ms
[415.495s][info][gc] GC(908) Pause Full (Allocation Failure) 717M->511M(966M) 590.024ms
[415.645s][info][gc] GC(909) Pause Young (Allocation Failure) 778M->778M(966M) 0.043ms
[416.200s][info][gc] GC(910) Pause Full (Allocation Failure) 778M->579M(966M) 555.414ms
[416.366s][info][gc] GC(911) Pause Young (Allocation Failure) 846M->846M(966M) 0.045ms
[416.973s][info][gc] GC(912) Pause Full (Allocation Failure) 846M->643M(966M) 606.872ms
[417.130s][info][gc] GC(913) Pause Young (Allocation Failure) 909M->909M(966M) 0.040ms
[417.788s][info][gc] GC(914) Pause Full (Allocation Failure) 909M->714M(966M) 657.987ms
[418.262s][info][gc] GC(915) Pause Full (Allocation Failure) 966M->63M(966M) 198.579ms
[418.921s][info][gc] GC(916) Pause Young (Allocation Failure) 330M->315M(966M) 180.704ms
[419.320s][info][gc] GC(917) Pause Young (Allocation Failure) 582M->435M(966M) 167.938ms
[419.469s][info][gc] GC(918) Pause Young (Allocation Failure) 702M->702M(966M) 0.044ms
[419.951s][info][gc] GC(919) Pause Full (Allocation Failure) 702M->499M(966M) 481.650ms
[420.098s][info][gc] GC(920) Pause Young (Allocation Failure) 764M->764M(966M) 0.055ms
[420.623s][info][gc] GC(921) Pause Full (Allocation Failure) 764M->564M(966M) 525.316ms
[420.773s][info][gc] GC(922) Pause Young (Allocation Failure) 831M->831M(966M) 0.040ms
[421.355s][info][gc] GC(923) Pause Full (Allocation Failure) 831M->633M(966M) 581.448ms
[421.504s][info][gc] GC(924) Pause Young (Allocation Failure) 899M->899M(966M) 0.059ms
[422.280s][info][gc] GC(925) Pause Full (Allocation Failure) 899M->687M(966M) 775.247ms
[422.711s][info][gc] GC(926) Pause Full (Allocation Failure) 966M->29M(966M) 170.677ms
[423.381s][info][gc] GC(927) Pause Young (Allocation Failure) 295M->280M(966M) 178.864ms
[423.829s][info][gc] GC(928) Pause Young (Allocation Failure) 546M->424M(966M) 173.029ms
[423.986s][info][gc] GC(929) Pause Young (Allocation Failure) 691M->691M(966M) 0.049ms
[424.454s][info][gc] GC(930) Pause Full (Allocation Failure) 691M->488M(966M) 467.533ms
[424.606s][info][gc] GC(931) Pause Young (Allocation Failure) 755M->755M(966M) 0.049ms
[425.132s][info][gc] GC(932) Pause Full (Allocation Failure) 755M->555M(966M) 525.682ms
[425.285s][info][gc] GC(933) Pause Young (Allocation Failure) 821M->821M(966M) 0.045ms
[425.973s][info][gc] GC(934) Pause Full (Allocation Failure) 821M->615M(966M) 688.692ms
[426.120s][info][gc] GC(935) Pause Young (Allocation Failure) 881M->881M(966M) 0.045ms
[426.751s][info][gc] GC(936) Pause Full (Allocation Failure) 881M->686M(966M) 630.606ms
[427.745s][info][gc] GC(937) Pause Full (Allocation Failure) 966M->752M(966M) 734.078ms
[428.494s][info][gc] GC(938) Pause Full (Allocation Failure) 966M->229M(966M) 312.331ms
[429.078s][info][gc] GC(939) Pause Young (Allocation Failure) 496M->444M(966M) 178.382ms
[429.229s][info][gc] GC(940) Pause Young (Allocation Failure) 711M->711M(966M) 0.045ms
[429.779s][info][gc] GC(941) Pause Full (Allocation Failure) 711M->468M(966M) 549.783ms
[429.932s][info][gc] GC(942) Pause Young (Allocation Failure) 735M->735M(966M) 0.044ms
[430.459s][info][gc] GC(943) Pause Full (Allocation Failure) 735M->535M(966M) 527.392ms
[430.610s][info][gc] GC(944) Pause Young (Allocation Failure) 801M->801M(966M) 0.045ms
[431.174s][info][gc] GC(945) Pause Full (Allocation Failure) 801M->603M(966M) 563.580ms
[431.323s][info][gc] GC(946) Pause Young (Allocation Failure) 870M->870M(966M) 0.045ms
[431.956s][info][gc] GC(947) Pause Full (Allocation Failure) 870M->674M(966M) 632.761ms
[432.983s][info][gc] GC(948) Pause Full (Allocation Failure) 966M->729M(966M) 754.362ms
[433.675s][info][gc] GC(949) Pause Full (Allocation Failure) 966M->153M(966M) 275.835ms
[434.320s][info][gc] GC(950) Pause Young (Allocation Failure) 420M->397M(966M) 182.231ms
[434.621s][info][gc] GC(951) Pause Young (Allocation Failure) 664M->461M(966M) 149.896ms
[434.771s][info][gc] GC(952) Pause Young (Allocation Failure) 728M->728M(966M) 0.045ms
[435.280s][info][gc] GC(953) Pause Full (Allocation Failure) 728M->525M(966M) 508.915ms
[435.434s][info][gc] GC(954) Pause Young (Allocation Failure) 792M->792M(966M) 0.043ms
[435.991s][info][gc] GC(955) Pause Full (Allocation Failure) 792M->593M(966M) 557.317ms
[436.143s][info][gc] GC(956) Pause Young (Allocation Failure) 853M->853M(966M) 0.040ms
[436.890s][info][gc] GC(957) Pause Full (Allocation Failure) 853M->645M(966M) 747.434ms
[437.052s][info][gc] GC(958) Pause Young (Allocation Failure) 912M->912M(966M) 0.043ms
[437.711s][info][gc] GC(959) Pause Full (Allocation Failure) 912M->716M(966M) 659.711ms
[438.248s][info][gc] GC(960) Pause Full (Allocation Failure) 965M->91M(966M) 220.630ms
[438.914s][info][gc] GC(961) Pause Young (Allocation Failure) 357M->342M(966M) 182.841ms
[439.266s][info][gc] GC(962) Pause Young (Allocation Failure) 609M->444M(966M) 161.855ms
[439.417s][info][gc] GC(963) Pause Young (Allocation Failure) 710M->710M(966M) 0.044ms
[439.910s][info][gc] GC(964) Pause Full (Allocation Failure) 710M->506M(966M) 493.288ms
[440.064s][info][gc] GC(965) Pause Young (Allocation Failure) 773M->773M(966M) 0.044ms
[440.700s][info][gc] GC(966) Pause Full (Allocation Failure) 773M->567M(966M) 634.204ms
[440.855s][info][gc] GC(967) Pause Young (Allocation Failure) 833M->833M(966M) 0.044ms
[441.446s][info][gc] GC(968) Pause Full (Allocation Failure) 833M->630M(966M) 590.927ms
[441.598s][info][gc] GC(969) Pause Young (Allocation Failure) 896M->896M(966M) 0.038ms
[442.258s][info][gc] GC(970) Pause Full (Allocation Failure) 896M->700M(966M) 659.434ms
[442.685s][info][gc] GC(971) Pause Full (Allocation Failure) 966M->40M(966M) 181.572ms
[443.326s][info][gc] GC(972) Pause Young (Allocation Failure) 297M->280M(966M) 171.658ms
[443.770s][info][gc] GC(973) Pause Young (Allocation Failure) 547M->425M(966M) 170.492ms
[443.917s][info][gc] GC(974) Pause Young (Allocation Failure) 692M->692M(966M) 0.042ms
[444.475s][info][gc] GC(975) Pause Full (Allocation Failure) 692M->488M(966M) 557.950ms
[444.627s][info][gc] GC(976) Pause Young (Allocation Failure) 755M->755M(966M) 0.044ms
[445.157s][info][gc] GC(977) Pause Full (Allocation Failure) 755M->555M(966M) 530.397ms
[445.305s][info][gc] GC(978) Pause Young (Allocation Failure) 821M->821M(966M) 0.046ms
[445.882s][info][gc] GC(979) Pause Full (Allocation Failure) 821M->623M(966M) 577.139ms
[446.032s][info][gc] GC(980) Pause Young (Allocation Failure) 890M->890M(966M) 0.066ms
[446.671s][info][gc] GC(981) Pause Full (Allocation Failure) 890M->694M(966M) 639.611ms
[447.765s][info][gc] GC(982) Pause Full (Allocation Failure) 966M->744M(966M) 837.472ms
[448.518s][info][gc] GC(983) Pause Full (Allocation Failure) 966M->197M(966M) 313.970ms
[449.093s][info][gc] GC(984) Pause Young (Allocation Failure) 464M->411M(966M) 181.222ms
[449.243s][info][gc] GC(985) Pause Young (Allocation Failure) 678M->678M(966M) 0.061ms
[449.712s][info][gc] GC(986) Pause Full (Allocation Failure) 678M->475M(966M) 469.296ms
[449.863s][info][gc] GC(987) Pause Young (Allocation Failure) 742M->742M(966M) 0.045ms
[450.382s][info][gc] GC(988) Pause Full (Allocation Failure) 742M->542M(966M) 519.178ms
[450.532s][info][gc] GC(989) Pause Young (Allocation Failure) 809M->809M(966M) 0.045ms
[451.218s][info][gc] GC(990) Pause Full (Allocation Failure) 809M->596M(966M) 686.697ms
[451.367s][info][gc] GC(991) Pause Young (Allocation Failure) 862M->862M(966M) 0.045ms
[452.003s][info][gc] GC(992) Pause Full (Allocation Failure) 862M->667M(966M) 636.888ms
[452.977s][info][gc] GC(993) Pause Full (Allocation Failure) 966M->738M(966M) 701.280ms
[453.636s][info][gc] GC(994) Pause Full (Allocation Failure) 966M->152M(966M) 275.524ms
[454.266s][info][gc] GC(995) Pause Young (Allocation Failure) 419M->397M(966M) 181.636ms
[454.568s][info][gc] GC(996) Pause Young (Allocation Failure) 664M->461M(966M) 151.252ms
[454.718s][info][gc] GC(997) Pause Young (Allocation Failure) 728M->728M(966M) 0.044ms
[455.314s][info][gc] GC(998) Pause Full (Allocation Failure) 728M->520M(966M) 595.667ms
[455.465s][info][gc] GC(999) Pause Young (Allocation Failure) 787M->787M(966M) 0.050ms
[456.021s][info][gc] GC(1000) Pause Full (Allocation Failure) 787M->589M(966M) 556.654ms
[456.171s][info][gc] GC(1001) Pause Young (Allocation Failure) 853M->853M(966M) 0.037ms
[456.794s][info][gc] GC(1002) Pause Full (Allocation Failure) 853M->650M(966M) 622.800ms
[456.950s][info][gc] GC(1003) Pause Young (Allocation Failure) 917M->917M(966M) 0.045ms
[457.613s][info][gc] GC(1004) Pause Full (Allocation Failure) 917M->721M(966M) 663.255ms
[458.159s][info][gc] GC(1005) Pause Full (Allocation Failure) 966M->85M(966M) 228.555ms
[458.838s][info][gc] GC(1006) Pause Young (Allocation Failure) 352M->337M(966M) 186.710ms
[459.212s][info][gc] GC(1007) Pause Young (Allocation Failure) 603M->441M(966M) 171.507ms
[459.370s][info][gc] GC(1008) Pause Young (Allocation Failure) 708M->708M(966M) 0.045ms
[459.875s][info][gc] GC(1009) Pause Full (Allocation Failure) 708M->505M(966M) 505.577ms
[460.030s][info][gc] GC(1010) Pause Young (Allocation Failure) 772M->772M(966M) 0.044ms
[460.567s][info][gc] GC(1011) Pause Full (Allocation Failure) 772M->572M(966M) 536.094ms
[460.755s][info][gc] GC(1012) Pause Young (Allocation Failure) 839M->839M(966M) 0.067ms
[461.452s][info][gc] GC(1013) Pause Full (Allocation Failure) 839M->635M(966M) 696.786ms
[461.606s][info][gc] GC(1014) Pause Young (Allocation Failure) 902M->902M(966M) 0.046ms
[462.389s][info][gc] GC(1015) Pause Full (Allocation Failure) 902M->694M(966M) 782.987ms
[462.854s][info][gc] GC(1016) Pause Full (Allocation Failure) 966M->48M(966M) 190.820ms
[463.497s][info][gc] GC(1017) Pause Young (Allocation Failure) 314M->297M(966M) 178.174ms
[463.923s][info][gc] GC(1018) Pause Young (Allocation Failure) 564M->432M(966M) 170.741ms
[464.072s][info][gc] GC(1019) Pause Young (Allocation Failure) 698M->698M(966M) 0.045ms
[464.552s][info][gc] GC(1020) Pause Full (Allocation Failure) 698M->495M(966M) 479.802ms
[464.714s][info][gc] GC(1021) Pause Young (Allocation Failure) 762M->762M(966M) 0.045ms
[465.235s][info][gc] GC(1022) Pause Full (Allocation Failure) 762M->562M(966M) 520.738ms
[465.390s][info][gc] GC(1023) Pause Young (Allocation Failure) 829M->829M(966M) 0.039ms
[466.141s][info][gc] GC(1024) Pause Full (Allocation Failure) 829M->621M(966M) 751.022ms
[466.305s][info][gc] GC(1025) Pause Young (Allocation Failure) 888M->888M(966M) 0.045ms
[466.948s][info][gc] GC(1026) Pause Full (Allocation Failure) 888M->692M(966M) 643.310ms
[467.366s][info][gc] GC(1027) Pause Full (Allocation Failure) 966M->14M(966M) 155.318ms
[468.024s][info][gc] GC(1028) Pause Young (Allocation Failure) 280M->267M(966M) 180.120ms
[468.486s][info][gc] GC(1029) Pause Young (Allocation Failure) 533M->422M(966M) 174.434ms
[468.638s][info][gc] GC(1030) Pause Young (Allocation Failure) 688M->688M(966M) 0.041ms
[469.099s][info][gc] GC(1031) Pause Full (Allocation Failure) 688M->485M(966M) 460.675ms
[469.249s][info][gc] GC(1032) Pause Young (Allocation Failure) 752M->752M(966M) 0.045ms
[469.889s][info][gc] GC(1033) Pause Full (Allocation Failure) 752M->549M(966M) 639.299ms
[470.047s][info][gc] GC(1034) Pause Young (Allocation Failure) 815M->815M(966M) 0.046ms
[470.621s][info][gc] GC(1035) Pause Full (Allocation Failure) 815M->617M(966M) 573.965ms
[470.782s][info][gc] GC(1036) Pause Young (Allocation Failure) 884M->884M(966M) 0.041ms
[471.423s][info][gc] GC(1037) Pause Full (Allocation Failure) 884M->688M(966M) 641.046ms
[472.426s][info][gc] GC(1038) Pause Full (Allocation Failure) 966M->754M(966M) 737.319ms
[473.311s][info][gc] GC(1039) Pause Full (Allocation Failure) 966M->184M(966M) 318.240ms
[474.007s][info][gc] GC(1040) Pause Young (Allocation Failure) 450M->405M(966M) 170.270ms
[474.162s][info][gc] GC(1041) Pause Young (Allocation Failure) 672M->672M(966M) 0.045ms
[474.628s][info][gc] GC(1042) Pause Full (Allocation Failure) 672M->469M(966M) 466.084ms
[474.775s][info][gc] GC(1043) Pause Young (Allocation Failure) 736M->736M(966M) 0.043ms
[475.286s][info][gc] GC(1044) Pause Full (Allocation Failure) 736M->535M(966M) 510.188ms
[475.453s][info][gc] GC(1045) Pause Young (Allocation Failure) 802M->802M(966M) 0.043ms
[476.048s][info][gc] GC(1046) Pause Full (Allocation Failure) 802M->603M(966M) 595.113ms
[476.201s][info][gc] GC(1047) Pause Young (Allocation Failure) 870M->870M(966M) 0.044ms
[476.980s][info][gc] GC(1048) Pause Full (Allocation Failure) 870M->656M(966M) 778.518ms
[477.147s][info][gc] GC(1049) Pause Young (Allocation Failure) 923M->923M(966M) 0.043ms
[477.852s][info][gc] GC(1050) Pause Full (Allocation Failure) 923M->719M(966M) 704.480ms
[478.553s][info][gc] GC(1051) Pause Full (Allocation Failure) 966M->123M(966M) 262.806ms
[479.385s][info][gc] GC(1052) Pause Young (Allocation Failure) 390M->378M(966M) 198.864ms
[479.692s][info][gc] GC(1053) Pause Young (Allocation Failure) 645M->452M(966M) 151.931ms
[479.862s][info][gc] GC(1054) Pause Young (Allocation Failure) 719M->719M(966M) 0.043ms
[480.367s][info][gc] GC(1055) Pause Full (Allocation Failure) 719M->516M(966M) 505.159ms
[480.535s][info][gc] GC(1056) Pause Young (Allocation Failure) 783M->783M(966M) 0.041ms
[481.216s][info][gc] GC(1057) Pause Full (Allocation Failure) 783M->577M(966M) 681.113ms
[481.388s][info][gc] GC(1058) Pause Young (Allocation Failure) 844M->844M(966M) 0.042ms
[482.008s][info][gc] GC(1059) Pause Full (Allocation Failure) 844M->640M(966M) 619.655ms
[482.162s][info][gc] GC(1060) Pause Young (Allocation Failure) 907M->907M(966M) 0.041ms
[482.839s][info][gc] GC(1061) Pause Full (Allocation Failure) 907M->711M(966M) 676.883ms
[483.361s][info][gc] GC(1062) Pause Full (Allocation Failure) 966M->70M(966M) 211.031ms
[484.159s][info][gc] GC(1063) Pause Young (Allocation Failure) 337M->322M(966M) 188.644ms
[484.586s][info][gc] GC(1064) Pause Young (Allocation Failure) 588M->438M(966M) 169.228ms
[484.744s][info][gc] GC(1065) Pause Young (Allocation Failure) 705M->705M(966M) 0.050ms
[485.338s][info][gc] GC(1066) Pause Full (Allocation Failure) 705M->500M(966M) 593.842ms
[485.507s][info][gc] GC(1067) Pause Young (Allocation Failure) 766M->766M(966M) 0.061ms
[486.074s][info][gc] GC(1068) Pause Full (Allocation Failure) 766M->567M(966M) 566.584ms
[486.245s][info][gc] GC(1069) Pause Young (Allocation Failure) 834M->834M(966M) 0.043ms
[486.857s][info][gc] GC(1070) Pause Full (Allocation Failure) 834M->630M(966M) 611.052ms
[487.011s][info][gc] GC(1071) Pause Young (Allocation Failure) 897M->897M(966M) 0.043ms
[487.680s][info][gc] GC(1072) Pause Full (Allocation Failure) 897M->701M(966M) 668.608ms
[488.114s][info][gc] GC(1073) Pause Full (Allocation Failure) 966M->27M(966M) 173.490ms
[488.943s][info][gc] GC(1074) Pause Young (Allocation Failure) 294M->281M(966M) 190.941ms
[489.452s][info][gc] GC(1075) Pause Young (Allocation Failure) 548M->426M(966M) 178.486ms
[489.619s][info][gc] GC(1076) Pause Young (Allocation Failure) 693M->693M(966M) 0.044ms
[490.103s][info][gc] GC(1077) Pause Full (Allocation Failure) 693M->490M(966M) 483.306ms
[490.259s][info][gc] GC(1078) Pause Young (Allocation Failure) 756M->756M(966M) 0.054ms
[490.794s][info][gc] GC(1079) Pause Full (Allocation Failure) 756M->556M(966M) 534.337ms
[490.964s][info][gc] GC(1080) Pause Young (Allocation Failure) 823M->823M(966M) 0.042ms
[491.560s][info][gc] GC(1081) Pause Full (Allocation Failure) 823M->625M(966M) 596.291ms
[491.715s][info][gc] GC(1082) Pause Young (Allocation Failure) 891M->891M(966M) 0.041ms
[492.502s][info][gc] GC(1083) Pause Full (Allocation Failure) 891M->681M(966M) 786.381ms
[493.497s][info][gc] GC(1084) Pause Full (Allocation Failure) 966M->748M(966M) 704.462ms
[494.291s][info][gc] GC(1085) Pause Full (Allocation Failure) 966M->238M(966M) 324.169ms
[494.931s][info][gc] GC(1086) Pause Young (Allocation Failure) 505M->446M(966M) 168.898ms
[495.079s][info][gc] GC(1087) Pause Young (Allocation Failure) 713M->713M(966M) 0.051ms
[495.583s][info][gc] GC(1088) Pause Full (Allocation Failure) 713M->503M(966M) 503.983ms
[495.733s][info][gc] GC(1089) Pause Young (Allocation Failure) 769M->769M(966M) 0.042ms
[496.357s][info][gc] GC(1090) Pause Full (Allocation Failure) 769M->535M(966M) 624.640ms
[496.512s][info][gc] GC(1091) Pause Young (Allocation Failure) 802M->802M(966M) 0.042ms
[497.078s][info][gc] GC(1092) Pause Full (Allocation Failure) 802M->604M(966M) 565.764ms
[497.229s][info][gc] GC(1093) Pause Young (Allocation Failure) 870M->870M(966M) 0.046ms
[497.856s][info][gc] GC(1094) Pause Full (Allocation Failure) 870M->675M(966M) 627.057ms
[498.827s][info][gc] GC(1095) Pause Full (Allocation Failure) 966M->744M(966M) 697.573ms
[499.580s][info][gc] GC(1096) Pause Full (Allocation Failure) 966M->149M(966M) 283.081ms
[500.418s][info][gc] GC(1097) Pause Young (Allocation Failure) 415M->397M(966M) 203.058ms
[500.726s][info][gc] GC(1098) Pause Young (Allocation Failure) 664M->461M(966M) 149.895ms
[500.880s][info][gc] GC(1099) Pause Young (Allocation Failure) 728M->728M(966M) 0.053ms
[501.405s][info][gc] GC(1100) Pause Full (Allocation Failure) 728M->525M(966M) 524.642ms
[501.590s][info][gc] GC(1101) Pause Young (Allocation Failure) 792M->792M(966M) 0.039ms
[502.235s][info][gc] GC(1102) Pause Full (Allocation Failure) 792M->593M(966M) 645.100ms
[502.396s][info][gc] GC(1103) Pause Young (Allocation Failure) 860M->860M(966M) 0.043ms
[503.020s][info][gc] GC(1104) Pause Full (Allocation Failure) 860M->656M(966M) 624.089ms
[503.179s][info][gc] GC(1105) Pause Young (Allocation Failure) 923M->923M(966M) 0.043ms
[504.042s][info][gc] GC(1106) Pause Full (Allocation Failure) 923M->711M(966M) 862.662ms
[504.637s][info][gc] GC(1107) Pause Full (Allocation Failure) 966M->94M(966M) 235.619ms
[505.472s][info][gc] GC(1108) Pause Young (Allocation Failure) 361M->349M(966M) 208.535ms
[505.862s][info][gc] GC(1109) Pause Young (Allocation Failure) 616M->446M(966M) 180.538ms
[506.024s][info][gc] GC(1110) Pause Young (Allocation Failure) 713M->713M(966M) 0.050ms
[506.546s][info][gc] GC(1111) Pause Full (Allocation Failure) 713M->510M(966M) 521.886ms
[506.723s][info][gc] GC(1112) Pause Young (Allocation Failure) 777M->777M(966M) 0.060ms
[507.353s][info][gc] GC(1113) Pause Full (Allocation Failure) 777M->578M(966M) 630.134ms
[507.534s][info][gc] GC(1114) Pause Young (Allocation Failure) 845M->845M(966M) 0.052ms
[508.370s][info][gc] GC(1115) Pause Full (Allocation Failure) 845M->634M(966M) 835.780ms
[508.527s][info][gc] GC(1116) Pause Young (Allocation Failure) 901M->901M(966M) 0.044ms
[509.230s][info][gc] GC(1117) Pause Full (Allocation Failure) 901M->705M(966M) 702.813ms
[509.706s][info][gc] GC(1118) Pause Full (Allocation Failure) 966M->49M(966M) 196.534ms
[510.464s][info][gc] GC(1119) Pause Young (Allocation Failure) 315M->298M(966M) 209.421ms
[510.930s][info][gc] GC(1120) Pause Young (Allocation Failure) 565M->433M(966M) 180.135ms
[511.097s][info][gc] GC(1121) Pause Young (Allocation Failure) 699M->699M(966M) 0.040ms
[511.591s][info][gc] GC(1122) Pause Full (Allocation Failure) 699M->496M(966M) 493.607ms
[511.760s][info][gc] GC(1123) Pause Young (Allocation Failure) 763M->763M(966M) 0.045ms
[512.424s][info][gc] GC(1124) Pause Full (Allocation Failure) 763M->559M(966M) 664.565ms
[512.581s][info][gc] GC(1125) Pause Young (Allocation Failure) 825M->825M(966M) 0.043ms
[513.230s][info][gc] GC(1126) Pause Full (Allocation Failure) 825M->627M(966M) 648.366ms
[513.385s][info][gc] GC(1127) Pause Young (Allocation Failure) 894M->894M(966M) 0.045ms
[514.033s][info][gc] GC(1128) Pause Full (Allocation Failure) 894M->698M(966M) 648.725ms
[515.028s][info][gc] GC(1129) Pause Full (Allocation Failure) 966M->762M(966M) 736.336ms
[515.807s][info][gc] GC(1130) Pause Full (Allocation Failure) 966M->200M(966M) 325.934ms
[516.382s][info][gc] GC(1131) Pause Young (Allocation Failure) 466M->413M(966M) 178.258ms
[516.532s][info][gc] GC(1132) Pause Young (Allocation Failure) 680M->680M(966M) 0.044ms
[517.006s][info][gc] GC(1133) Pause Full (Allocation Failure) 680M->477M(966M) 473.508ms
[517.158s][info][gc] GC(1134) Pause Young (Allocation Failure) 744M->744M(966M) 0.043ms
[517.679s][info][gc] GC(1135) Pause Full (Allocation Failure) 744M->544M(966M) 521.013ms
[517.837s][info][gc] GC(1136) Pause Young (Allocation Failure) 810M->810M(966M) 0.045ms
[518.404s][info][gc] GC(1137) Pause Full (Allocation Failure) 810M->612M(966M) 566.869ms
[518.549s][info][gc] GC(1138) Pause Young (Allocation Failure) 879M->879M(966M) 0.044ms
[519.310s][info][gc] GC(1139) Pause Full (Allocation Failure) 879M->662M(966M) 761.224ms
[519.465s][info][gc] GC(1140) Pause Young (Allocation Failure) 928M->928M(966M) 0.045ms
[520.160s][info][gc] GC(1141) Pause Full (Allocation Failure) 928M->725M(966M) 694.865ms
[520.809s][info][gc] GC(1142) Pause Full (Allocation Failure) 966M->140M(966M) 263.120ms
[521.474s][info][gc] GC(1143) Pause Young (Allocation Failure) 406M->399M(966M) 185.984ms
[521.778s][info][gc] GC(1144) Pause Young (Allocation Failure) 665M->462M(966M) 147.460ms
[521.925s][info][gc] GC(1145) Pause Young (Allocation Failure) 729M->729M(966M) 0.045ms
[522.424s][info][gc] GC(1146) Pause Full (Allocation Failure) 729M->526M(966M) 499.520ms
[522.571s][info][gc] GC(1147) Pause Young (Allocation Failure) 793M->793M(966M) 0.044ms
[523.236s][info][gc] GC(1148) Pause Full (Allocation Failure) 793M->581M(966M) 664.818ms
[523.389s][info][gc] GC(1149) Pause Young (Allocation Failure) 848M->848M(966M) 0.044ms
[523.996s][info][gc] GC(1150) Pause Full (Allocation Failure) 848M->644M(966M) 607.451ms
[524.146s][info][gc] GC(1151) Pause Young (Allocation Failure) 911M->911M(966M) 0.040ms
[524.810s][info][gc] GC(1152) Pause Full (Allocation Failure) 911M->716M(966M) 664.119ms
[525.328s][info][gc] GC(1153) Pause Full (Allocation Failure) 966M->81M(966M) 217.273ms
[525.968s][info][gc] GC(1154) Pause Young (Allocation Failure) 347M->333M(966M) 176.843ms
[526.337s][info][gc] GC(1155) Pause Young (Allocation Failure) 599M->441M(966M) 164.583ms
[526.485s][info][gc] GC(1156) Pause Young (Allocation Failure) 708M->708M(966M) 0.045ms
[527.057s][info][gc] GC(1157) Pause Full (Allocation Failure) 708M->503M(966M) 572.401ms
[527.204s][info][gc] GC(1158) Pause Young (Allocation Failure) 770M->770M(966M) 0.044ms
[527.734s][info][gc] GC(1159) Pause Full (Allocation Failure) 770M->570M(966M) 530.274ms
[527.898s][info][gc] GC(1160) Pause Young (Allocation Failure) 837M->837M(966M) 0.047ms
[528.497s][info][gc] GC(1161) Pause Full (Allocation Failure) 837M->634M(966M) 599.193ms
[528.646s][info][gc] GC(1162) Pause Young (Allocation Failure) 900M->900M(966M) 0.043ms
[529.292s][info][gc] GC(1163) Pause Full (Allocation Failure) 900M->705M(966M) 645.868ms
[529.719s][info][gc] GC(1164) Pause Full (Allocation Failure) 966M->35M(966M) 178.350ms
[530.387s][info][gc] GC(1165) Pause Young (Allocation Failure) 295M->282M(966M) 180.418ms
[530.848s][info][gc] GC(1166) Pause Young (Allocation Failure) 549M->427M(966M) 177.174ms
[531.000s][info][gc] GC(1167) Pause Young (Allocation Failure) 694M->694M(966M) 0.043ms
[531.468s][info][gc] GC(1168) Pause Full (Allocation Failure) 694M->491M(966M) 467.479ms
[531.615s][info][gc] GC(1169) Pause Young (Allocation Failure) 757M->757M(966M) 0.044ms
[532.181s][info][gc] GC(1170) Pause Full (Allocation Failure) 757M->557M(966M) 566.069ms
[532.335s][info][gc] GC(1171) Pause Young (Allocation Failure) 824M->824M(966M) 0.045ms
[532.987s][info][gc] GC(1172) Pause Full (Allocation Failure) 824M->626M(966M) 651.946ms
[533.183s][info][gc] GC(1173) Pause Young (Allocation Failure) 893M->893M(966M) 0.039ms
[533.984s][info][gc] GC(1174) Pause Full (Allocation Failure) 893M->681M(966M) 800.917ms
[534.962s][info][gc] GC(1175) Pause Full (Allocation Failure) 966M->749M(966M) 704.426ms
[535.755s][info][gc] GC(1176) Pause Full (Allocation Failure) 966M->207M(966M) 324.955ms
[536.313s][info][gc] GC(1177) Pause Young (Allocation Failure) 473M->415M(966M) 172.711ms
[536.459s][info][gc] GC(1178) Pause Young (Allocation Failure) 682M->682M(966M) 0.039ms
[536.922s][info][gc] GC(1179) Pause Full (Allocation Failure) 682M->479M(966M) 463.535ms
[537.077s][info][gc] GC(1180) Pause Young (Allocation Failure) 746M->746M(966M) 0.046ms
[537.739s][info][gc] GC(1181) Pause Full (Allocation Failure) 746M->536M(966M) 661.785ms
[537.898s][info][gc] GC(1182) Pause Young (Allocation Failure) 802M->802M(966M) 0.040ms
[538.515s][info][gc] GC(1183) Pause Full (Allocation Failure) 802M->604M(966M) 617.251ms
[538.666s][info][gc] GC(1184) Pause Young (Allocation Failure) 871M->871M(966M) 0.041ms
[539.308s][info][gc] GC(1185) Pause Full (Allocation Failure) 871M->675M(966M) 642.525ms
[540.289s][info][gc] GC(1186) Pause Full (Allocation Failure) 966M->744M(966M) 710.744ms
[541.050s][info][gc] GC(1187) Pause Full (Allocation Failure) 966M->147M(966M) 272.794ms
[541.840s][info][gc] GC(1188) Pause Young (Allocation Failure) 414M->398M(966M) 183.495ms
[542.165s][info][gc] GC(1189) Pause Young (Allocation Failure) 664M->461M(966M) 156.888ms
[542.326s][info][gc] GC(1190) Pause Young (Allocation Failure) 728M->728M(966M) 0.040ms
[542.850s][info][gc] GC(1191) Pause Full (Allocation Failure) 728M->525M(966M) 524.692ms
[543.017s][info][gc] GC(1192) Pause Young (Allocation Failure) 792M->792M(966M) 0.044ms
[543.606s][info][gc] GC(1193) Pause Full (Allocation Failure) 792M->594M(966M) 588.767ms
[543.788s][info][gc] GC(1194) Pause Young (Allocation Failure) 860M->860M(966M) 0.053ms
[544.414s][info][gc] GC(1195) Pause Full (Allocation Failure) 860M->657M(966M) 625.572ms
[544.565s][info][gc] GC(1196) Pause Young (Allocation Failure) 924M->924M(966M) 0.042ms
[545.426s][info][gc] GC(1197) Pause Full (Allocation Failure) 924M->711M(966M) 861.562ms
[546.034s][info][gc] GC(1198) Pause Full (Allocation Failure) 964M->91M(966M) 227.276ms
[546.844s][info][gc] GC(1199) Pause Young (Allocation Failure) 358M->343M(966M) 193.389ms
[547.239s][info][gc] GC(1200) Pause Young (Allocation Failure) 610M->444M(966M) 168.236ms
[547.400s][info][gc] GC(1201) Pause Young (Allocation Failure) 708M->708M(966M) 0.051ms
[547.902s][info][gc] GC(1202) Pause Full (Allocation Failure) 708M->507M(966M) 502.276ms
[548.068s][info][gc] GC(1203) Pause Young (Allocation Failure) 773M->773M(966M) 0.074ms
[548.610s][info][gc] GC(1204) Pause Full (Allocation Failure) 773M->574M(966M) 541.907ms
[548.765s][info][gc] GC(1205) Pause Young (Allocation Failure) 841M->841M(966M) 0.042ms
[549.511s][info][gc] GC(1206) Pause Full (Allocation Failure) 841M->632M(966M) 745.766ms
[549.679s][info][gc] GC(1207) Pause Young (Allocation Failure) 898M->898M(966M) 0.045ms
[550.359s][info][gc] GC(1208) Pause Full (Allocation Failure) 898M->703M(966M) 679.959ms
[550.805s][info][gc] GC(1209) Pause Full (Allocation Failure) 966M->39M(966M) 187.990ms
[551.587s][info][gc] GC(1210) Pause Young (Allocation Failure) 306M->288M(966M) 178.799ms
[552.103s][info][gc] GC(1211) Pause Young (Allocation Failure) 554M->430M(966M) 176.912ms
[552.262s][info][gc] GC(1212) Pause Young (Allocation Failure) 697M->697M(966M) 0.043ms
[552.754s][info][gc] GC(1213) Pause Full (Allocation Failure) 697M->494M(966M) 492.132ms
[552.922s][info][gc] GC(1214) Pause Young (Allocation Failure) 761M->761M(966M) 0.042ms
[553.560s][info][gc] GC(1215) Pause Full (Allocation Failure) 761M->557M(966M) 637.992ms
[553.716s][info][gc] GC(1216) Pause Young (Allocation Failure) 823M->823M(966M) 0.043ms
[554.308s][info][gc] GC(1217) Pause Full (Allocation Failure) 823M->625M(966M) 592.691ms
[554.492s][info][gc] GC(1218) Pause Young (Allocation Failure) 892M->892M(966M) 0.042ms
[555.171s][info][gc] GC(1219) Pause Full (Allocation Failure) 892M->696M(966M) 678.957ms
[556.171s][info][gc] GC(1220) Pause Full (Allocation Failure) 966M->760M(966M) 721.775ms
[557.021s][info][gc] GC(1221) Pause Full (Allocation Failure) 960M->192M(966M) 315.577ms
[557.724s][info][gc] GC(1222) Pause Young (Allocation Failure) 458M->409M(966M) 178.353ms
[557.904s][info][gc] GC(1223) Pause Young (Allocation Failure) 675M->675M(966M) 0.043ms
[558.382s][info][gc] GC(1224) Pause Full (Allocation Failure) 675M->471M(966M) 477.877ms
[558.548s][info][gc] GC(1225) Pause Young (Allocation Failure) 738M->738M(966M) 0.051ms
[559.083s][info][gc] GC(1226) Pause Full (Allocation Failure) 738M->537M(966M) 534.878ms
[559.250s][info][gc] GC(1227) Pause Young (Allocation Failure) 804M->804M(966M) 0.043ms
[559.872s][info][gc] GC(1228) Pause Full (Allocation Failure) 804M->606M(966M) 622.207ms
[560.044s][info][gc] GC(1229) Pause Young (Allocation Failure) 873M->873M(966M) 0.042ms
[560.827s][info][gc] GC(1230) Pause Full (Allocation Failure) 873M->659M(966M) 783.564ms
[560.991s][info][gc] GC(1231) Pause Young (Allocation Failure) 925M->925M(966M) 0.042ms
[561.680s][info][gc] GC(1232) Pause Full (Allocation Failure) 925M->722M(966M) 689.523ms
[562.390s][info][gc] GC(1233) Pause Full (Allocation Failure) 966M->125M(966M) 252.287ms
[563.188s][info][gc] GC(1234) Pause Young (Allocation Failure) 392M->380M(966M) 175.958ms
[563.487s][info][gc] GC(1235) Pause Young (Allocation Failure) 647M->454M(966M) 147.914ms
[563.637s][info][gc] GC(1236) Pause Young (Allocation Failure) 721M->721M(966M) 0.042ms
[564.154s][info][gc] GC(1237) Pause Full (Allocation Failure) 721M->518M(966M) 516.957ms
[564.310s][info][gc] GC(1238) Pause Young (Allocation Failure) 785M->785M(966M) 0.042ms
[564.972s][info][gc] GC(1239) Pause Full (Allocation Failure) 785M->579M(966M) 662.626ms
[565.153s][info][gc] GC(1240) Pause Young (Allocation Failure) 846M->846M(966M) 0.047ms
[565.766s][info][gc] GC(1241) Pause Full (Allocation Failure) 846M->642M(966M) 613.091ms
[565.923s][info][gc] GC(1242) Pause Young (Allocation Failure) 909M->909M(966M) 0.044ms
[566.575s][info][gc] GC(1243) Pause Full (Allocation Failure) 909M->713M(966M) 652.626ms
[567.117s][info][gc] GC(1244) Pause Full (Allocation Failure) 966M->70M(966M) 206.360ms
[567.912s][info][gc] GC(1245) Pause Young (Allocation Failure) 337M->322M(966M) 176.009ms
[568.330s][info][gc] GC(1246) Pause Young (Allocation Failure) 589M->440M(966M) 169.164ms
[568.493s][info][gc] GC(1247) Pause Young (Allocation Failure) 706M->706M(966M) 0.043ms
[569.078s][info][gc] GC(1248) Pause Full (Allocation Failure) 706M->501M(966M) 585.287ms
[569.248s][info][gc] GC(1249) Pause Young (Allocation Failure) 768M->768M(966M) 0.044ms
[569.815s][info][gc] GC(1250) Pause Full (Allocation Failure) 768M->569M(966M) 566.932ms
[569.983s][info][gc] GC(1251) Pause Young (Allocation Failure) 835M->835M(966M) 0.043ms
[570.621s][info][gc] GC(1252) Pause Full (Allocation Failure) 835M->632M(966M) 637.792ms
[570.790s][info][gc] GC(1253) Pause Young (Allocation Failure) 898M->898M(966M) 0.057ms
[571.541s][info][gc] GC(1254) Pause Full (Allocation Failure) 898M->703M(966M) 750.766ms
[572.007s][info][gc] GC(1255) Pause Full (Allocation Failure) 966M->27M(966M) 172.358ms
[572.846s][info][gc] GC(1256) Pause Young (Allocation Failure) 293M->281M(966M) 189.512ms
[573.359s][info][gc] GC(1257) Pause Young (Allocation Failure) 547M->427M(966M) 176.387ms
[573.519s][info][gc] GC(1258) Pause Young (Allocation Failure) 694M->694M(966M) 0.042ms
[573.992s][info][gc] GC(1259) Pause Full (Allocation Failure) 694M->491M(966M) 473.453ms
[574.156s][info][gc] GC(1260) Pause Young (Allocation Failure) 757M->757M(966M) 0.042ms
[574.675s][info][gc] GC(1261) Pause Full (Allocation Failure) 757M->557M(966M) 518.561ms
[574.825s][info][gc] GC(1262) Pause Young (Allocation Failure) 824M->824M(966M) 0.042ms
[575.389s][info][gc] GC(1263) Pause Full (Allocation Failure) 824M->626M(966M) 564.143ms
[575.541s][info][gc] GC(1264) Pause Young (Allocation Failure) 892M->892M(966M) 0.042ms
[576.296s][info][gc] GC(1265) Pause Full (Allocation Failure) 892M->682M(966M) 755.249ms
[577.253s][info][gc] GC(1266) Pause Full (Allocation Failure) 966M->749M(966M) 690.113ms
[578.173s][info][gc] GC(1267) Pause Full (Allocation Failure) 966M->232M(966M) 324.060ms
[578.833s][info][gc] GC(1268) Pause Young (Allocation Failure) 499M->443M(966M) 178.542ms
[579.007s][info][gc] GC(1269) Pause Young (Allocation Failure) 710M->710M(966M) 0.043ms
[579.544s][info][gc] GC(1270) Pause Full (Allocation Failure) 710M->500M(966M) 537.429ms
[579.697s][info][gc] GC(1271) Pause Young (Allocation Failure) 767M->767M(966M) 0.041ms
[580.350s][info][gc] GC(1272) Pause Full (Allocation Failure) 767M->536M(966M) 653.444ms
[580.509s][info][gc] GC(1273) Pause Young (Allocation Failure) 803M->803M(966M) 0.042ms
[581.094s][info][gc] GC(1274) Pause Full (Allocation Failure) 803M->604M(966M) 584.300ms
[581.250s][info][gc] GC(1275) Pause Young (Allocation Failure) 871M->871M(966M) 0.059ms
[581.897s][info][gc] GC(1276) Pause Full (Allocation Failure) 871M->675M(966M) 647.152ms
[582.896s][info][gc] GC(1277) Pause Full (Allocation Failure) 966M->744M(966M) 720.060ms
[583.632s][info][gc] GC(1278) Pause Full (Allocation Failure) 966M->145M(966M) 275.203ms
[584.454s][info][gc] GC(1279) Pause Young (Allocation Failure) 411M->398M(966M) 196.138ms
[584.777s][info][gc] GC(1280) Pause Young (Allocation Failure) 664M->462M(966M) 163.549ms
[584.930s][info][gc] GC(1281) Pause Young (Allocation Failure) 728M->728M(966M) 0.049ms
[585.432s][info][gc] GC(1282) Pause Full (Allocation Failure) 728M->525M(966M) 502.003ms
[585.594s][info][gc] GC(1283) Pause Young (Allocation Failure) 792M->792M(966M) 0.043ms
[586.148s][info][gc] GC(1284) Pause Full (Allocation Failure) 792M->594M(966M) 553.488ms
[586.313s][info][gc] GC(1285) Pause Young (Allocation Failure) 861M->861M(966M) 0.045ms
[586.973s][info][gc] GC(1286) Pause Full (Allocation Failure) 861M->657M(966M) 659.301ms
[587.148s][info][gc] GC(1287) Pause Young (Allocation Failure) 924M->924M(966M) 0.043ms
[588.213s][info][gc] GC(1288) Pause Full (Allocation Failure) 924M->712M(966M) 1065.088ms
[588.819s][info][gc] GC(1289) Pause Full (Allocation Failure) 965M->92M(966M) 225.967ms
[589.610s][info][gc] GC(1290) Pause Young (Allocation Failure) 359M->344M(966M) 178.313ms
[589.972s][info][gc] GC(1291) Pause Young (Allocation Failure) 610M->445M(966M) 158.781ms
[590.124s][info][gc] GC(1292) Pause Young (Allocation Failure) 710M->710M(966M) 0.043ms
[590.613s][info][gc] GC(1293) Pause Full (Allocation Failure) 710M->508M(966M) 489.255ms
[590.765s][info][gc] GC(1294) Pause Young (Allocation Failure) 774M->774M(966M) 0.043ms
[591.318s][info][gc] GC(1295) Pause Full (Allocation Failure) 774M->575M(966M) 553.214ms
[591.475s][info][gc] GC(1296) Pause Young (Allocation Failure) 842M->842M(966M) 0.044ms
[592.208s][info][gc] GC(1297) Pause Full (Allocation Failure) 842M->633M(966M) 732.797ms
[592.366s][info][gc] GC(1298) Pause Young (Allocation Failure) 900M->900M(966M) 0.043ms
[592.998s][info][gc] GC(1299) Pause Full (Allocation Failure) 900M->704M(966M) 632.461ms
[593.473s][info][gc] GC(1300) Pause Full (Allocation Failure) 966M->42M(966M) 182.269ms
[594.275s][info][gc] GC(1301) Pause Young (Allocation Failure) 308M->290M(966M) 179.666ms
[594.773s][info][gc] GC(1302) Pause Young (Allocation Failure) 557M->432M(966M) 173.066ms
[594.924s][info][gc] GC(1303) Pause Young (Allocation Failure) 698M->698M(966M) 0.042ms
[595.391s][info][gc] GC(1304) Pause Full (Allocation Failure) 698M->495M(966M) 466.297ms
[595.556s][info][gc] GC(1305) Pause Young (Allocation Failure) 762M->762M(966M) 0.055ms
[596.181s][info][gc] GC(1306) Pause Full (Allocation Failure) 762M->558M(966M) 625.135ms
[596.338s][info][gc] GC(1307) Pause Young (Allocation Failure) 825M->825M(966M) 0.042ms
[596.912s][info][gc] GC(1308) Pause Full (Allocation Failure) 825M->626M(966M) 574.454ms
[597.063s][info][gc] GC(1309) Pause Young (Allocation Failure) 893M->893M(966M) 0.040ms
[597.691s][info][gc] GC(1310) Pause Full (Allocation Failure) 893M->698M(966M) 628.262ms
[598.656s][info][gc] GC(1311) Pause Full (Allocation Failure) 966M->761M(966M) 695.667ms
[599.501s][info][gc] GC(1312) Pause Full (Allocation Failure) 962M->193M(966M) 314.474ms
[600.188s][info][gc] GC(1313) Pause Young (Allocation Failure) 459M->410M(966M) 171.793ms
[600.349s][info][gc] GC(1314) Pause Young (Allocation Failure) 676M->676M(966M) 0.042ms
[600.814s][info][gc] GC(1315) Pause Full (Allocation Failure) 676M->474M(966M) 465.672ms
[600.966s][info][gc] GC(1316) Pause Young (Allocation Failure) 740M->740M(966M) 0.042ms
[601.491s][info][gc] GC(1317) Pause Full (Allocation Failure) 740M->540M(966M) 524.806ms
[601.648s][info][gc] GC(1318) Pause Young (Allocation Failure) 807M->807M(966M) 0.045ms
[602.212s][info][gc] GC(1319) Pause Full (Allocation Failure) 807M->609M(966M) 564.674ms
[602.363s][info][gc] GC(1320) Pause Young (Allocation Failure) 875M->875M(966M) 0.043ms
[603.119s][info][gc] GC(1321) Pause Full (Allocation Failure) 875M->660M(966M) 755.852ms
[603.274s][info][gc] GC(1322) Pause Young (Allocation Failure) 927M->927M(966M) 0.043ms
[604.009s][info][gc] GC(1323) Pause Full (Allocation Failure) 927M->724M(966M) 734.360ms
[604.710s][info][gc] GC(1324) Pause Full (Allocation Failure) 966M->128M(966M) 264.078ms
[605.538s][info][gc] GC(1325) Pause Young (Allocation Failure) 395M->383M(966M) 195.174ms
[605.858s][info][gc] GC(1326) Pause Young (Allocation Failure) 649M->456M(966M) 158.851ms
[606.020s][info][gc] GC(1327) Pause Young (Allocation Failure) 722M->722M(966M) 0.043ms
[606.506s][info][gc] GC(1328) Pause Full (Allocation Failure) 722M->520M(966M) 486.538ms
[606.672s][info][gc] GC(1329) Pause Young (Allocation Failure) 786M->786M(966M) 0.041ms
[607.330s][info][gc] GC(1330) Pause Full (Allocation Failure) 786M->580M(966M) 658.080ms
[607.531s][info][gc] GC(1331) Pause Young (Allocation Failure) 847M->847M(966M) 0.044ms
[608.147s][info][gc] GC(1332) Pause Full (Allocation Failure) 847M->643M(966M) 615.251ms
[608.306s][info][gc] GC(1333) Pause Young (Allocation Failure) 910M->910M(966M) 0.043ms
[608.965s][info][gc] GC(1334) Pause Full (Allocation Failure) 910M->715M(966M) 659.431ms
[609.469s][info][gc] GC(1335) Pause Full (Allocation Failure) 966M->71M(966M) 209.773ms
[610.272s][info][gc] GC(1336) Pause Young (Allocation Failure) 338M->323M(966M) 175.739ms
[610.698s][info][gc] GC(1337) Pause Young (Allocation Failure) 590M->441M(966M) 171.929ms
[610.852s][info][gc] GC(1338) Pause Young (Allocation Failure) 707M->707M(966M) 0.042ms
[611.417s][info][gc] GC(1339) Pause Full (Allocation Failure) 707M->502M(966M) 565.568ms
[611.581s][info][gc] GC(1340) Pause Young (Allocation Failure) 769M->769M(966M) 0.045ms
[612.115s][info][gc] GC(1341) Pause Full (Allocation Failure) 769M->570M(966M) 533.927ms
[612.280s][info][gc] GC(1342) Pause Young (Allocation Failure) 836M->836M(966M) 0.042ms
[612.899s][info][gc] GC(1343) Pause Full (Allocation Failure) 836M->633M(966M) 618.071ms
[613.051s][info][gc] GC(1344) Pause Young (Allocation Failure) 899M->899M(966M) 0.045ms
[613.749s][info][gc] GC(1345) Pause Full (Allocation Failure) 899M->704M(966M) 698.416ms
[614.190s][info][gc] GC(1346) Pause Full (Allocation Failure) 966M->27M(966M) 171.698ms
[615.074s][info][gc] GC(1347) Pause Young (Allocation Failure) 293M->280M(966M) 189.631ms
[615.572s][info][gc] GC(1348) Pause Young (Allocation Failure) 547M->428M(966M) 173.383ms
[615.725s][info][gc] GC(1349) Pause Young (Allocation Failure) 694M->694M(966M) 0.040ms
[616.198s][info][gc] GC(1350) Pause Full (Allocation Failure) 694M->491M(966M) 472.156ms
[616.354s][info][gc] GC(1351) Pause Young (Allocation Failure) 758M->758M(966M) 0.042ms
[616.875s][info][gc] GC(1352) Pause Full (Allocation Failure) 758M->558M(966M) 520.640ms
[617.026s][info][gc] GC(1353) Pause Young (Allocation Failure) 825M->825M(966M) 0.043ms
[617.600s][info][gc] GC(1354) Pause Full (Allocation Failure) 825M->627M(966M) 573.844ms
[617.752s][info][gc] GC(1355) Pause Young (Allocation Failure) 893M->893M(966M) 0.044ms
[618.502s][info][gc] GC(1356) Pause Full (Allocation Failure) 893M->683M(966M) 749.655ms
[619.453s][info][gc] GC(1357) Pause Full (Allocation Failure) 966M->750M(966M) 686.349ms
[620.207s][info][gc] GC(1358) Pause Full (Allocation Failure) 966M->229M(966M) 314.769ms
[620.759s][info][gc] GC(1359) Pause Young (Allocation Failure) 496M->443M(966M) 169.929ms
[620.908s][info][gc] GC(1360) Pause Young (Allocation Failure) 709M->709M(966M) 0.056ms
[621.415s][info][gc] GC(1361) Pause Full (Allocation Failure) 709M->500M(966M) 506.243ms
[621.572s][info][gc] GC(1362) Pause Young (Allocation Failure) 766M->766M(966M) 0.045ms
[622.184s][info][gc] GC(1363) Pause Full (Allocation Failure) 766M->536M(966M) 612.371ms
[622.335s][info][gc] GC(1364) Pause Young (Allocation Failure) 803M->803M(966M) 0.041ms
[622.910s][info][gc] GC(1365) Pause Full (Allocation Failure) 803M->605M(966M) 575.734ms
[623.059s][info][gc] GC(1366) Pause Young (Allocation Failure) 871M->871M(966M) 0.048ms
[623.681s][info][gc] GC(1367) Pause Full (Allocation Failure) 871M->676M(966M) 622.639ms
[624.661s][info][gc] GC(1368) Pause Full (Allocation Failure) 966M->745M(966M) 699.113ms
[625.284s][info][gc] GC(1369) Pause Full (Allocation Failure) 966M->142M(966M) 266.187ms
[625.942s][info][gc] GC(1370) Pause Young (Allocation Failure) 409M->398M(966M) 180.536ms
[626.235s][info][gc] GC(1371) Pause Young (Allocation Failure) 665M->462M(966M) 143.353ms
[626.390s][info][gc] GC(1372) Pause Young (Allocation Failure) 728M->728M(966M) 0.043ms
[626.883s][info][gc] GC(1373) Pause Full (Allocation Failure) 728M->526M(966M) 493.208ms
[627.033s][info][gc] GC(1374) Pause Young (Allocation Failure) 792M->792M(966M) 0.044ms
[627.577s][info][gc] GC(1375) Pause Full (Allocation Failure) 792M->594M(966M) 544.329ms
[627.732s][info][gc] GC(1376) Pause Young (Allocation Failure) 861M->861M(966M) 0.046ms
[628.334s][info][gc] GC(1377) Pause Full (Allocation Failure) 861M->657M(966M) 601.685ms
[628.484s][info][gc] GC(1378) Pause Young (Allocation Failure) 924M->924M(966M) 0.046ms
[629.289s][info][gc] GC(1379) Pause Full (Allocation Failure) 924M->712M(966M) 805.095ms
[629.815s][info][gc] GC(1380) Pause Full (Allocation Failure) 966M->91M(966M) 221.842ms
[630.464s][info][gc] GC(1381) Pause Young (Allocation Failure) 357M->343M(966M) 178.317ms
[630.814s][info][gc] GC(1382) Pause Young (Allocation Failure) 609M->445M(966M) 157.275ms
[630.965s][info][gc] GC(1383) Pause Young (Allocation Failure) 712M->712M(966M) 0.043ms
[631.453s][info][gc] GC(1384) Pause Full (Allocation Failure) 712M->509M(966M) 488.024ms
[631.619s][info][gc] GC(1385) Pause Young (Allocation Failure) 775M->775M(966M) 0.040ms
[632.162s][info][gc] GC(1386) Pause Full (Allocation Failure) 775M->576M(966M) 543.389ms
[632.316s][info][gc] GC(1387) Pause Young (Allocation Failure) 843M->843M(966M) 0.037ms
[633.022s][info][gc] GC(1388) Pause Full (Allocation Failure) 843M->634M(966M) 706.073ms
[633.172s][info][gc] GC(1389) Pause Young (Allocation Failure) 901M->901M(966M) 0.043ms
[633.817s][info][gc] GC(1390) Pause Full (Allocation Failure) 901M->705M(966M) 645.132ms
[634.240s][info][gc] GC(1391) Pause Full (Allocation Failure) 966M->42M(966M) 181.006ms
[634.867s][info][gc] GC(1392) Pause Young (Allocation Failure) 301M->285M(966M) 168.417ms
[635.307s][info][gc] GC(1393) Pause Young (Allocation Failure) 552M->430M(966M) 171.833ms
[635.459s][info][gc] GC(1394) Pause Young (Allocation Failure) 696M->696M(966M) 0.044ms
[635.924s][info][gc] GC(1395) Pause Full (Allocation Failure) 696M->493M(966M) 464.637ms
[636.074s][info][gc] GC(1396) Pause Young (Allocation Failure) 760M->760M(966M) 0.043ms
[636.696s][info][gc] GC(1397) Pause Full (Allocation Failure) 760M->556M(966M) 621.923ms
[636.847s][info][gc] GC(1398) Pause Young (Allocation Failure) 823M->823M(966M) 0.051ms
[637.427s][info][gc] GC(1399) Pause Full (Allocation Failure) 823M->624M(966M) 579.744ms
[637.582s][info][gc] GC(1400) Pause Young (Allocation Failure) 891M->891M(966M) 0.047ms
[638.211s][info][gc] GC(1401) Pause Full (Allocation Failure) 891M->695M(966M) 629.325ms
[639.167s][info][gc] GC(1402) Pause Full (Allocation Failure) 966M->760M(966M) 700.073ms
[639.896s][info][gc] GC(1403) Pause Full (Allocation Failure) 966M->189M(966M) 305.920ms
[640.460s][info][gc] GC(1404) Pause Young (Allocation Failure) 456M->410M(966M) 168.602ms
[640.612s][info][gc] GC(1405) Pause Young (Allocation Failure) 676M->676M(966M) 0.044ms
[641.077s][info][gc] GC(1406) Pause Full (Allocation Failure) 676M->473M(966M) 465.293ms
[641.226s][info][gc] GC(1407) Pause Young (Allocation Failure) 740M->740M(966M) 0.039ms
[641.735s][info][gc] GC(1408) Pause Full (Allocation Failure) 740M->539M(966M) 509.752ms
[641.893s][info][gc] GC(1409) Pause Young (Allocation Failure) 806M->806M(966M) 0.045ms
[642.454s][info][gc] GC(1410) Pause Full (Allocation Failure) 806M->608M(966M) 561.276ms
[642.604s][info][gc] GC(1411) Pause Young (Allocation Failure) 874M->874M(966M) 0.045ms
[643.360s][info][gc] GC(1412) Pause Full (Allocation Failure) 874M->660M(966M) 755.903ms
[643.514s][info][gc] GC(1413) Pause Young (Allocation Failure) 927M->927M(966M) 0.047ms
[644.197s][info][gc] GC(1414) Pause Full (Allocation Failure) 927M->723M(966M) 683.736ms
[644.800s][info][gc] GC(1415) Pause Full (Allocation Failure) 966M->125M(966M) 251.523ms
[645.446s][info][gc] GC(1416) Pause Young (Allocation Failure) 391M->379M(966M) 176.401ms
[645.748s][info][gc] GC(1417) Pause Young (Allocation Failure) 646M->456M(966M) 150.446ms
[645.906s][info][gc] GC(1418) Pause Young (Allocation Failure) 722M->722M(966M) 0.045ms
[646.401s][info][gc] GC(1419) Pause Full (Allocation Failure) 722M->520M(966M) 494.885ms
[646.552s][info][gc] GC(1420) Pause Young (Allocation Failure) 786M->786M(966M) 0.046ms
[647.209s][info][gc] GC(1421) Pause Full (Allocation Failure) 786M->580M(966M) 656.761ms
[647.362s][info][gc] GC(1422) Pause Young (Allocation Failure) 847M->847M(966M) 0.042ms
[647.954s][info][gc] GC(1423) Pause Full (Allocation Failure) 847M->643M(966M) 592.436ms
[648.103s][info][gc] GC(1424) Pause Young (Allocation Failure) 910M->910M(966M) 0.045ms
[648.757s][info][gc] GC(1425) Pause Full (Allocation Failure) 910M->715M(966M) 653.634ms
[649.233s][info][gc] GC(1426) Pause Full (Allocation Failure) 966M->68M(966M) 204.624ms
[649.885s][info][gc] GC(1427) Pause Young (Allocation Failure) 335M->320M(966M) 176.189ms
[650.277s][info][gc] GC(1428) Pause Young (Allocation Failure) 586M->441M(966M) 163.475ms
[650.430s][info][gc] GC(1429) Pause Young (Allocation Failure) 707M->707M(966M) 0.043ms
[650.994s][info][gc] GC(1430) Pause Full (Allocation Failure) 707M->502M(966M) 563.725ms
[651.141s][info][gc] GC(1431) Pause Young (Allocation Failure) 767M->767M(966M) 0.045ms
[651.663s][info][gc] GC(1432) Pause Full (Allocation Failure) 767M->568M(966M) 522.450ms
[651.814s][info][gc] GC(1433) Pause Young (Allocation Failure) 834M->834M(966M) 0.044ms
[652.400s][info][gc] GC(1434) Pause Full (Allocation Failure) 834M->636M(966M) 585.275ms
[652.550s][info][gc] GC(1435) Pause Young (Allocation Failure) 903M->903M(966M) 0.040ms
[653.184s][info][gc] GC(1436) Pause Full (Allocation Failure) 903M->707M(966M) 634.522ms
[653.657s][info][gc] GC(1437) Pause Full (Allocation Failure) 966M->15M(966M) 157.187ms
[654.324s][info][gc] GC(1438) Pause Young (Allocation Failure) 282M->268M(966M) 173.399ms
[654.803s][info][gc] GC(1439) Pause Young (Allocation Failure) 534M->425M(966M) 185.988ms
[654.955s][info][gc] GC(1440) Pause Young (Allocation Failure) 692M->692M(966M) 0.045ms
[655.475s][info][gc] GC(1441) Pause Full (Allocation Failure) 692M->489M(966M) 519.743ms
[655.645s][info][gc] GC(1442) Pause Young (Allocation Failure) 756M->756M(966M) 0.046ms
[656.166s][info][gc] GC(1443) Pause Full (Allocation Failure) 756M->556M(966M) 521.351ms
[656.321s][info][gc] GC(1444) Pause Young (Allocation Failure) 822M->822M(966M) 0.044ms
[656.926s][info][gc] GC(1445) Pause Full (Allocation Failure) 822M->624M(966M) 605.106ms
[657.092s][info][gc] GC(1446) Pause Young (Allocation Failure) 891M->891M(966M) 0.040ms
[657.890s][info][gc] GC(1447) Pause Full (Allocation Failure) 891M->680M(966M) 797.842ms
[658.966s][info][gc] GC(1448) Pause Full (Allocation Failure) 966M->748M(966M) 790.801ms
[659.720s][info][gc] GC(1449) Pause Full (Allocation Failure) 961M->208M(966M) 312.949ms
[660.296s][info][gc] GC(1450) Pause Young (Allocation Failure) 475M->425M(966M) 167.033ms
[660.448s][info][gc] GC(1451) Pause Young (Allocation Failure) 691M->691M(966M) 0.044ms
[660.931s][info][gc] GC(1452) Pause Full (Allocation Failure) 691M->488M(966M) 482.826ms
[661.101s][info][gc] GC(1453) Pause Young (Allocation Failure) 755M->755M(966M) 0.039ms
[661.757s][info][gc] GC(1454) Pause Full (Allocation Failure) 755M->533M(966M) 656.196ms
[661.925s][info][gc] GC(1455) Pause Young (Allocation Failure) 800M->800M(966M) 0.065ms
[662.520s][info][gc] GC(1456) Pause Full (Allocation Failure) 800M->602M(966M) 595.630ms
[662.671s][info][gc] GC(1457) Pause Young (Allocation Failure) 868M->868M(966M) 0.044ms
[663.337s][info][gc] GC(1458) Pause Full (Allocation Failure) 868M->673M(966M) 665.577ms
[664.415s][info][gc] GC(1459) Pause Full (Allocation Failure) 966M->750M(966M) 731.722ms
[665.098s][info][gc] GC(1460) Pause Full (Allocation Failure) 966M->127M(966M) 259.864ms
[665.911s][info][gc] GC(1461) Pause Young (Allocation Failure) 394M->381M(966M) 185.529ms
[666.227s][info][gc] GC(1462) Pause Young (Allocation Failure) 648M->457M(966M) 152.428ms
[666.383s][info][gc] GC(1463) Pause Young (Allocation Failure) 723M->723M(966M) 0.055ms
[666.892s][info][gc] GC(1464) Pause Full (Allocation Failure) 723M->520M(966M) 508.538ms
[667.066s][info][gc] GC(1465) Pause Young (Allocation Failure) 787M->787M(966M) 0.050ms
[667.658s][info][gc] GC(1466) Pause Full (Allocation Failure) 787M->589M(966M) 591.571ms
[667.832s][info][gc] GC(1467) Pause Young (Allocation Failure) 856M->856M(966M) 0.043ms
[668.480s][info][gc] GC(1468) Pause Full (Allocation Failure) 856M->652M(966M) 647.392ms
[668.633s][info][gc] GC(1469) Pause Young (Allocation Failure) 919M->919M(966M) 0.043ms
[669.433s][info][gc] GC(1470) Pause Full (Allocation Failure) 919M->708M(966M) 799.994ms
[669.977s][info][gc] GC(1471) Pause Full (Allocation Failure) 966M->76M(966M) 211.644ms
[670.770s][info][gc] GC(1472) Pause Young (Allocation Failure) 342M->327M(966M) 185.819ms
[671.223s][info][gc] GC(1473) Pause Young (Allocation Failure) 594M->443M(966M) 190.980ms
[671.389s][info][gc] GC(1474) Pause Young (Allocation Failure) 710M->710M(966M) 0.044ms
[671.883s][info][gc] GC(1475) Pause Full (Allocation Failure) 710M->507M(966M) 493.599ms
[672.042s][info][gc] GC(1476) Pause Young (Allocation Failure) 773M->773M(966M) 0.042ms
[672.570s][info][gc] GC(1477) Pause Full (Allocation Failure) 773M->574M(966M) 528.283ms
[672.724s][info][gc] GC(1478) Pause Young (Allocation Failure) 841M->841M(966M) 0.042ms
[673.509s][info][gc] GC(1479) Pause Full (Allocation Failure) 841M->632M(966M) 784.485ms
[673.697s][info][gc] GC(1480) Pause Young (Allocation Failure) 899M->899M(966M) 0.042ms
[674.399s][info][gc] GC(1481) Pause Full (Allocation Failure) 899M->703M(966M) 701.627ms
[674.877s][info][gc] GC(1482) Pause Full (Allocation Failure) 966M->32M(966M) 177.523ms
[675.720s][info][gc] GC(1483) Pause Young (Allocation Failure) 298M->286M(966M) 215.478ms
[676.259s][info][gc] GC(1484) Pause Young (Allocation Failure) 552M->430M(966M) 187.904ms
[676.417s][info][gc] GC(1485) Pause Young (Allocation Failure) 697M->697M(966M) 0.042ms
[676.917s][info][gc] GC(1486) Pause Full (Allocation Failure) 697M->494M(966M) 499.750ms
[677.092s][info][gc] GC(1487) Pause Young (Allocation Failure) 761M->761M(966M) 0.043ms
[677.723s][info][gc] GC(1488) Pause Full (Allocation Failure) 761M->557M(966M) 630.725ms
[677.885s][info][gc] GC(1489) Pause Young (Allocation Failure) 824M->824M(966M) 0.044ms
[678.482s][info][gc] GC(1490) Pause Full (Allocation Failure) 824M->625M(966M) 597.080ms
[678.635s][info][gc] GC(1491) Pause Young (Allocation Failure) 892M->892M(966M) 0.042ms
[679.270s][info][gc] GC(1492) Pause Full (Allocation Failure) 892M->696M(966M) 634.928ms
[680.246s][info][gc] GC(1493) Pause Full (Allocation Failure) 966M->760M(966M) 713.227ms
[681.129s][info][gc] GC(1494) Pause Full (Allocation Failure) 966M->188M(966M) 306.126ms
[681.856s][info][gc] GC(1495) Pause Young (Allocation Failure) 455M->410M(966M) 206.000ms
[682.020s][info][gc] GC(1496) Pause Young (Allocation Failure) 677M->677M(966M) 0.042ms
[682.495s][info][gc] GC(1497) Pause Full (Allocation Failure) 677M->474M(966M) 475.010ms
[682.668s][info][gc] GC(1498) Pause Young (Allocation Failure) 740M->740M(966M) 0.055ms
[683.203s][info][gc] GC(1499) Pause Full (Allocation Failure) 740M->540M(966M) 534.866ms
[683.361s][info][gc] GC(1500) Pause Young (Allocation Failure) 806M->806M(966M) 0.041ms
[683.987s][info][gc] GC(1501) Pause Full (Allocation Failure) 806M->608M(966M) 626.590ms
[684.154s][info][gc] GC(1502) Pause Young (Allocation Failure) 875M->875M(966M) 0.043ms
[684.912s][info][gc] GC(1503) Pause Full (Allocation Failure) 875M->661M(966M) 758.447ms
[685.086s][info][gc] GC(1504) Pause Young (Allocation Failure) 928M->928M(966M) 0.040ms
[685.805s][info][gc] GC(1505) Pause Full (Allocation Failure) 928M->724M(966M) 719.287ms
[686.453s][info][gc] GC(1506) Pause Full (Allocation Failure) 966M->123M(966M) 253.730ms
[687.259s][info][gc] GC(1507) Pause Young (Allocation Failure) 390M->378M(966M) 192.447ms
[687.565s][info][gc] GC(1508) Pause Young (Allocation Failure) 645M->456M(966M) 151.631ms
[687.732s][info][gc] GC(1509) Pause Young (Allocation Failure) 723M->723M(966M) 0.044ms
[688.229s][info][gc] GC(1510) Pause Full (Allocation Failure) 723M->520M(966M) 496.502ms
[688.381s][info][gc] GC(1511) Pause Young (Allocation Failure) 787M->787M(966M) 0.044ms
[689.035s][info][gc] GC(1512) Pause Full (Allocation Failure) 787M->581M(966M) 653.860ms
[689.206s][info][gc] GC(1513) Pause Young (Allocation Failure) 847M->847M(966M) 0.042ms
[689.831s][info][gc] GC(1514) Pause Full (Allocation Failure) 847M->644M(966M) 625.222ms
[689.983s][info][gc] GC(1515) Pause Young (Allocation Failure) 911M->911M(966M) 0.073ms
[690.679s][info][gc] GC(1516) Pause Full (Allocation Failure) 911M->715M(966M) 695.974ms
[691.239s][info][gc] GC(1517) Pause Full (Allocation Failure) 966M->67M(966M) 206.364ms
[692.033s][info][gc] GC(1518) Pause Young (Allocation Failure) 334M->317M(966M) 174.666ms
[692.472s][info][gc] GC(1519) Pause Young (Allocation Failure) 584M->440M(966M) 173.357ms
[692.624s][info][gc] GC(1520) Pause Young (Allocation Failure) 707M->707M(966M) 0.042ms
[693.184s][info][gc] GC(1521) Pause Full (Allocation Failure) 707M->503M(966M) 559.266ms
[693.337s][info][gc] GC(1522) Pause Young (Allocation Failure) 767M->767M(966M) 0.042ms
[693.881s][info][gc] GC(1523) Pause Full (Allocation Failure) 767M->568M(966M) 543.409ms
[694.052s][info][gc] GC(1524) Pause Young (Allocation Failure) 835M->835M(966M) 0.042ms
[694.660s][info][gc] GC(1525) Pause Full (Allocation Failure) 835M->637M(966M) 608.804ms
[694.825s][info][gc] GC(1526) Pause Young (Allocation Failure) 904M->904M(966M) 0.043ms
[695.473s][info][gc] GC(1527) Pause Full (Allocation Failure) 904M->708M(966M) 647.814ms
[695.927s][info][gc] GC(1528) Pause Full (Allocation Failure) 966M->15M(966M) 163.326ms
[696.742s][info][gc] GC(1529) Pause Young (Allocation Failure) 282M->268M(966M) 182.583ms
[697.275s][info][gc] GC(1530) Pause Young (Allocation Failure) 535M->426M(966M) 172.543ms
[697.432s][info][gc] GC(1531) Pause Young (Allocation Failure) 692M->692M(966M) 0.048ms
[697.930s][info][gc] GC(1532) Pause Full (Allocation Failure) 692M->490M(966M) 497.313ms
[698.105s][info][gc] GC(1533) Pause Young (Allocation Failure) 756M->756M(966M) 0.042ms
[698.707s][info][gc] GC(1534) Pause Full (Allocation Failure) 756M->556M(966M) 601.499ms
[698.892s][info][gc] GC(1535) Pause Young (Allocation Failure) 823M->823M(966M) 0.061ms
[699.506s][info][gc] GC(1536) Pause Full (Allocation Failure) 823M->625M(966M) 614.212ms
[699.671s][info][gc] GC(1537) Pause Young (Allocation Failure) 891M->891M(966M) 0.042ms
[700.490s][info][gc] GC(1538) Pause Full (Allocation Failure) 891M->681M(966M) 818.358ms
[701.510s][info][gc] GC(1539) Pause Full (Allocation Failure) 966M->749M(966M) 729.527ms
[702.407s][info][gc] GC(1540) Pause Full (Allocation Failure) 963M->208M(966M) 326.771ms
[703.150s][info][gc] GC(1541) Pause Young (Allocation Failure) 475M->425M(966M) 211.067ms
[703.307s][info][gc] GC(1542) Pause Young (Allocation Failure) 691M->691M(966M) 0.041ms
[703.787s][info][gc] GC(1543) Pause Full (Allocation Failure) 691M->488M(966M) 479.820ms
[703.965s][info][gc] GC(1544) Pause Young (Allocation Failure) 755M->755M(966M) 0.037ms
[704.621s][info][gc] GC(1545) Pause Full (Allocation Failure) 755M->534M(966M) 656.440ms
[704.781s][info][gc] GC(1546) Pause Young (Allocation Failure) 801M->801M(966M) 0.043ms
[705.370s][info][gc] GC(1547) Pause Full (Allocation Failure) 801M->602M(966M) 588.181ms
[705.529s][info][gc] GC(1548) Pause Young (Allocation Failure) 869M->869M(966M) 0.042ms
[706.186s][info][gc] GC(1549) Pause Full (Allocation Failure) 869M->674M(966M) 657.031ms
[707.255s][info][gc] GC(1550) Pause Full (Allocation Failure) 966M->751M(966M) 740.388ms
[707.912s][info][gc] GC(1551) Pause Full (Allocation Failure) 966M->126M(966M) 271.391ms
[708.753s][info][gc] GC(1552) Pause Young (Allocation Failure) 393M->381M(966M) 192.183ms
[709.067s][info][gc] GC(1553) Pause Young (Allocation Failure) 648M->457M(966M) 155.453ms
[709.232s][info][gc] GC(1554) Pause Young (Allocation Failure) 724M->724M(966M) 0.037ms
[709.780s][info][gc] GC(1555) Pause Full (Allocation Failure) 724M->521M(966M) 548.356ms
[709.945s][info][gc] GC(1556) Pause Young (Allocation Failure) 787M->787M(966M) 0.043ms
[710.498s][info][gc] GC(1557) Pause Full (Allocation Failure) 787M->589M(966M) 552.430ms
[710.653s][info][gc] GC(1558) Pause Young (Allocation Failure) 856M->856M(966M) 0.041ms
[711.255s][info][gc] GC(1559) Pause Full (Allocation Failure) 856M->652M(966M) 602.516ms
[711.423s][info][gc] GC(1560) Pause Young (Allocation Failure) 919M->919M(966M) 0.042ms
[712.291s][info][gc] GC(1561) Pause Full (Allocation Failure) 919M->709M(966M) 868.092ms
[712.836s][info][gc] GC(1562) Pause Full (Allocation Failure) 966M->75M(966M) 217.413ms
[713.654s][info][gc] GC(1563) Pause Young (Allocation Failure) 342M->327M(966M) 186.357ms
[714.079s][info][gc] GC(1564) Pause Young (Allocation Failure) 593M->443M(966M) 174.452ms
[714.240s][info][gc] GC(1565) Pause Young (Allocation Failure) 710M->710M(966M) 0.054ms
[714.750s][info][gc] GC(1566) Pause Full (Allocation Failure) 710M->507M(966M) 509.507ms
[714.926s][info][gc] GC(1567) Pause Young (Allocation Failure) 773M->773M(966M) 0.043ms
[715.478s][info][gc] GC(1568) Pause Full (Allocation Failure) 773M->574M(966M) 551.486ms
[715.636s][info][gc] GC(1569) Pause Young (Allocation Failure) 841M->841M(966M) 0.053ms
[716.378s][info][gc] GC(1570) Pause Full (Allocation Failure) 841M->632M(966M) 742.008ms
[716.536s][info][gc] GC(1571) Pause Young (Allocation Failure) 899M->899M(966M) 0.043ms
[717.207s][info][gc] GC(1572) Pause Full (Allocation Failure) 899M->703M(966M) 671.197ms
[717.670s][info][gc] GC(1573) Pause Full (Allocation Failure) 966M->31M(966M) 172.754ms
[718.507s][info][gc] GC(1574) Pause Young (Allocation Failure) 297M->285M(966M) 197.986ms
[719.027s][info][gc] GC(1575) Pause Young (Allocation Failure) 552M->430M(966M) 179.830ms
[719.182s][info][gc] GC(1576) Pause Young (Allocation Failure) 697M->697M(966M) 0.061ms
[719.669s][info][gc] GC(1577) Pause Full (Allocation Failure) 697M->494M(966M) 486.609ms
[719.825s][info][gc] GC(1578) Pause Young (Allocation Failure) 761M->761M(966M) 0.041ms
[720.491s][info][gc] GC(1579) Pause Full (Allocation Failure) 761M->557M(966M) 665.395ms
[720.655s][info][gc] GC(1580) Pause Young (Allocation Failure) 824M->824M(966M) 0.049ms
[721.256s][info][gc] GC(1581) Pause Full (Allocation Failure) 824M->626M(966M) 601.034ms
[721.418s][info][gc] GC(1582) Pause Young (Allocation Failure) 892M->892M(966M) 0.042ms
[722.095s][info][gc] GC(1583) Pause Full (Allocation Failure) 892M->697M(966M) 676.641ms
[723.179s][info][gc] GC(1584) Pause Full (Allocation Failure) 966M->767M(966M) 750.826ms
[724.045s][info][gc] GC(1585) Pause Full (Allocation Failure) 966M->180M(966M) 311.596ms
[724.806s][info][gc] GC(1586) Pause Young (Allocation Failure) 447M->408M(966M) 204.333ms
[724.969s][info][gc] GC(1587) Pause Young (Allocation Failure) 675M->675M(966M) 0.042ms
[725.454s][info][gc] GC(1588) Pause Full (Allocation Failure) 675M->472M(966M) 484.883ms
[725.613s][info][gc] GC(1589) Pause Young (Allocation Failure) 739M->739M(966M) 0.055ms
[726.158s][info][gc] GC(1590) Pause Full (Allocation Failure) 739M->538M(966M) 544.641ms
[726.350s][info][gc] GC(1591) Pause Young (Allocation Failure) 805M->805M(966M) 0.038ms
[727.010s][info][gc] GC(1592) Pause Full (Allocation Failure) 805M->606M(966M) 659.038ms
[727.170s][info][gc] GC(1593) Pause Young (Allocation Failure) 873M->873M(966M) 0.041ms
[727.993s][info][gc] GC(1594) Pause Full (Allocation Failure) 873M->659M(966M) 822.262ms
[728.154s][info][gc] GC(1595) Pause Young (Allocation Failure) 926M->926M(966M) 0.044ms
[728.873s][info][gc] GC(1596) Pause Full (Allocation Failure) 926M->722M(966M) 719.562ms
[729.537s][info][gc] GC(1597) Pause Full (Allocation Failure) 966M->117M(966M) 250.778ms
[730.357s][info][gc] GC(1598) Pause Young (Allocation Failure) 383M->372M(966M) 184.411ms
[730.663s][info][gc] GC(1599) Pause Young (Allocation Failure) 638M->455M(966M) 151.889ms
[730.815s][info][gc] GC(1600) Pause Young (Allocation Failure) 721M->721M(966M) 0.043ms
[731.310s][info][gc] GC(1601) Pause Full (Allocation Failure) 721M->519M(966M) 495.513ms
[731.460s][info][gc] GC(1602) Pause Young (Allocation Failure) 785M->785M(966M) 0.042ms
[732.105s][info][gc] GC(1603) Pause Full (Allocation Failure) 785M->579M(966M) 644.230ms
[732.261s][info][gc] GC(1604) Pause Young (Allocation Failure) 846M->846M(966M) 0.043ms
[732.856s][info][gc] GC(1605) Pause Full (Allocation Failure) 846M->642M(966M) 595.919ms
[733.021s][info][gc] GC(1606) Pause Young (Allocation Failure) 909M->909M(966M) 0.042ms
[733.672s][info][gc] GC(1607) Pause Full (Allocation Failure) 909M->714M(966M) 650.321ms
[734.172s][info][gc] GC(1608) Pause Full (Allocation Failure) 966M->62M(966M) 199.310ms
[734.976s][info][gc] GC(1609) Pause Young (Allocation Failure) 329M->312M(966M) 185.377ms
[735.427s][info][gc] GC(1610) Pause Young (Allocation Failure) 579M->439M(966M) 168.819ms
[735.592s][info][gc] GC(1611) Pause Young (Allocation Failure) 706M->706M(966M) 0.043ms
[736.189s][info][gc] GC(1612) Pause Full (Allocation Failure) 706M->501M(966M) 596.952ms
[736.351s][info][gc] GC(1613) Pause Young (Allocation Failure) 768M->768M(966M) 0.042ms
[736.931s][info][gc] GC(1614) Pause Full (Allocation Failure) 768M->568M(966M) 579.801ms
[737.110s][info][gc] GC(1615) Pause Young (Allocation Failure) 835M->835M(966M) 0.043ms
[737.700s][info][gc] GC(1616) Pause Full (Allocation Failure) 835M->637M(966M) 590.399ms
[737.877s][info][gc] GC(1617) Pause Young (Allocation Failure) 903M->903M(966M) 0.041ms
[738.580s][info][gc] GC(1618) Pause Full (Allocation Failure) 903M->708M(966M) 703.704ms
[739.778s][info][gc] GC(1619) Pause Full (Allocation Failure) 966M->754M(966M) 918.206ms
[740.703s][info][gc] GC(1620) Pause Full (Allocation Failure) 966M->211M(966M) 341.233ms
[741.310s][info][gc] GC(1621) Pause Young (Allocation Failure) 478M->419M(966M) 170.085ms
[741.472s][info][gc] GC(1622) Pause Young (Allocation Failure) 686M->686M(966M) 0.048ms
[742.005s][info][gc] GC(1623) Pause Full (Allocation Failure) 686M->483M(966M) 532.503ms
[742.197s][info][gc] GC(1624) Pause Young (Allocation Failure) 750M->750M(966M) 0.044ms
[742.726s][info][gc] GC(1625) Pause Full (Allocation Failure) 750M->550M(966M) 529.646ms
[742.880s][info][gc] GC(1626) Pause Young (Allocation Failure) 816M->816M(966M) 0.043ms
[743.575s][info][gc] GC(1627) Pause Full (Allocation Failure) 816M->604M(966M) 694.847ms
[743.725s][info][gc] GC(1628) Pause Young (Allocation Failure) 870M->870M(966M) 0.044ms
[744.370s][info][gc] GC(1629) Pause Full (Allocation Failure) 870M->675M(966M) 644.922ms
[745.375s][info][gc] GC(1630) Pause Full (Allocation Failure) 966M->744M(966M) 725.268ms
[746.039s][info][gc] GC(1631) Pause Full (Allocation Failure) 966M->157M(966M) 285.221ms
[746.680s][info][gc] GC(1632) Pause Young (Allocation Failure) 424M->406M(966M) 180.351ms
[746.833s][info][gc] GC(1633) Pause Young (Allocation Failure) 673M->673M(966M) 0.044ms
[747.371s][info][gc] GC(1634) Pause Full (Allocation Failure) 673M->461M(966M) 537.812ms
[747.525s][info][gc] GC(1635) Pause Young (Allocation Failure) 728M->728M(966M) 0.044ms
[748.108s][info][gc] GC(1636) Pause Full (Allocation Failure) 728M->527M(966M) 583.707ms
[748.258s][info][gc] GC(1637) Pause Young (Allocation Failure) 794M->794M(966M) 0.044ms
[748.824s][info][gc] GC(1638) Pause Full (Allocation Failure) 794M->595M(966M) 565.764ms
[748.975s][info][gc] GC(1639) Pause Young (Allocation Failure) 862M->862M(966M) 0.042ms
[749.595s][info][gc] GC(1640) Pause Full (Allocation Failure) 862M->658M(966M) 620.141ms
[749.745s][info][gc] GC(1641) Pause Young (Allocation Failure) 925M->925M(966M) 0.045ms
[750.562s][info][gc] GC(1642) Pause Full (Allocation Failure) 925M->715M(966M) 817.478ms
[751.111s][info][gc] GC(1643) Pause Full (Allocation Failure) 964M->95M(966M) 230.076ms
[751.755s][info][gc] GC(1644) Pause Young (Allocation Failure) 361M->346M(966M) 175.409ms
[752.136s][info][gc] GC(1645) Pause Young (Allocation Failure) 613M->448M(966M) 164.929ms
[752.286s][info][gc] GC(1646) Pause Young (Allocation Failure) 715M->715M(966M) 0.039ms
[752.782s][info][gc] GC(1647) Pause Full (Allocation Failure) 715M->510M(966M) 495.206ms
[752.929s][info][gc] GC(1648) Pause Young (Allocation Failure) 777M->777M(966M) 0.040ms
[753.458s][info][gc] GC(1649) Pause Full (Allocation Failure) 777M->578M(966M) 528.320ms
[753.622s][info][gc] GC(1650) Pause Young (Allocation Failure) 844M->844M(966M) 0.043ms
[754.337s][info][gc] GC(1651) Pause Full (Allocation Failure) 844M->636M(966M) 715.269ms
[754.503s][info][gc] GC(1652) Pause Young (Allocation Failure) 902M->902M(966M) 0.043ms
[755.156s][info][gc] GC(1653) Pause Full (Allocation Failure) 902M->707M(966M) 652.440ms
[755.624s][info][gc] GC(1654) Pause Full (Allocation Failure) 966M->42M(966M) 181.795ms
[756.418s][info][gc] GC(1655) Pause Young (Allocation Failure) 299M->286M(966M) 178.262ms
[756.914s][info][gc] GC(1656) Pause Young (Allocation Failure) 553M->431M(966M) 174.689ms
[757.076s][info][gc] GC(1657) Pause Young (Allocation Failure) 698M->698M(966M) 0.047ms
[757.558s][info][gc] GC(1658) Pause Full (Allocation Failure) 698M->495M(966M) 482.665ms
[757.717s][info][gc] GC(1659) Pause Young (Allocation Failure) 761M->761M(966M) 0.042ms
[758.359s][info][gc] GC(1660) Pause Full (Allocation Failure) 761M->557M(966M) 641.905ms
[758.512s][info][gc] GC(1661) Pause Young (Allocation Failure) 824M->824M(966M) 0.042ms
[759.103s][info][gc] GC(1662) Pause Full (Allocation Failure) 824M->626M(966M) 591.055ms
[759.256s][info][gc] GC(1663) Pause Young (Allocation Failure) 892M->892M(966M) 0.042ms
[759.900s][info][gc] GC(1664) Pause Full (Allocation Failure) 892M->697M(966M) 644.058ms
[760.947s][info][gc] GC(1665) Pause Full (Allocation Failure) 966M->768M(966M) 721.276ms
[761.814s][info][gc] GC(1666) Pause Full (Allocation Failure) 966M->180M(966M) 338.627ms
[762.572s][info][gc] GC(1667) Pause Young (Allocation Failure) 447M->408M(966M) 196.057ms
[762.731s][info][gc] GC(1668) Pause Young (Allocation Failure) 675M->675M(966M) 0.044ms
[763.211s][info][gc] GC(1669) Pause Full (Allocation Failure) 675M->472M(966M) 479.790ms
[763.370s][info][gc] GC(1670) Pause Young (Allocation Failure) 739M->739M(966M) 0.042ms
[763.914s][info][gc] GC(1671) Pause Full (Allocation Failure) 739M->538M(966M) 543.854ms
[764.074s][info][gc] GC(1672) Pause Young (Allocation Failure) 805M->805M(966M) 0.042ms
[764.672s][info][gc] GC(1673) Pause Full (Allocation Failure) 805M->606M(966M) 598.144ms
[764.831s][info][gc] GC(1674) Pause Young (Allocation Failure) 873M->873M(966M) 0.051ms
[765.615s][info][gc] GC(1675) Pause Full (Allocation Failure) 873M->659M(966M) 783.600ms
[765.786s][info][gc] GC(1676) Pause Young (Allocation Failure) 926M->926M(966M) 0.043ms
[766.547s][info][gc] GC(1677) Pause Full (Allocation Failure) 926M->722M(966M) 760.935ms
[767.239s][info][gc] GC(1678) Pause Full (Allocation Failure) 966M->117M(966M) 286.839ms
[768.100s][info][gc] GC(1679) Pause Young (Allocation Failure) 383M->372M(966M) 232.782ms
[768.472s][info][gc] GC(1680) Pause Young (Allocation Failure) 638M->455M(966M) 183.502ms
[768.635s][info][gc] GC(1681) Pause Young (Allocation Failure) 721M->721M(966M) 0.041ms
[769.178s][info][gc] GC(1682) Pause Full (Allocation Failure) 721M->519M(966M) 543.381ms
[769.337s][info][gc] GC(1683) Pause Young (Allocation Failure) 785M->785M(966M) 0.041ms
[770.004s][info][gc] GC(1684) Pause Full (Allocation Failure) 785M->579M(966M) 667.364ms
[770.159s][info][gc] GC(1685) Pause Young (Allocation Failure) 846M->846M(966M) 0.048ms
[770.770s][info][gc] GC(1686) Pause Full (Allocation Failure) 846M->642M(966M) 611.410ms
[770.921s][info][gc] GC(1687) Pause Young (Allocation Failure) 909M->909M(966M) 0.042ms
[771.574s][info][gc] GC(1688) Pause Full (Allocation Failure) 909M->713M(966M) 653.024ms
[772.049s][info][gc] GC(1689) Pause Full (Allocation Failure) 966M->62M(966M) 204.021ms
[772.860s][info][gc] GC(1690) Pause Young (Allocation Failure) 329M->312M(966M) 187.380ms
[773.331s][info][gc] GC(1691) Pause Young (Allocation Failure) 579M->439M(966M) 174.750ms
[773.513s][info][gc] GC(1692) Pause Young (Allocation Failure) 706M->706M(966M) 0.042ms
[774.103s][info][gc] GC(1693) Pause Full (Allocation Failure) 706M->501M(966M) 590.460ms
[774.263s][info][gc] GC(1694) Pause Young (Allocation Failure) 768M->768M(966M) 0.040ms
[774.812s][info][gc] GC(1695) Pause Full (Allocation Failure) 768M->568M(966M) 549.154ms
[774.969s][info][gc] GC(1696) Pause Young (Allocation Failure) 835M->835M(966M) 0.042ms
[775.579s][info][gc] GC(1697) Pause Full (Allocation Failure) 835M->636M(966M) 609.591ms
[775.736s][info][gc] GC(1698) Pause Young (Allocation Failure) 903M->903M(966M) 0.042ms
[776.406s][info][gc] GC(1699) Pause Full (Allocation Failure) 903M->708M(966M) 670.381ms
[777.590s][info][gc] GC(1700) Pause Full (Allocation Failure) 966M->754M(966M) 890.227ms
[778.513s][info][gc] GC(1701) Pause Full (Allocation Failure) 966M->211M(966M) 331.555ms
[779.156s][info][gc] GC(1702) Pause Young (Allocation Failure) 478M->419M(966M) 170.211ms
[779.308s][info][gc] GC(1703) Pause Young (Allocation Failure) 686M->686M(966M) 0.043ms
[779.776s][info][gc] GC(1704) Pause Full (Allocation Failure) 686M->483M(966M) 467.969ms
[779.926s][info][gc] GC(1705) Pause Young (Allocation Failure) 750M->750M(966M) 0.041ms
[780.449s][info][gc] GC(1706) Pause Full (Allocation Failure) 750M->550M(966M) 523.110ms
[780.617s][info][gc] GC(1707) Pause Young (Allocation Failure) 816M->816M(966M) 0.041ms
[781.316s][info][gc] GC(1708) Pause Full (Allocation Failure) 816M->603M(966M) 698.880ms
[781.471s][info][gc] GC(1709) Pause Young (Allocation Failure) 870M->870M(966M) 0.044ms
[782.121s][info][gc] GC(1710) Pause Full (Allocation Failure) 870M->675M(966M) 649.097ms
[783.478s][info][gc] GC(1711) Pause Full (Allocation Failure) 966M->744M(966M) 745.797ms
[784.223s][info][gc] GC(1712) Pause Full (Allocation Failure) 966M->157M(966M) 277.980ms
[785.023s][info][gc] GC(1713) Pause Young (Allocation Failure) 424M->406M(966M) 181.829ms
[785.174s][info][gc] GC(1714) Pause Young (Allocation Failure) 673M->673M(966M) 0.043ms
[785.709s][info][gc] GC(1715) Pause Full (Allocation Failure) 673M->461M(966M) 534.238ms
[785.869s][info][gc] GC(1716) Pause Young (Allocation Failure) 728M->728M(966M) 0.043ms
[786.367s][info][gc] GC(1717) Pause Full (Allocation Failure) 728M->526M(966M) 498.307ms
[786.535s][info][gc] GC(1718) Pause Young (Allocation Failure) 793M->793M(966M) 0.043ms
[787.101s][info][gc] GC(1719) Pause Full (Allocation Failure) 793M->595M(966M) 566.550ms
[787.277s][info][gc] GC(1720) Pause Young (Allocation Failure) 862M->862M(966M) 0.059ms
[787.923s][info][gc] GC(1721) Pause Full (Allocation Failure) 862M->658M(966M) 645.789ms
[788.084s][info][gc] GC(1722) Pause Young (Allocation Failure) 925M->925M(966M) 0.044ms
[788.939s][info][gc] GC(1723) Pause Full (Allocation Failure) 925M->715M(966M) 854.793ms
[789.553s][info][gc] GC(1724) Pause Full (Allocation Failure) 964M->95M(966M) 237.912ms
[790.349s][info][gc] GC(1725) Pause Young (Allocation Failure) 361M->346M(966M) 187.475ms
[790.726s][info][gc] GC(1726) Pause Young (Allocation Failure) 613M->448M(966M) 167.391ms
[790.886s][info][gc] GC(1727) Pause Young (Allocation Failure) 714M->714M(966M) 0.055ms
[791.404s][info][gc] GC(1728) Pause Full (Allocation Failure) 714M->510M(966M) 518.113ms
[791.571s][info][gc] GC(1729) Pause Young (Allocation Failure) 777M->777M(966M) 0.044ms
[792.164s][info][gc] GC(1730) Pause Full (Allocation Failure) 777M->578M(966M) 592.982ms
[792.345s][info][gc] GC(1731) Pause Young (Allocation Failure) 844M->844M(966M) 0.043ms
[793.078s][info][gc] GC(1732) Pause Full (Allocation Failure) 844M->636M(966M) 732.683ms
[793.229s][info][gc] GC(1733) Pause Young (Allocation Failure) 902M->902M(966M) 0.045ms
[793.880s][info][gc] GC(1734) Pause Full (Allocation Failure) 902M->707M(966M) 651.008ms
[794.309s][info][gc] GC(1735) Pause Full (Allocation Failure) 966M->41M(966M) 180.086ms
[794.934s][info][gc] GC(1736) Pause Young (Allocation Failure) 298M->286M(966M) 169.572ms
[795.376s][info][gc] GC(1737) Pause Young (Allocation Failure) 553M->431M(966M) 169.377ms
[795.528s][info][gc] GC(1738) Pause Young (Allocation Failure) 698M->698M(966M) 0.039ms
[796.010s][info][gc] GC(1739) Pause Full (Allocation Failure) 698M->495M(966M) 482.128ms
[796.162s][info][gc] GC(1740) Pause Young (Allocation Failure) 761M->761M(966M) 0.045ms
[796.796s][info][gc] GC(1741) Pause Full (Allocation Failure) 761M->557M(966M) 633.299ms
[796.947s][info][gc] GC(1742) Pause Young (Allocation Failure) 824M->824M(966M) 0.045ms
[797.543s][info][gc] GC(1743) Pause Full (Allocation Failure) 824M->626M(966M) 595.169ms
[797.739s][info][gc] GC(1744) Pause Young (Allocation Failure) 892M->892M(966M) 0.049ms
[798.441s][info][gc] GC(1745) Pause Full (Allocation Failure) 892M->697M(966M) 702.467ms
[799.488s][info][gc] GC(1746) Pause Full (Allocation Failure) 966M->768M(966M) 739.654ms
[800.290s][info][gc] GC(1747) Pause Full (Allocation Failure) 966M->180M(966M) 309.158ms
[800.991s][info][gc] GC(1748) Pause Young (Allocation Failure) 447M->408M(966M) 192.133ms
[801.142s][info][gc] GC(1749) Pause Young (Allocation Failure) 675M->675M(966M) 0.044ms
[801.598s][info][gc] GC(1750) Pause Full (Allocation Failure) 675M->472M(966M) 456.087ms
[801.763s][info][gc] GC(1751) Pause Young (Allocation Failure) 739M->739M(966M) 0.045ms
[802.292s][info][gc] GC(1752) Pause Full (Allocation Failure) 739M->538M(966M) 528.968ms
[802.444s][info][gc] GC(1753) Pause Young (Allocation Failure) 805M->805M(966M) 0.043ms
[803.018s][info][gc] GC(1754) Pause Full (Allocation Failure) 805M->606M(966M) 573.802ms
[803.168s][info][gc] GC(1755) Pause Young (Allocation Failure) 873M->873M(966M) 0.047ms
[803.916s][info][gc] GC(1756) Pause Full (Allocation Failure) 873M->659M(966M) 748.228ms
[804.079s][info][gc] GC(1757) Pause Young (Allocation Failure) 926M->926M(966M) 0.041ms
[804.758s][info][gc] GC(1758) Pause Full (Allocation Failure) 926M->722M(966M) 678.876ms
[805.407s][info][gc] GC(1759) Pause Full (Allocation Failure) 966M->117M(966M) 253.406ms
[806.201s][info][gc] GC(1760) Pause Young (Allocation Failure) 383M->371M(966M) 189.525ms
[806.508s][info][gc] GC(1761) Pause Young (Allocation Failure) 638M->455M(966M) 151.178ms
[806.659s][info][gc] GC(1762) Pause Young (Allocation Failure) 721M->721M(966M) 0.043ms
[807.144s][info][gc] GC(1763) Pause Full (Allocation Failure) 721M->519M(966M) 485.521ms
[807.315s][info][gc] GC(1764) Pause Young (Allocation Failure) 785M->785M(966M) 0.048ms
[807.973s][info][gc] GC(1765) Pause Full (Allocation Failure) 785M->579M(966M) 658.630ms
[808.147s][info][gc] GC(1766) Pause Young (Allocation Failure) 846M->846M(966M) 0.044ms
[808.779s][info][gc] GC(1767) Pause Full (Allocation Failure) 846M->642M(966M) 631.703ms
[808.936s][info][gc] GC(1768) Pause Young (Allocation Failure) 909M->909M(966M) 0.043ms
[809.608s][info][gc] GC(1769) Pause Full (Allocation Failure) 909M->713M(966M) 672.065ms
[810.112s][info][gc] GC(1770) Pause Full (Allocation Failure) 966M->62M(966M) 199.585ms
[810.896s][info][gc] GC(1771) Pause Young (Allocation Failure) 329M->312M(966M) 172.750ms
[811.415s][info][gc] GC(1772) Pause Young (Allocation Failure) 578M->439M(966M) 203.083ms
[811.578s][info][gc] GC(1773) Pause Young (Allocation Failure) 706M->706M(966M) 0.039ms
[812.175s][info][gc] GC(1774) Pause Full (Allocation Failure) 706M->501M(966M) 596.382ms
[812.329s][info][gc] GC(1775) Pause Young (Allocation Failure) 768M->768M(966M) 0.044ms
[812.868s][info][gc] GC(1776) Pause Full (Allocation Failure) 768M->568M(966M) 538.140ms
[813.022s][info][gc] GC(1777) Pause Young (Allocation Failure) 835M->835M(966M) 0.043ms
[813.632s][info][gc] GC(1778) Pause Full (Allocation Failure) 835M->636M(966M) 609.614ms
[813.793s][info][gc] GC(1779) Pause Young (Allocation Failure) 903M->903M(966M) 0.044ms
[814.432s][info][gc] GC(1780) Pause Full (Allocation Failure) 903M->708M(966M) 639.349ms
[815.549s][info][gc] GC(1781) Pause Full (Allocation Failure) 966M->754M(966M) 838.372ms
[816.427s][info][gc] GC(1782) Pause Full (Allocation Failure) 966M->211M(966M) 325.735ms
[817.080s][info][gc] GC(1783) Pause Young (Allocation Failure) 478M->419M(966M) 169.187ms
[817.230s][info][gc] GC(1784) Pause Young (Allocation Failure) 686M->686M(966M) 0.048ms
[817.697s][info][gc] GC(1785) Pause Full (Allocation Failure) 686M->483M(966M) 467.311ms
[817.890s][info][gc] GC(1786) Pause Young (Allocation Failure) 750M->750M(966M) 0.048ms
[818.450s][info][gc] GC(1787) Pause Full (Allocation Failure) 750M->550M(966M) 559.959ms
[818.620s][info][gc] GC(1788) Pause Young (Allocation Failure) 816M->816M(966M) 0.043ms
[819.388s][info][gc] GC(1789) Pause Full (Allocation Failure) 816M->603M(966M) 767.567ms
[819.571s][info][gc] GC(1790) Pause Young (Allocation Failure) 870M->870M(966M) 0.044ms
[820.227s][info][gc] GC(1791) Pause Full (Allocation Failure) 870M->675M(966M) 656.125ms
[821.236s][info][gc] GC(1792) Pause Full (Allocation Failure) 966M->744M(966M) 710.278ms
[821.957s][info][gc] GC(1793) Pause Full (Allocation Failure) 966M->156M(966M) 276.300ms
[822.726s][info][gc] GC(1794) Pause Young (Allocation Failure) 423M->406M(966M) 177.870ms
[822.879s][info][gc] GC(1795) Pause Young (Allocation Failure) 672M->672M(966M) 0.049ms
[823.440s][info][gc] GC(1796) Pause Full (Allocation Failure) 672M->461M(966M) 560.777ms
[823.608s][info][gc] GC(1797) Pause Young (Allocation Failure) 728M->728M(966M) 0.053ms
[824.113s][info][gc] GC(1798) Pause Full (Allocation Failure) 728M->527M(966M) 505.635ms
[824.263s][info][gc] GC(1799) Pause Young (Allocation Failure) 793M->793M(966M) 0.056ms
[824.823s][info][gc] GC(1800) Pause Full (Allocation Failure) 793M->595M(966M) 559.990ms
[824.977s][info][gc] GC(1801) Pause Young (Allocation Failure) 862M->862M(966M) 0.042ms
[825.595s][info][gc] GC(1802) Pause Full (Allocation Failure) 862M->658M(966M) 617.851ms
[825.747s][info][gc] GC(1803) Pause Young (Allocation Failure) 925M->925M(966M) 0.042ms
[826.560s][info][gc] GC(1804) Pause Full (Allocation Failure) 925M->715M(966M) 813.545ms
[827.171s][info][gc] GC(1805) Pause Full (Allocation Failure) 964M->95M(966M) 227.377ms
[827.964s][info][gc] GC(1806) Pause Young (Allocation Failure) 361M->346M(966M) 171.951ms
[828.325s][info][gc] GC(1807) Pause Young (Allocation Failure) 613M->448M(966M) 158.538ms
[828.485s][info][gc] GC(1808) Pause Young (Allocation Failure) 715M->715M(966M) 0.049ms
[828.999s][info][gc] GC(1809) Pause Full (Allocation Failure) 715M->510M(966M) 514.625ms
[829.150s][info][gc] GC(1810) Pause Young (Allocation Failure) 777M->777M(966M) 0.044ms
[829.712s][info][gc] GC(1811) Pause Full (Allocation Failure) 777M->578M(966M) 561.754ms
[829.879s][info][gc] GC(1812) Pause Young (Allocation Failure) 844M->844M(966M) 0.042ms
[830.593s][info][gc] GC(1813) Pause Full (Allocation Failure) 844M->636M(966M) 713.971ms
[830.748s][info][gc] GC(1814) Pause Young (Allocation Failure) 902M->902M(966M) 0.053ms
[831.400s][info][gc] GC(1815) Pause Full (Allocation Failure) 902M->707M(966M) 651.065ms
[831.840s][info][gc] GC(1816) Pause Full (Allocation Failure) 966M->42M(966M) 181.400ms
[832.653s][info][gc] GC(1817) Pause Young (Allocation Failure) 298M->286M(966M) 196.598ms
[833.160s][info][gc] GC(1818) Pause Young (Allocation Failure) 553M->431M(966M) 175.097ms
[833.312s][info][gc] GC(1819) Pause Young (Allocation Failure) 698M->698M(966M) 0.042ms
[833.788s][info][gc] GC(1820) Pause Full (Allocation Failure) 698M->495M(966M) 476.066ms
[833.956s][info][gc] GC(1821) Pause Young (Allocation Failure) 761M->761M(966M) 0.043ms
[834.626s][info][gc] GC(1822) Pause Full (Allocation Failure) 761M->557M(966M) 669.773ms
[834.794s][info][gc] GC(1823) Pause Young (Allocation Failure) 824M->824M(966M) 0.043ms
[835.419s][info][gc] GC(1824) Pause Full (Allocation Failure) 824M->626M(966M) 624.391ms
[835.599s][info][gc] GC(1825) Pause Young (Allocation Failure) 892M->892M(966M) 0.044ms
[836.271s][info][gc] GC(1826) Pause Full (Allocation Failure) 892M->697M(966M) 672.076ms
[837.309s][info][gc] GC(1827) Pause Full (Allocation Failure) 966M->768M(966M) 709.604ms
[838.191s][info][gc] GC(1828) Pause Full (Allocation Failure) 966M->180M(966M) 308.402ms
[838.902s][info][gc] GC(1829) Pause Young (Allocation Failure) 446M->408M(966M) 177.258ms
[839.126s][info][gc] GC(1830) Pause Young (Allocation Failure) 675M->675M(966M) 0.049ms
[839.677s][info][gc] GC(1831) Pause Full (Allocation Failure) 675M->472M(966M) 550.799ms
[839.832s][info][gc] GC(1832) Pause Young (Allocation Failure) 739M->739M(966M) 0.046ms
[840.363s][info][gc] GC(1833) Pause Full (Allocation Failure) 739M->538M(966M) 530.766ms
[840.520s][info][gc] GC(1834) Pause Young (Allocation Failure) 805M->805M(966M) 0.042ms
[841.119s][info][gc] GC(1835) Pause Full (Allocation Failure) 805M->606M(966M) 598.982ms
[841.270s][info][gc] GC(1836) Pause Young (Allocation Failure) 873M->873M(966M) 0.044ms
[842.047s][info][gc] GC(1837) Pause Full (Allocation Failure) 873M->659M(966M) 776.927ms
[842.211s][info][gc] GC(1838) Pause Young (Allocation Failure) 926M->926M(966M) 0.042ms
[842.923s][info][gc] GC(1839) Pause Full (Allocation Failure) 926M->722M(966M) 711.911ms
[843.557s][info][gc] GC(1840) Pause Full (Allocation Failure) 966M->117M(966M) 250.222ms
[844.365s][info][gc] GC(1841) Pause Young (Allocation Failure) 383M->371M(966M) 186.929ms
[844.683s][info][gc] GC(1842) Pause Young (Allocation Failure) 638M->455M(966M) 161.143ms
[844.857s][info][gc] GC(1843) Pause Young (Allocation Failure) 721M->721M(966M) 0.041ms
[845.351s][info][gc] GC(1844) Pause Full (Allocation Failure) 721M->519M(966M) 493.654ms
[845.502s][info][gc] GC(1845) Pause Young (Allocation Failure) 785M->785M(966M) 0.055ms
[846.156s][info][gc] GC(1846) Pause Full (Allocation Failure) 785M->579M(966M) 654.181ms
[846.313s][info][gc] GC(1847) Pause Young (Allocation Failure) 846M->846M(966M) 0.042ms
[846.917s][info][gc] GC(1848) Pause Full (Allocation Failure) 846M->642M(966M) 603.971ms
[847.070s][info][gc] GC(1849) Pause Young (Allocation Failure) 909M->909M(966M) 0.043ms
[847.791s][info][gc] GC(1850) Pause Full (Allocation Failure) 909M->713M(966M) 721.224ms
[848.305s][info][gc] GC(1851) Pause Full (Allocation Failure) 966M->62M(966M) 199.323ms
[849.103s][info][gc] GC(1852) Pause Young (Allocation Failure) 329M->312M(966M) 178.502ms
[849.565s][info][gc] GC(1853) Pause Young (Allocation Failure) 579M->439M(966M) 177.115ms
[849.735s][info][gc] GC(1854) Pause Young (Allocation Failure) 706M->706M(966M) 0.048ms
[850.317s][info][gc] GC(1855) Pause Full (Allocation Failure) 706M->501M(966M) 581.360ms
[850.474s][info][gc] GC(1856) Pause Young (Allocation Failure) 768M->768M(966M) 0.042ms
[851.030s][info][gc] GC(1857) Pause Full (Allocation Failure) 768M->568M(966M) 556.206ms
[851.190s][info][gc] GC(1858) Pause Young (Allocation Failure) 835M->835M(966M) 0.055ms
[851.801s][info][gc] GC(1859) Pause Full (Allocation Failure) 835M->636M(966M) 610.855ms
[851.959s][info][gc] GC(1860) Pause Young (Allocation Failure) 903M->903M(966M) 0.049ms
[852.664s][info][gc] GC(1861) Pause Full (Allocation Failure) 903M->708M(966M) 704.171ms
[853.830s][info][gc] GC(1862) Pause Full (Allocation Failure) 966M->754M(966M) 877.254ms
[854.733s][info][gc] GC(1863) Pause Full (Allocation Failure) 966M->211M(966M) 339.041ms
[855.403s][info][gc] GC(1864) Pause Young (Allocation Failure) 478M->419M(966M) 179.971ms
[855.571s][info][gc] GC(1865) Pause Young (Allocation Failure) 686M->686M(966M) 0.043ms
[856.073s][info][gc] GC(1866) Pause Full (Allocation Failure) 686M->483M(966M) 501.335ms
[856.233s][info][gc] GC(1867) Pause Young (Allocation Failure) 750M->750M(966M) 0.043ms
[856.779s][info][gc] GC(1868) Pause Full (Allocation Failure) 750M->550M(966M) 545.784ms
[856.938s][info][gc] GC(1869) Pause Young (Allocation Failure) 816M->816M(966M) 0.041ms
[857.687s][info][gc] GC(1870) Pause Full (Allocation Failure) 816M->603M(966M) 748.480ms
[857.862s][info][gc] GC(1871) Pause Young (Allocation Failure) 870M->870M(966M) 0.042ms
[858.513s][info][gc] GC(1872) Pause Full (Allocation Failure) 870M->675M(966M) 651.383ms
[859.559s][info][gc] GC(1873) Pause Full (Allocation Failure) 966M->744M(966M) 756.534ms
[860.322s][info][gc] GC(1874) Pause Full (Allocation Failure) 966M->157M(966M) 288.584ms
[861.129s][info][gc] GC(1875) Pause Young (Allocation Failure) 424M->406M(966M) 192.096ms
[861.297s][info][gc] GC(1876) Pause Young (Allocation Failure) 673M->673M(966M) 0.041ms
[861.865s][info][gc] GC(1877) Pause Full (Allocation Failure) 673M->461M(966M) 567.944ms
[862.025s][info][gc] GC(1878) Pause Young (Allocation Failure) 728M->728M(966M) 0.041ms
[862.562s][info][gc] GC(1879) Pause Full (Allocation Failure) 728M->527M(966M) 536.619ms
[862.731s][info][gc] GC(1880) Pause Young (Allocation Failure) 793M->793M(966M) 0.043ms
[863.324s][info][gc] GC(1881) Pause Full (Allocation Failure) 793M->595M(966M) 592.120ms
[863.492s][info][gc] GC(1882) Pause Young (Allocation Failure) 862M->862M(966M) 0.049ms
[864.183s][info][gc] GC(1883) Pause Full (Allocation Failure) 862M->658M(966M) 690.666ms
[864.365s][info][gc] GC(1884) Pause Young (Allocation Failure) 925M->925M(966M) 0.051ms
[865.262s][info][gc] GC(1885) Pause Full (Allocation Failure) 925M->715M(966M) 896.708ms
[865.891s][info][gc] GC(1886) Pause Full (Allocation Failure) 965M->95M(966M) 242.064ms
[866.714s][info][gc] GC(1887) Pause Young (Allocation Failure) 361M->347M(966M) 204.046ms
[867.090s][info][gc] GC(1888) Pause Young (Allocation Failure) 613M->448M(966M) 167.639ms
